   1              	 .syntax unified
   2              	 .cpu cortex-m4
   3              	 .eabi_attribute 27,3
   4              	 .fpu fpv4-sp-d16
   5              	 .eabi_attribute 20,1
   6              	 .eabi_attribute 21,1
   7              	 .eabi_attribute 23,3
   8              	 .eabi_attribute 24,1
   9              	 .eabi_attribute 25,1
  10              	 .eabi_attribute 26,1
  11              	 .eabi_attribute 30,2
  12              	 .eabi_attribute 34,1
  13              	 .eabi_attribute 18,4
  14              	 .thumb
  15              	 .file "main.c"
  16              	 .text
  17              	.Ltext0:
  18              	 .cfi_sections .debug_frame
  19              	 .section .text.init_fft_window,"ax",%progbits
  20              	 .align 2
  21              	 .global init_fft_window
  22              	 .thumb
  23              	 .thumb_func
  25              	init_fft_window:
  26              	.LFB529:
  27              	 .file 1 "../main.c"
   1:../main.c     **** /**
   2:../main.c     ****     @file: main.c
   3:../main.c     **** 
   4:../main.c     ****     @brief: This application runs on demo Sense2GoL Pulse board with BGT24LTR11 and XMC4700 MCU.
   5:../main.c     ****             It consists on radar demonstration application.
   6:../main.c     **** */
   7:../main.c     **** 
   8:../main.c     **** /* ===========================================================================
   9:../main.c     **** ** Copyright (C) 2018-2021 Infineon Technologies AG
  10:../main.c     **** ** All rights reserved.
  11:../main.c     **** ** ===========================================================================
  12:../main.c     **** **
  13:../main.c     **** ** ===========================================================================
  14:../main.c     **** ** This document contains proprietary information of Infineon Technologies AG.
  15:../main.c     **** ** Passing on and copying of this document, and communication of its contents
  16:../main.c     **** ** is not permitted without Infineon's prior written authorization.
  17:../main.c     **** ** ===========================================================================
  18:../main.c     **** */
  19:../main.c     **** 
  20:../main.c     **** /*
  21:../main.c     **** ==============================================================================
  22:../main.c     ****    1. INCLUDE FILES
  23:../main.c     **** ==============================================================================
  24:../main.c     ****  */
  25:../main.c     **** 
  26:../main.c     **** #include "application.h"
  27:../main.c     **** 
  28:../main.c     **** 
  29:../main.c     **** #include "i2c_master.h"
  30:../main.c     **** #include "dsp_lib.h"
  31:../main.c     **** #include "timer.h"
  32:../main.c     **** #include <DAVE.h>
  33:../main.c     **** 
  34:../main.c     **** #define FFT_SIZE 128
  35:../main.c     **** #define DOWNSAMPLING_FACTOR 10
  36:../main.c     **** #define BACKGROUND_FRAMES 100  // Numero di frame per acquisire il background
  37:../main.c     **** #define WAIT_TIME 5000         // 5 secondi di attesa
  38:../main.c     **** 
  39:../main.c     **** // Stati del sistema
  40:../main.c     **** typedef enum {
  41:../main.c     ****     WAIT_BACKGROUND,
  42:../main.c     ****     ACQUIRE_BACKGROUND,
  43:../main.c     ****     WAIT_PERSON,
  44:../main.c     ****     MEASURE_BREATH
  45:../main.c     **** } SystemState_t;
  46:../main.c     **** 
  47:../main.c     **** static SystemState_t state = WAIT_BACKGROUND;
  48:../main.c     **** static float background_fft[FFT_SIZE / 2] = {0};
  49:../main.c     **** static int frame_count = 0;
  50:../main.c     **** 
  51:../main.c     **** 
  52:../main.c     **** /* Struttura per la finestra FFT */
  53:../main.c     **** static FFT_Window_Struct_t fft_window;
  54:../main.c     **** static float fft_window_buffer[FFT_SIZE] = {0};
  55:../main.c     **** 
  56:../main.c     **** /*
  57:../main.c     **** ==============================================================================
  58:../main.c     ****    2. MAIN METHOD
  59:../main.c     **** ==============================================================================
  60:../main.c     ****  */
  61:../main.c     **** 
  62:../main.c     **** /* Funzione per inizializzare la finestra FFT */
  63:../main.c     **** void init_fft_window() {
  28              	 .loc 1 63 0
  29              	 .cfi_startproc
  30              	 
  31              	 
  32              	 
  64:../main.c     ****     fft_window.fft_window_type = FFT_WINDOW_HANN;  // Usa la finestra di Hanning
  33              	 .loc 1 64 0
  34 0000 074B     	 ldr r3,.L3
  65:../main.c     ****     fft_window.fft_window_length = FFT_SIZE;
  66:../main.c     ****     fft_window.fft_chebyshev_at_dB = 60;  // Usato solo per la finestra Chebyshev
  35              	 .loc 1 66 0
  36 0002 084A     	 ldr r2,.L3+4
  67:../main.c     ****     fft_window.fft_window_buffer = fft_window_buffer;
  37              	 .loc 1 67 0
  38 0004 0849     	 ldr r1,.L3+8
  63:../main.c     ****     fft_window.fft_window_type = FFT_WINDOW_HANN;  // Usa la finestra di Hanning
  39              	 .loc 1 63 0
  40 0006 10B4     	 push {r4}
  41              	.LCFI0:
  42              	 .cfi_def_cfa_offset 4
  43              	 .cfi_offset 4,-4
  64:../main.c     ****     fft_window.fft_window_length = FFT_SIZE;
  44              	 .loc 1 64 0
  45 0008 0224     	 movs r4,#2
  66:../main.c     ****     fft_window.fft_window_buffer = fft_window_buffer;
  46              	 .loc 1 66 0
  47 000a 9A60     	 str r2,[r3,#8]
  64:../main.c     ****     fft_window.fft_window_length = FFT_SIZE;
  48              	 .loc 1 64 0
  49 000c 1C70     	 strb r4,[r3]
  65:../main.c     ****     fft_window.fft_chebyshev_at_dB = 60;  // Usato solo per la finestra Chebyshev
  50              	 .loc 1 65 0
  51 000e 8022     	 movs r2,#128
  68:../main.c     ****     fft_window.fft_size = FFT_SIZE_128;
  69:../main.c     **** 
  70:../main.c     ****     fft_window_gen(&fft_window); // Genera la finestra
  52              	 .loc 1 70 0
  53 0010 1846     	 mov r0,r3
  71:../main.c     **** }
  54              	 .loc 1 71 0
  55 0012 5DF8044B 	 ldr r4,[sp],#4
  56              	.LCFI1:
  57              	 .cfi_restore 4
  58              	 .cfi_def_cfa_offset 0
  67:../main.c     ****     fft_window.fft_size = FFT_SIZE_128;
  59              	 .loc 1 67 0
  60 0016 D960     	 str r1,[r3,#12]
  65:../main.c     ****     fft_window.fft_chebyshev_at_dB = 60;  // Usato solo per la finestra Chebyshev
  61              	 .loc 1 65 0
  62 0018 5A60     	 str r2,[r3,#4]
  68:../main.c     **** 
  63              	 .loc 1 68 0
  64 001a 5A80     	 strh r2,[r3,#2]
  70:../main.c     **** }
  65              	 .loc 1 70 0
  66 001c FFF7FEBF 	 b fft_window_gen
  67              	.LVL0:
  68              	.L4:
  69              	 .align 2
  70              	.L3:
  71 0020 00000000 	 .word .LANCHOR0
  72 0024 00007042 	 .word 1114636288
  73 0028 00000000 	 .word .LANCHOR1
  74              	 .cfi_endproc
  75              	.LFE529:
  77              	 .section .text.startup.main,"ax",%progbits
  78              	 .align 2
  79              	 .global main
  80              	 .thumb
  81              	 .thumb_func
  83              	main:
  84              	.LFB530:
  72:../main.c     **** 
  73:../main.c     **** 
  74:../main.c     **** TIMER_t TIMER_0;
  75:../main.c     **** 
  76:../main.c     **** int main(void)
  77:../main.c     **** {
  85              	 .loc 1 77 0
  86              	 .cfi_startproc
  87              	 
  88              	 
  89 0000 08B5     	 push {r3,lr}
  90              	.LCFI2:
  91              	 .cfi_def_cfa_offset 8
  92              	 .cfi_offset 3,-8
  93              	 .cfi_offset 14,-4
  78:../main.c     ****   DAVE_STATUS_t status;
  79:../main.c     ****   TIMER_STATUS_t timer_status;
  80:../main.c     ****   
  81:../main.c     ****   /* Initialize DAVE APPs */
  82:../main.c     ****   status = DAVE_Init();
  94              	 .loc 1 82 0
  95 0002 FFF7FEFF 	 bl DAVE_Init
  96              	.LVL1:
  83:../main.c     ****   
  84:../main.c     ****   if (status != DAVE_STATUS_SUCCESS)
  97              	 .loc 1 84 0
  98 0006 00B1     	 cbz r0,.L6
  99              	.L11:
  85:../main.c     ****   {
  86:../main.c     ****     /* Placeholder for error handler code. The while loop below can be replaced with an user error 
  87:../main.c     ****     XMC_DEBUG("DAVE APPs initialization failed\n");
  88:../main.c     ****     while (1U);
 100              	 .loc 1 88 0 discriminator 1
 101 0008 FEE7     	 b .L11
 102              	.L6:
  89:../main.c     ****   }
  90:../main.c     **** 
  91:../main.c     ****   /*Inizializzo comunicazione*/
  92:../main.c     ****   		if (USBD_VCOM_Connect() != USBD_VCOM_STATUS_SUCCESS)
 103              	 .loc 1 92 0
 104 000a FFF7FEFF 	 bl USBD_VCOM_Connect
 105              	.LVL2:
 106 000e 50B9     	 cbnz r0,.L14
  93:../main.c     ****   		{
  94:../main.c     ****   			USBD_VCOM_SendString("\r\nCollegamento fallito\r\n");
  95:../main.c     ****   			while (1U);
  96:../main.c     ****   		}
  97:../main.c     **** 
  98:../main.c     **** 
  99:../main.c     ****   /*inizializzo tempo*/
 100:../main.c     **** 
 101:../main.c     ****   if (status == DAVE_STATUS_SUCCESS){
 102:../main.c     ****   	timer_status = TIMER_Start(&TIMER_0);
 107              	 .loc 1 102 0
 108 0010 0748     	 ldr r0,.L15
 109 0012 FFF7FEFF 	 bl TIMER_Start
 110              	.LVL3:
 103:../main.c     ****   }
 104:../main.c     **** 
 105:../main.c     ****   /* Register algorithm processing function:
 106:../main.c     ****      Set the algorithm processing function pointer, it will
 107:../main.c     ****      be used by the application for algorithm data processing */
 108:../main.c     ****     app_register_algo_process(breathing_do);
 111              	 .loc 1 108 0
 112 0016 0748     	 ldr r0,.L15+4
 113 0018 FFF7FEFF 	 bl app_register_algo_process
 114              	.LVL4:
 109:../main.c     **** 
 110:../main.c     ****   /* Initialize the application */
 111:../main.c     ****   app_init();
 115              	 .loc 1 111 0
 116 001c FFF7FEFF 	 bl app_init
 117              	.LVL5:
 118              	.L10:
 112:../main.c     ****   
 113:../main.c     ****   /* Infinite loop */
 114:../main.c     ****   while (1U)
 115:../main.c     ****   {
 116:../main.c     ****     /* Main application process */
 117:../main.c     ****     app_process();
 119              	 .loc 1 117 0 discriminator 1
 120 0020 FFF7FEFF 	 bl app_process
 121              	.LVL6:
 118:../main.c     ****   }
 122              	 .loc 1 118 0 discriminator 1
 123 0024 FCE7     	 b .L10
 124              	.L14:
  94:../main.c     ****   			while (1U);
 125              	 .loc 1 94 0
 126 0026 0448     	 ldr r0,.L15+8
 127 0028 FFF7FEFF 	 bl USBD_VCOM_SendString
 128              	.LVL7:
 129              	.L9:
  95:../main.c     ****   		}
 130              	 .loc 1 95 0 discriminator 2
 131 002c FEE7     	 b .L9
 132              	.L16:
 133 002e 00BF     	 .align 2
 134              	.L15:
 135 0030 00000000 	 .word TIMER_0
 136 0034 00000000 	 .word breathing_do
 137 0038 00000000 	 .word .LC0
 138              	 .cfi_endproc
 139              	.LFE530:
 141              	 .section .text.acq_completed_cb,"ax",%progbits
 142              	 .align 2
 143              	 .global acq_completed_cb
 144              	 .thumb
 145              	 .thumb_func
 147              	acq_completed_cb:
 148              	.LFB531:
 119:../main.c     **** }
 120:../main.c     **** 
 121:../main.c     **** 
 122:../main.c     **** void acq_completed_cb(void)
 123:../main.c     **** {
 149              	 .loc 1 123 0
 150              	 .cfi_startproc
 151              	 
 152              	 
 153              	 
 154 0000 7047     	 bx lr
 155              	 .cfi_endproc
 156              	.LFE531:
 158 0002 00BF     	 .section .text.algo_completed_cb,"ax",%progbits
 159              	 .align 2
 160              	 .global algo_completed_cb
 161              	 .thumb
 162              	 .thumb_func
 164              	algo_completed_cb:
 165              	.LFB532:
 124:../main.c     ****   /*
 125:../main.c     ****   The following code shows an example of how to access raw data buffer
 126:../main.c     ****   
 127:../main.c     ****   acq_buf_obj *p_acq_buf 	= ds_get_active_acq_buf();
 128:../main.c     ****   uint8_t *raw_data 		= p_acq_buf->p_acq_buf;
 129:../main.c     ****   uint32_t raw_data_size 	= p_acq_buf->used_size_of_acq_buffer;
 130:../main.c     ****   
 131:../main.c     ****   -- Add your code here --
 132:../main.c     ****   
 133:../main.c     ****   */
 134:../main.c     **** 
 135:../main.c     **** 
 136:../main.c     **** 
 137:../main.c     **** 
 138:../main.c     **** }
 139:../main.c     **** 
 140:../main.c     **** 
 141:../main.c     **** 
 142:../main.c     **** void algo_completed_cb(void)
 143:../main.c     **** {
 166              	 .loc 1 143 0
 167              	 .cfi_startproc
 168              	 
 169              	 
 170              	 
 171 0000 7047     	 bx lr
 172              	 .cfi_endproc
 173              	.LFE532:
 175              	 .comm TIMER_0,40,4
 176 0002 00BF     	 .section .bss.fft_window,"aw",%nobits
 177              	 .align 2
 178              	 .set .LANCHOR0,.+0
 181              	fft_window:
 182 0000 00000000 	 .space 20
 182      00000000 
 182      00000000 
 182      00000000 
 182      00000000 
 183              	 .section .rodata.str1.4,"aMS",%progbits,1
 184              	 .align 2
 185              	.LC0:
 186 0000 0D0A436F 	 .ascii "\015\012Collegamento fallito\015\012\000"
 186      6C6C6567 
 186      616D656E 
 186      746F2066 
 186      616C6C69 
 187 0019 000000   	 .section .bss.fft_window_buffer,"aw",%nobits
 188              	 .align 2
 189              	 .set .LANCHOR1,.+0
 192              	fft_window_buffer:
 193 0000 00000000 	 .space 512
 193      00000000 
 193      00000000 
 193      00000000 
 193      00000000 
 194              	 .text
 195              	.Letext0:
 196              	 .file 2 "c:\\infineon\\tools\\dave ide\\4.5.0.202105191637\\eclipse\\arm-gcc-49\\lib\\gcc\\arm-none-eabi\\4.9.3\\include\\stddef.h"
 197              	 .file 3 "c:\\infineon\\tools\\dave ide\\4.5.0.202105191637\\eclipse\\arm-gcc-49\\arm-none-eabi\\include\\machine\\_default_types.h"
 198              	 .file 4 "c:\\infineon\\tools\\dave ide\\4.5.0.202105191637\\eclipse\\arm-gcc-49\\arm-none-eabi\\include\\stdint.h"
 199              	 .file 5 "C:/Users/Utente/Desktop/Tesi/Firmware_Software/DAVE project/S2GLP_Pulsed_Doppler/Libraries/CMSIS/Infineon/XMC4700_series/Include/XMC4700.h"
 200              	 .file 6 "C:/Users/Utente/Desktop/Tesi/Firmware_Software/DAVE project/S2GLP_Pulsed_Doppler/Libraries/XMCLib/inc/xmc4_scu.h"
 201              	 .file 7 "C:/Users/Utente/Desktop/Tesi/Firmware_Software/DAVE project/S2GLP_Pulsed_Doppler/Libraries/XMCLib/inc/xmc_vadc.h"
 202              	 .file 8 "C:/Users/Utente/Desktop/Tesi/Firmware_Software/DAVE project/S2GLP_Pulsed_Doppler/Dave/Generated/CMSIS_DSP/arm_math.h"
 203              	 .file 9 "C:/Users/Utente/Desktop/Tesi/Firmware_Software/DAVE project/S2GLP_Pulsed_Doppler/Libraries/XMCLib/inc/xmc_ccu4.h"
 204              	 .file 10 "C:/Users/Utente/Desktop/Tesi/Firmware_Software/DAVE project/S2GLP_Pulsed_Doppler/Dave/Generated/GLOBAL_CCU4/global_ccu4.h"
 205              	 .file 11 "C:/Users/Utente/Desktop/Tesi/Firmware_Software/DAVE project/S2GLP_Pulsed_Doppler/Dave/Generated/TIMER/timer.h"
 206              	 .file 12 "C:/Users/Utente/Desktop/Tesi/Firmware_Software/DAVE project/S2GLP_Pulsed_Doppler/Libraries/XMCLib/inc/xmc_usbd_regs.h"
 207              	 .file 13 "C:/Users/Utente/Desktop/Tesi/Firmware_Software/DAVE project/S2GLP_Pulsed_Doppler/Libraries/XMCLib/inc/xmc_usbd.h"
 208              	 .file 14 "C:/Users/Utente/Desktop/Tesi/Firmware_Software/DAVE project/S2GLP_Pulsed_Doppler/Dave/Generated/USBD/usbd.h"
 209              	 .file 15 "C:/Users/Utente/Desktop/Tesi/Firmware_Software/DAVE project/S2GLP_Pulsed_Doppler/Dave/Generated/USBD_VCOM/usbd_vcom.h"
 210              	 .file 16 "C:/Users/Utente/Desktop/Tesi/Firmware_Software/DAVE project/S2GLP_Pulsed_Doppler/Dave/Generated/DAVE.h"
 211              	 .file 17 "C:/Users/Utente/Desktop/Tesi/Firmware_Software/DAVE project/S2GLP_Pulsed_Doppler/Radar_Control/inc/acq_buffer.h"
 212              	 .file 18 "C:/Users/Utente/Desktop/Tesi/Firmware_Software/DAVE project/S2GLP_Pulsed_Doppler/Store/inc/datastore.h"
 213              	 .file 19 "C:/Users/Utente/Desktop/Tesi/Firmware_Software/DAVE project/S2GLP_Pulsed_Doppler/Radar_Control/inc/radar_control.h"
 214              	 .file 20 "C:/Users/Utente/Desktop/Tesi/Firmware_Software/DAVE project/S2GLP_Pulsed_Doppler/DSP_LIB/inc/dsp_lib.h"
 215              	 .file 21 "C:/Users/Utente/Desktop/Tesi/Firmware_Software/DAVE project/S2GLP_Pulsed_Doppler/Libraries/CMSIS/Include/core_cm4.h"
 216              	 .file 22 "C:/Users/Utente/Desktop/Tesi/Firmware_Software/DAVE project/S2GLP_Pulsed_Doppler/Libraries/CMSIS/Infineon/XMC4700_series/Include/system_XMC4700.h"
 217              	 .file 23 "C:/Users/Utente/Desktop/Tesi/Firmware_Software/DAVE project/S2GLP_Pulsed_Doppler/Dave/Generated/ADC_MEASUREMENT_ADV/adc_measurement_adv.h"
 218              	 .file 24 "C:/Users/Utente/Desktop/Tesi/Firmware_Software/DAVE project/S2GLP_Pulsed_Doppler/Dave/Generated/USBD/usbd_extern.h"
 219              	 .file 25 "C:/Users/Utente/Desktop/Tesi/Firmware_Software/DAVE project/S2GLP_Pulsed_Doppler/Application/inc/application.h"
DEFINED SYMBOLS
                            *ABS*:00000000 main.c
    {standard input}:20     .text.init_fft_window:00000000 $t
    {standard input}:25     .text.init_fft_window:00000000 init_fft_window
    {standard input}:71     .text.init_fft_window:00000020 $d
    {standard input}:78     .text.startup.main:00000000 $t
    {standard input}:83     .text.startup.main:00000000 main
    {standard input}:135    .text.startup.main:00000030 $d
                            *COM*:00000028 TIMER_0
    {standard input}:142    .text.acq_completed_cb:00000000 $t
    {standard input}:147    .text.acq_completed_cb:00000000 acq_completed_cb
    {standard input}:159    .text.algo_completed_cb:00000000 $t
    {standard input}:164    .text.algo_completed_cb:00000000 algo_completed_cb
    {standard input}:177    .bss.fft_window:00000000 $d
    {standard input}:181    .bss.fft_window:00000000 fft_window
    {standard input}:184    .rodata.str1.4:00000000 $d
    {standard input}:188    .bss.fft_window_buffer:00000000 $d
    {standard input}:192    .bss.fft_window_buffer:00000000 fft_window_buffer
                     .debug_frame:00000010 $d

UNDEFINED SYMBOLS
fft_window_gen
DAVE_Init
USBD_VCOM_Connect
TIMER_Start
app_register_algo_process
app_init
app_process
USBD_VCOM_SendString
breathing_do
