Archive member included because of file (symbol)

c:/infineon/tools/dave ide/4.5.0.202105191637/eclipse/arm-gcc-49/bin/../lib/gcc/arm-none-eabi/4.9.3/../../../../arm-none-eabi/lib/armv7e-m/softfp\libm.a(lib_a-sf_ceil.o)
                              ./Algorithms/src/doppler.o (ceilf)
c:/infineon/tools/dave ide/4.5.0.202105191637/eclipse/arm-gcc-49/bin/../lib/gcc/arm-none-eabi/4.9.3/../../../../arm-none-eabi/lib/armv7e-m/softfp\libm.a(lib_a-wf_acos.o)
                              ./DSP_LIB/src/dsp_lib.o (acosf)
c:/infineon/tools/dave ide/4.5.0.202105191637/eclipse/arm-gcc-49/bin/../lib/gcc/arm-none-eabi/4.9.3/../../../../arm-none-eabi/lib/armv7e-m/softfp\libm.a(lib_a-wf_acosh.o)
                              ./DSP_LIB/src/dsp_lib.o (acoshf)
c:/infineon/tools/dave ide/4.5.0.202105191637/eclipse/arm-gcc-49/bin/../lib/gcc/arm-none-eabi/4.9.3/../../../../arm-none-eabi/lib/armv7e-m/softfp\libm.a(lib_a-wf_cosh.o)
                              ./DSP_LIB/src/dsp_lib.o (coshf)
c:/infineon/tools/dave ide/4.5.0.202105191637/eclipse/arm-gcc-49/bin/../lib/gcc/arm-none-eabi/4.9.3/../../../../arm-none-eabi/lib/armv7e-m/softfp\libm.a(lib_a-wf_pow.o)
                              ./DSP_LIB/src/dsp_lib.o (powf)
c:/infineon/tools/dave ide/4.5.0.202105191637/eclipse/arm-gcc-49/bin/../lib/gcc/arm-none-eabi/4.9.3/../../../../arm-none-eabi/lib/armv7e-m/softfp\libm.a(lib_a-wf_sqrt.o)
                              ./Dave/Generated/CMSIS_DSP/StatisticsFunctions/arm_rms_f32.o (sqrtf)
c:/infineon/tools/dave ide/4.5.0.202105191637/eclipse/arm-gcc-49/bin/../lib/gcc/arm-none-eabi/4.9.3/../../../../arm-none-eabi/lib/armv7e-m/softfp\libm.a(lib_a-ef_acos.o)
                              c:/infineon/tools/dave ide/4.5.0.202105191637/eclipse/arm-gcc-49/bin/../lib/gcc/arm-none-eabi/4.9.3/../../../../arm-none-eabi/lib/armv7e-m/softfp\libm.a(lib_a-wf_acos.o) (__ieee754_acosf)
c:/infineon/tools/dave ide/4.5.0.202105191637/eclipse/arm-gcc-49/bin/../lib/gcc/arm-none-eabi/4.9.3/../../../../arm-none-eabi/lib/armv7e-m/softfp\libm.a(lib_a-ef_acosh.o)
                              c:/infineon/tools/dave ide/4.5.0.202105191637/eclipse/arm-gcc-49/bin/../lib/gcc/arm-none-eabi/4.9.3/../../../../arm-none-eabi/lib/armv7e-m/softfp\libm.a(lib_a-wf_acosh.o) (__ieee754_acoshf)
c:/infineon/tools/dave ide/4.5.0.202105191637/eclipse/arm-gcc-49/bin/../lib/gcc/arm-none-eabi/4.9.3/../../../../arm-none-eabi/lib/armv7e-m/softfp\libm.a(lib_a-ef_cosh.o)
                              c:/infineon/tools/dave ide/4.5.0.202105191637/eclipse/arm-gcc-49/bin/../lib/gcc/arm-none-eabi/4.9.3/../../../../arm-none-eabi/lib/armv7e-m/softfp\libm.a(lib_a-wf_cosh.o) (__ieee754_coshf)
c:/infineon/tools/dave ide/4.5.0.202105191637/eclipse/arm-gcc-49/bin/../lib/gcc/arm-none-eabi/4.9.3/../../../../arm-none-eabi/lib/armv7e-m/softfp\libm.a(lib_a-ef_exp.o)
                              c:/infineon/tools/dave ide/4.5.0.202105191637/eclipse/arm-gcc-49/bin/../lib/gcc/arm-none-eabi/4.9.3/../../../../arm-none-eabi/lib/armv7e-m/softfp\libm.a(lib_a-ef_cosh.o) (__ieee754_expf)
c:/infineon/tools/dave ide/4.5.0.202105191637/eclipse/arm-gcc-49/bin/../lib/gcc/arm-none-eabi/4.9.3/../../../../arm-none-eabi/lib/armv7e-m/softfp\libm.a(lib_a-ef_log.o)
                              c:/infineon/tools/dave ide/4.5.0.202105191637/eclipse/arm-gcc-49/bin/../lib/gcc/arm-none-eabi/4.9.3/../../../../arm-none-eabi/lib/armv7e-m/softfp\libm.a(lib_a-ef_acosh.o) (__ieee754_logf)
c:/infineon/tools/dave ide/4.5.0.202105191637/eclipse/arm-gcc-49/bin/../lib/gcc/arm-none-eabi/4.9.3/../../../../arm-none-eabi/lib/armv7e-m/softfp\libm.a(lib_a-ef_pow.o)
                              c:/infineon/tools/dave ide/4.5.0.202105191637/eclipse/arm-gcc-49/bin/../lib/gcc/arm-none-eabi/4.9.3/../../../../arm-none-eabi/lib/armv7e-m/softfp\libm.a(lib_a-wf_pow.o) (__ieee754_powf)
c:/infineon/tools/dave ide/4.5.0.202105191637/eclipse/arm-gcc-49/bin/../lib/gcc/arm-none-eabi/4.9.3/../../../../arm-none-eabi/lib/armv7e-m/softfp\libm.a(lib_a-ef_sqrt.o)
                              c:/infineon/tools/dave ide/4.5.0.202105191637/eclipse/arm-gcc-49/bin/../lib/gcc/arm-none-eabi/4.9.3/../../../../arm-none-eabi/lib/armv7e-m/softfp\libm.a(lib_a-wf_sqrt.o) (__ieee754_sqrtf)
c:/infineon/tools/dave ide/4.5.0.202105191637/eclipse/arm-gcc-49/bin/../lib/gcc/arm-none-eabi/4.9.3/../../../../arm-none-eabi/lib/armv7e-m/softfp\libm.a(lib_a-s_lib_ver.o)
                              c:/infineon/tools/dave ide/4.5.0.202105191637/eclipse/arm-gcc-49/bin/../lib/gcc/arm-none-eabi/4.9.3/../../../../arm-none-eabi/lib/armv7e-m/softfp\libm.a(lib_a-wf_acos.o) (__fdlib_version)
c:/infineon/tools/dave ide/4.5.0.202105191637/eclipse/arm-gcc-49/bin/../lib/gcc/arm-none-eabi/4.9.3/../../../../arm-none-eabi/lib/armv7e-m/softfp\libm.a(lib_a-s_matherr.o)
                              c:/infineon/tools/dave ide/4.5.0.202105191637/eclipse/arm-gcc-49/bin/../lib/gcc/arm-none-eabi/4.9.3/../../../../arm-none-eabi/lib/armv7e-m/softfp\libm.a(lib_a-wf_acos.o) (matherr)
[...]
Memory Configuration

Name             Origin             Length             Attributes
FLASH_0_cached   0x08000000         0x00010000         xr
FLASH_0_uncached 0x0c000000         0x00010000         xr
FLASH_1_cached   0x08020000         0x001e0000         xr
FLASH_1_uncached 0x0c020000         0x001e0000         xr
PSRAM_1          0x1ffe8000         0x00018000         !xr
DSRAM_1_system   0x20000000         0x00020000         !xr
DSRAM_2_comm     0x20020000         0x00020000         !xr
SRAM_combined    0x1ffe8000         0x00058000         !xr
*default*        0x00000000         0xffffffff

Linker script and memory map

LOAD ./Store/src/datastore.o
LOAD ./Store/src/datastore_data.o
LOAD ./Store/src/datastore_eep.o
LOAD ./Store/src/ds_radar_interface.o
LOAD ./Startup/startup_XMC4700.o
LOAD ./Startup/system_XMC4700.o
LOAD ./Radar_Control/src/acq_buffer.o
LOAD ./Radar_Control/src/radar_base.o
LOAD ./Radar_Control/src/radar_control.o
LOAD ./Radar_Control/src/radar_device_status.o
LOAD ./Radar_Control/src/radar_mcubase.o
LOAD ./Radar_Control/src/radar_pulse.o
LOAD ./Libraries/XMCLib/src/xmc4_eru.o
LOAD ./Libraries/XMCLib/src/xmc4_flash.o
LOAD ./Libraries/XMCLib/src/xmc4_gpio.o
LOAD ./Libraries/XMCLib/src/xmc4_rtc.o
LOAD ./Libraries/XMCLib/src/xmc4_scu.o
LOAD ./Libraries/XMCLib/src/xmc_can.o
LOAD ./Libraries/XMCLib/src/xmc_ccu4.o
LOAD ./Libraries/XMCLib/src/xmc_ccu8.o
LOAD ./Libraries/XMCLib/src/xmc_common.o
LOAD ./Libraries/XMCLib/src/xmc_dac.o
LOAD ./Libraries/XMCLib/src/xmc_dma.o
LOAD ./Libraries/XMCLib/src/xmc_dsd.o
LOAD ./Libraries/XMCLib/src/xmc_ebu.o
LOAD ./Libraries/XMCLib/src/xmc_ecat.o
LOAD ./Libraries/XMCLib/src/xmc_eru.o
LOAD ./Libraries/XMCLib/src/xmc_eth_mac.o
LOAD ./Libraries/XMCLib/src/xmc_eth_phy_dp83848.o
LOAD ./Libraries/XMCLib/src/xmc_eth_phy_ksz8031rnl.o
LOAD ./Libraries/XMCLib/src/xmc_eth_phy_ksz8081rnb.o
LOAD ./Libraries/XMCLib/src/xmc_fce.o
LOAD ./Libraries/XMCLib/src/xmc_gpio.o
LOAD ./Libraries/XMCLib/src/xmc_hrpwm.o
LOAD ./Libraries/XMCLib/src/xmc_i2c.o
LOAD ./Libraries/XMCLib/src/xmc_i2s.o
LOAD ./Libraries/XMCLib/src/xmc_ledts.o
LOAD ./Libraries/XMCLib/src/xmc_posif.o
LOAD ./Libraries/XMCLib/src/xmc_rtc.o
LOAD ./Libraries/XMCLib/src/xmc_sdmmc.o
LOAD ./Libraries/XMCLib/src/xmc_spi.o
LOAD ./Libraries/XMCLib/src/xmc_uart.o
LOAD ./Libraries/XMCLib/src/xmc_usbd.o
LOAD ./Libraries/XMCLib/src/xmc_usbh.o
LOAD ./Libraries/XMCLib/src/xmc_usic.o
LOAD ./Libraries/XMCLib/src/xmc_vadc.o
LOAD ./Libraries/XMCLib/src/xmc_wdt.o
LOAD ./Libraries/Newlib/syscalls.o
LOAD ./HostCommunication/src/EndpointRadarDeviceStatus.o
LOAD ./HostCommunication/src/EndpointRadarMcuBase.o
LOAD ./HostCommunication/src/EndpointRadars2glpulse.o
LOAD ./HostCommunication/src/Protocol.o
LOAD ./HostCommunication/src/ProtocolHelper.o
LOAD ./Dave/Generated/USBD_VCOM/virtual_com/descriptors.o
LOAD ./Dave/Generated/USBD_VCOM/class_driver/device/cdc_class_device.o
LOAD ./Dave/Generated/USBD_VCOM/usbd_vcom.o
LOAD ./Dave/Generated/USBD_VCOM/usbd_vcom_conf.o
LOAD ./Dave/Generated/USBD/usb/core/xmc4000/usbd_endpoint_stream_xmc4000.o
LOAD ./Dave/Generated/USBD/usb/core/xmc4000/usbd_endpoint_xmc4000.o
LOAD ./Dave/Generated/USBD/usb/core/usb_task.o
LOAD ./Dave/Generated/USBD/usbd.o
LOAD ./Dave/Generated/USBD/usbd_conf.o
LOAD ./Dave/Generated/TIMER/timer.o
LOAD ./Dave/Generated/TIMER/timer_conf.o
LOAD ./Dave/Generated/PWM_CCU8/pwm_ccu8.o
LOAD ./Dave/Generated/PWM_CCU8/pwm_ccu8_conf.o
LOAD ./Dave/Generated/INTERRUPT/interrupt.o
LOAD ./Dave/Generated/INTERRUPT/interrupt_conf.o
LOAD ./Dave/Generated/GLOBAL_DMA/global_dma.o
LOAD ./Dave/Generated/GLOBAL_DMA/global_dma_conf.o
LOAD ./Dave/Generated/GLOBAL_CCU8/global_ccu8.o
LOAD ./Dave/Generated/GLOBAL_CCU8/global_ccu8_conf.o
LOAD ./Dave/Generated/GLOBAL_CCU4/global_ccu4.o
LOAD ./Dave/Generated/GLOBAL_CCU4/global_ccu4_conf.o
LOAD ./Dave/Generated/GLOBAL_ADC/global_adc.o
LOAD ./Dave/Generated/GLOBAL_ADC/global_adc_conf.o
LOAD ./Dave/Generated/DMA_CH/dma_ch.o
LOAD ./Dave/Generated/DMA_CH/dma_ch_conf.o
LOAD ./Dave/Generated/DIGITAL_IO/digital_io.o
LOAD ./Dave/Generated/DIGITAL_IO/digital_io_conf.o
LOAD ./Dave/Generated/CRC_SW/crc_sw.o
LOAD ./Dave/Generated/CRC_SW/crc_sw_conf.o
LOAD ./Dave/Generated/CPU_CTRL_XMC4/cpu_ctrl_xmc4.o
LOAD ./Dave/Generated/CPU_CTRL_XMC4/cpu_ctrl_xmc4_conf.o
LOAD ./Dave/Generated/CMSIS_DSP/TransformFunctions/arm_bitreversal.o
LOAD ./Dave/Generated/CMSIS_DSP/TransformFunctions/arm_bitreversal2.o
LOAD ./Dave/Generated/CMSIS_DSP/TransformFunctions/arm_cfft_f32.o
LOAD ./Dave/Generated/CMSIS_DSP/TransformFunctions/arm_cfft_q15.o
LOAD ./Dave/Generated/CMSIS_DSP/TransformFunctions/arm_cfft_q31.o
LOAD ./Dave/Generated/CMSIS_DSP/TransformFunctions/arm_cfft_radix2_f32.o
LOAD ./Dave/Generated/CMSIS_DSP/TransformFunctions/arm_cfft_radix2_init_f32.o
LOAD ./Dave/Generated/CMSIS_DSP/TransformFunctions/arm_cfft_radix2_init_q15.o
LOAD ./Dave/Generated/CMSIS_DSP/TransformFunctions/arm_cfft_radix2_init_q31.o
LOAD ./Dave/Generated/CMSIS_DSP/TransformFunctions/arm_cfft_radix2_q15.o
LOAD ./Dave/Generated/CMSIS_DSP/TransformFunctions/arm_cfft_radix2_q31.o
LOAD ./Dave/Generated/CMSIS_DSP/TransformFunctions/arm_cfft_radix4_f32.o
LOAD ./Dave/Generated/CMSIS_DSP/TransformFunctions/arm_cfft_radix4_init_f32.o
LOAD ./Dave/Generated/CMSIS_DSP/TransformFunctions/arm_cfft_radix4_init_q15.o
LOAD ./Dave/Generated/CMSIS_DSP/TransformFunctions/arm_cfft_radix4_init_q31.o
LOAD ./Dave/Generated/CMSIS_DSP/TransformFunctions/arm_cfft_radix4_q15.o
LOAD ./Dave/Generated/CMSIS_DSP/TransformFunctions/arm_cfft_radix4_q31.o
LOAD ./Dave/Generated/CMSIS_DSP/TransformFunctions/arm_cfft_radix8_f32.o
LOAD ./Dave/Generated/CMSIS_DSP/TransformFunctions/arm_dct4_f32.o
LOAD ./Dave/Generated/CMSIS_DSP/TransformFunctions/arm_dct4_init_f32.o
LOAD ./Dave/Generated/CMSIS_DSP/TransformFunctions/arm_dct4_init_q15.o
LOAD ./Dave/Generated/CMSIS_DSP/TransformFunctions/arm_dct4_init_q31.o
LOAD ./Dave/Generated/CMSIS_DSP/TransformFunctions/arm_dct4_q15.o
LOAD ./Dave/Generated/CMSIS_DSP/TransformFunctions/arm_dct4_q31.o
LOAD ./Dave/Generated/CMSIS_DSP/TransformFunctions/arm_rfft_f32.o
LOAD ./Dave/Generated/CMSIS_DSP/TransformFunctions/arm_rfft_fast_f32.o
LOAD ./Dave/Generated/CMSIS_DSP/TransformFunctions/arm_rfft_fast_init_f32.o
LOAD ./Dave/Generated/CMSIS_DSP/TransformFunctions/arm_rfft_init_f32.o
LOAD ./Dave/Generated/CMSIS_DSP/TransformFunctions/arm_rfft_init_q15.o
LOAD ./Dave/Generated/CMSIS_DSP/TransformFunctions/arm_rfft_init_q31.o
LOAD ./Dave/Generated/CMSIS_DSP/TransformFunctions/arm_rfft_q15.o
LOAD ./Dave/Generated/CMSIS_DSP/TransformFunctions/arm_rfft_q31.o
LOAD ./Dave/Generated/CMSIS_DSP/SupportFunctions/arm_copy_f32.o
LOAD ./Dave/Generated/CMSIS_DSP/SupportFunctions/arm_copy_q15.o
LOAD ./Dave/Generated/CMSIS_DSP/SupportFunctions/arm_copy_q31.o
LOAD ./Dave/Generated/CMSIS_DSP/SupportFunctions/arm_copy_q7.o
LOAD ./Dave/Generated/CMSIS_DSP/SupportFunctions/arm_fill_f32.o
LOAD ./Dave/Generated/CMSIS_DSP/SupportFunctions/arm_fill_q15.o
LOAD ./Dave/Generated/CMSIS_DSP/SupportFunctions/arm_fill_q31.o
LOAD ./Dave/Generated/CMSIS_DSP/SupportFunctions/arm_fill_q7.o
LOAD ./Dave/Generated/CMSIS_DSP/SupportFunctions/arm_float_to_q15.o
LOAD ./Dave/Generated/CMSIS_DSP/SupportFunctions/arm_float_to_q31.o
LOAD ./Dave/Generated/CMSIS_DSP/SupportFunctions/arm_float_to_q7.o
LOAD ./Dave/Generated/CMSIS_DSP/SupportFunctions/arm_q15_to_float.o
LOAD ./Dave/Generated/CMSIS_DSP/SupportFunctions/arm_q15_to_q31.o
LOAD ./Dave/Generated/CMSIS_DSP/SupportFunctions/arm_q15_to_q7.o
LOAD ./Dave/Generated/CMSIS_DSP/SupportFunctions/arm_q31_to_float.o
LOAD ./Dave/Generated/CMSIS_DSP/SupportFunctions/arm_q31_to_q15.o
LOAD ./Dave/Generated/CMSIS_DSP/SupportFunctions/arm_q31_to_q7.o
LOAD ./Dave/Generated/CMSIS_DSP/SupportFunctions/arm_q7_to_float.o
LOAD ./Dave/Generated/CMSIS_DSP/SupportFunctions/arm_q7_to_q15.o
LOAD ./Dave/Generated/CMSIS_DSP/SupportFunctions/arm_q7_to_q31.o
LOAD ./Dave/Generated/CMSIS_DSP/StatisticsFunctions/arm_max_f32.o
LOAD ./Dave/Generated/CMSIS_DSP/StatisticsFunctions/arm_max_q15.o
LOAD ./Dave/Generated/CMSIS_DSP/StatisticsFunctions/arm_max_q31.o
LOAD ./Dave/Generated/CMSIS_DSP/StatisticsFunctions/arm_max_q7.o
LOAD ./Dave/Generated/CMSIS_DSP/StatisticsFunctions/arm_mean_f32.o
LOAD ./Dave/Generated/CMSIS_DSP/StatisticsFunctions/arm_mean_q15.o
LOAD ./Dave/Generated/CMSIS_DSP/StatisticsFunctions/arm_mean_q31.o
LOAD ./Dave/Generated/CMSIS_DSP/StatisticsFunctions/arm_mean_q7.o
LOAD ./Dave/Generated/CMSIS_DSP/StatisticsFunctions/arm_min_f32.o
LOAD ./Dave/Generated/CMSIS_DSP/StatisticsFunctions/arm_min_q15.o
LOAD ./Dave/Generated/CMSIS_DSP/StatisticsFunctions/arm_min_q31.o
LOAD ./Dave/Generated/CMSIS_DSP/StatisticsFunctions/arm_min_q7.o
LOAD ./Dave/Generated/CMSIS_DSP/StatisticsFunctions/arm_power_f32.o
LOAD ./Dave/Generated/CMSIS_DSP/StatisticsFunctions/arm_power_q15.o
LOAD ./Dave/Generated/CMSIS_DSP/StatisticsFunctions/arm_power_q31.o
LOAD ./Dave/Generated/CMSIS_DSP/StatisticsFunctions/arm_power_q7.o
LOAD ./Dave/Generated/CMSIS_DSP/StatisticsFunctions/arm_rms_f32.o
LOAD ./Dave/Generated/CMSIS_DSP/StatisticsFunctions/arm_rms_q15.o
LOAD ./Dave/Generated/CMSIS_DSP/StatisticsFunctions/arm_rms_q31.o
LOAD ./Dave/Generated/CMSIS_DSP/StatisticsFunctions/arm_std_f32.o
LOAD ./Dave/Generated/CMSIS_DSP/StatisticsFunctions/arm_std_q15.o
LOAD ./Dave/Generated/CMSIS_DSP/StatisticsFunctions/arm_std_q31.o
LOAD ./Dave/Generated/CMSIS_DSP/StatisticsFunctions/arm_var_f32.o
LOAD ./Dave/Generated/CMSIS_DSP/StatisticsFunctions/arm_var_q15.o
LOAD ./Dave/Generated/CMSIS_DSP/StatisticsFunctions/arm_var_q31.o
LOAD ./Dave/Generated/CMSIS_DSP/MatrixFunctions/arm_mat_add_f32.o
LOAD ./Dave/Generated/CMSIS_DSP/MatrixFunctions/arm_mat_add_q15.o
LOAD ./Dave/Generated/CMSIS_DSP/MatrixFunctions/arm_mat_add_q31.o
LOAD ./Dave/Generated/CMSIS_DSP/MatrixFunctions/arm_mat_cmplx_mult_f32.o
LOAD ./Dave/Generated/CMSIS_DSP/MatrixFunctions/arm_mat_cmplx_mult_q15.o
LOAD ./Dave/Generated/CMSIS_DSP/MatrixFunctions/arm_mat_cmplx_mult_q31.o
LOAD ./Dave/Generated/CMSIS_DSP/MatrixFunctions/arm_mat_init_f32.o
LOAD ./Dave/Generated/CMSIS_DSP/MatrixFunctions/arm_mat_init_q15.o
LOAD ./Dave/Generated/CMSIS_DSP/MatrixFunctions/arm_mat_init_q31.o
LOAD ./Dave/Generated/CMSIS_DSP/MatrixFunctions/arm_mat_inverse_f32.o
LOAD ./Dave/Generated/CMSIS_DSP/MatrixFunctions/arm_mat_inverse_f64.o
LOAD ./Dave/Generated/CMSIS_DSP/MatrixFunctions/arm_mat_mult_f32.o
LOAD ./Dave/Generated/CMSIS_DSP/MatrixFunctions/arm_mat_mult_fast_q15.o
LOAD ./Dave/Generated/CMSIS_DSP/MatrixFunctions/arm_mat_mult_fast_q31.o
LOAD ./Dave/Generated/CMSIS_DSP/MatrixFunctions/arm_mat_mult_q15.o
LOAD ./Dave/Generated/CMSIS_DSP/MatrixFunctions/arm_mat_mult_q31.o
LOAD ./Dave/Generated/CMSIS_DSP/MatrixFunctions/arm_mat_scale_f32.o
LOAD ./Dave/Generated/CMSIS_DSP/MatrixFunctions/arm_mat_scale_q15.o
LOAD ./Dave/Generated/CMSIS_DSP/MatrixFunctions/arm_mat_scale_q31.o
LOAD ./Dave/Generated/CMSIS_DSP/MatrixFunctions/arm_mat_sub_f32.o
LOAD ./Dave/Generated/CMSIS_DSP/MatrixFunctions/arm_mat_sub_q15.o
LOAD ./Dave/Generated/CMSIS_DSP/MatrixFunctions/arm_mat_sub_q31.o
LOAD ./Dave/Generated/CMSIS_DSP/MatrixFunctions/arm_mat_trans_f32.o
LOAD ./Dave/Generated/CMSIS_DSP/MatrixFunctions/arm_mat_trans_q15.o
LOAD ./Dave/Generated/CMSIS_DSP/MatrixFunctions/arm_mat_trans_q31.o
LOAD ./Dave/Generated/CMSIS_DSP/FilteringFunctions/arm_biquad_cascade_df1_32x64_init_q31.o
LOAD ./Dave/Generated/CMSIS_DSP/FilteringFunctions/arm_biquad_cascade_df1_32x64_q31.o
LOAD ./Dave/Generated/CMSIS_DSP/FilteringFunctions/arm_biquad_cascade_df1_f32.o
LOAD ./Dave/Generated/CMSIS_DSP/FilteringFunctions/arm_biquad_cascade_df1_fast_q15.o
LOAD ./Dave/Generated/CMSIS_DSP/FilteringFunctions/arm_biquad_cascade_df1_fast_q31.o
LOAD ./Dave/Generated/CMSIS_DSP/FilteringFunctions/arm_biquad_cascade_df1_init_f32.o
LOAD ./Dave/Generated/CMSIS_DSP/FilteringFunctions/arm_biquad_cascade_df1_init_q15.o
LOAD ./Dave/Generated/CMSIS_DSP/FilteringFunctions/arm_biquad_cascade_df1_init_q31.o
LOAD ./Dave/Generated/CMSIS_DSP/FilteringFunctions/arm_biquad_cascade_df1_q15.o
LOAD ./Dave/Generated/CMSIS_DSP/FilteringFunctions/arm_biquad_cascade_df1_q31.o
LOAD ./Dave/Generated/CMSIS_DSP/FilteringFunctions/arm_biquad_cascade_df2T_f32.o
LOAD ./Dave/Generated/CMSIS_DSP/FilteringFunctions/arm_biquad_cascade_df2T_f64.o
LOAD ./Dave/Generated/CMSIS_DSP/FilteringFunctions/arm_biquad_cascade_df2T_init_f32.o
LOAD ./Dave/Generated/CMSIS_DSP/FilteringFunctions/arm_biquad_cascade_df2T_init_f64.o
LOAD ./Dave/Generated/CMSIS_DSP/FilteringFunctions/arm_biquad_cascade_stereo_df2T_f32.o
LOAD ./Dave/Generated/CMSIS_DSP/FilteringFunctions/arm_biquad_cascade_stereo_df2T_init_f32.o
LOAD ./Dave/Generated/CMSIS_DSP/FilteringFunctions/arm_conv_f32.o
LOAD ./Dave/Generated/CMSIS_DSP/FilteringFunctions/arm_conv_fast_opt_q15.o
LOAD ./Dave/Generated/CMSIS_DSP/FilteringFunctions/arm_conv_fast_q15.o
LOAD ./Dave/Generated/CMSIS_DSP/FilteringFunctions/arm_conv_fast_q31.o
LOAD ./Dave/Generated/CMSIS_DSP/FilteringFunctions/arm_conv_opt_q15.o
LOAD ./Dave/Generated/CMSIS_DSP/FilteringFunctions/arm_conv_opt_q7.o
LOAD ./Dave/Generated/CMSIS_DSP/FilteringFunctions/arm_conv_partial_f32.o
LOAD ./Dave/Generated/CMSIS_DSP/FilteringFunctions/arm_conv_partial_fast_opt_q15.o
LOAD ./Dave/Generated/CMSIS_DSP/FilteringFunctions/arm_conv_partial_fast_q15.o
LOAD ./Dave/Generated/CMSIS_DSP/FilteringFunctions/arm_conv_partial_fast_q31.o
LOAD ./Dave/Generated/CMSIS_DSP/FilteringFunctions/arm_conv_partial_opt_q15.o
LOAD ./Dave/Generated/CMSIS_DSP/FilteringFunctions/arm_conv_partial_opt_q7.o
LOAD ./Dave/Generated/CMSIS_DSP/FilteringFunctions/arm_conv_partial_q15.o
LOAD ./Dave/Generated/CMSIS_DSP/FilteringFunctions/arm_conv_partial_q31.o
LOAD ./Dave/Generated/CMSIS_DSP/FilteringFunctions/arm_conv_partial_q7.o
LOAD ./Dave/Generated/CMSIS_DSP/FilteringFunctions/arm_conv_q15.o
LOAD ./Dave/Generated/CMSIS_DSP/FilteringFunctions/arm_conv_q31.o
LOAD ./Dave/Generated/CMSIS_DSP/FilteringFunctions/arm_conv_q7.o
LOAD ./Dave/Generated/CMSIS_DSP/FilteringFunctions/arm_correlate_f32.o
LOAD ./Dave/Generated/CMSIS_DSP/FilteringFunctions/arm_correlate_fast_opt_q15.o
LOAD ./Dave/Generated/CMSIS_DSP/FilteringFunctions/arm_correlate_fast_q15.o
LOAD ./Dave/Generated/CMSIS_DSP/FilteringFunctions/arm_correlate_fast_q31.o
LOAD ./Dave/Generated/CMSIS_DSP/FilteringFunctions/arm_correlate_opt_q15.o
LOAD ./Dave/Generated/CMSIS_DSP/FilteringFunctions/arm_correlate_opt_q7.o
LOAD ./Dave/Generated/CMSIS_DSP/FilteringFunctions/arm_correlate_q15.o
LOAD ./Dave/Generated/CMSIS_DSP/FilteringFunctions/arm_correlate_q31.o
LOAD ./Dave/Generated/CMSIS_DSP/FilteringFunctions/arm_correlate_q7.o
LOAD ./Dave/Generated/CMSIS_DSP/FilteringFunctions/arm_fir_decimate_f32.o
LOAD ./Dave/Generated/CMSIS_DSP/FilteringFunctions/arm_fir_decimate_fast_q15.o
LOAD ./Dave/Generated/CMSIS_DSP/FilteringFunctions/arm_fir_decimate_fast_q31.o
LOAD ./Dave/Generated/CMSIS_DSP/FilteringFunctions/arm_fir_decimate_init_f32.o
LOAD ./Dave/Generated/CMSIS_DSP/FilteringFunctions/arm_fir_decimate_init_q15.o
LOAD ./Dave/Generated/CMSIS_DSP/FilteringFunctions/arm_fir_decimate_init_q31.o
LOAD ./Dave/Generated/CMSIS_DSP/FilteringFunctions/arm_fir_decimate_q15.o
LOAD ./Dave/Generated/CMSIS_DSP/FilteringFunctions/arm_fir_decimate_q31.o
LOAD ./Dave/Generated/CMSIS_DSP/FilteringFunctions/arm_fir_f32.o
LOAD ./Dave/Generated/CMSIS_DSP/FilteringFunctions/arm_fir_fast_q15.o
LOAD ./Dave/Generated/CMSIS_DSP/FilteringFunctions/arm_fir_fast_q31.o
LOAD ./Dave/Generated/CMSIS_DSP/FilteringFunctions/arm_fir_init_f32.o
LOAD ./Dave/Generated/CMSIS_DSP/FilteringFunctions/arm_fir_init_q15.o
LOAD ./Dave/Generated/CMSIS_DSP/FilteringFunctions/arm_fir_init_q31.o
LOAD ./Dave/Generated/CMSIS_DSP/FilteringFunctions/arm_fir_init_q7.o
LOAD ./Dave/Generated/CMSIS_DSP/FilteringFunctions/arm_fir_interpolate_f32.o
LOAD ./Dave/Generated/CMSIS_DSP/FilteringFunctions/arm_fir_interpolate_init_f32.o
LOAD ./Dave/Generated/CMSIS_DSP/FilteringFunctions/arm_fir_interpolate_init_q15.o
LOAD ./Dave/Generated/CMSIS_DSP/FilteringFunctions/arm_fir_interpolate_init_q31.o
LOAD ./Dave/Generated/CMSIS_DSP/FilteringFunctions/arm_fir_interpolate_q15.o
LOAD ./Dave/Generated/CMSIS_DSP/FilteringFunctions/arm_fir_interpolate_q31.o
LOAD ./Dave/Generated/CMSIS_DSP/FilteringFunctions/arm_fir_lattice_f32.o
LOAD ./Dave/Generated/CMSIS_DSP/FilteringFunctions/arm_fir_lattice_init_f32.o
LOAD ./Dave/Generated/CMSIS_DSP/FilteringFunctions/arm_fir_lattice_init_q15.o
LOAD ./Dave/Generated/CMSIS_DSP/FilteringFunctions/arm_fir_lattice_init_q31.o
LOAD ./Dave/Generated/CMSIS_DSP/FilteringFunctions/arm_fir_lattice_q15.o
LOAD ./Dave/Generated/CMSIS_DSP/FilteringFunctions/arm_fir_lattice_q31.o
LOAD ./Dave/Generated/CMSIS_DSP/FilteringFunctions/arm_fir_q15.o
LOAD ./Dave/Generated/CMSIS_DSP/FilteringFunctions/arm_fir_q31.o
LOAD ./Dave/Generated/CMSIS_DSP/FilteringFunctions/arm_fir_q7.o
LOAD ./Dave/Generated/CMSIS_DSP/FilteringFunctions/arm_fir_sparse_f32.o
LOAD ./Dave/Generated/CMSIS_DSP/FilteringFunctions/arm_fir_sparse_init_f32.o
LOAD ./Dave/Generated/CMSIS_DSP/FilteringFunctions/arm_fir_sparse_init_q15.o
LOAD ./Dave/Generated/CMSIS_DSP/FilteringFunctions/arm_fir_sparse_init_q31.o
LOAD ./Dave/Generated/CMSIS_DSP/FilteringFunctions/arm_fir_sparse_init_q7.o
LOAD ./Dave/Generated/CMSIS_DSP/FilteringFunctions/arm_fir_sparse_q15.o
LOAD ./Dave/Generated/CMSIS_DSP/FilteringFunctions/arm_fir_sparse_q31.o
LOAD ./Dave/Generated/CMSIS_DSP/FilteringFunctions/arm_fir_sparse_q7.o
LOAD ./Dave/Generated/CMSIS_DSP/FilteringFunctions/arm_iir_lattice_f32.o
LOAD ./Dave/Generated/CMSIS_DSP/FilteringFunctions/arm_iir_lattice_init_f32.o
LOAD ./Dave/Generated/CMSIS_DSP/FilteringFunctions/arm_iir_lattice_init_q15.o
LOAD ./Dave/Generated/CMSIS_DSP/FilteringFunctions/arm_iir_lattice_init_q31.o
LOAD ./Dave/Generated/CMSIS_DSP/FilteringFunctions/arm_iir_lattice_q15.o
LOAD ./Dave/Generated/CMSIS_DSP/FilteringFunctions/arm_iir_lattice_q31.o
LOAD ./Dave/Generated/CMSIS_DSP/FilteringFunctions/arm_lms_f32.o
LOAD ./Dave/Generated/CMSIS_DSP/FilteringFunctions/arm_lms_init_f32.o
LOAD ./Dave/Generated/CMSIS_DSP/FilteringFunctions/arm_lms_init_q15.o
LOAD ./Dave/Generated/CMSIS_DSP/FilteringFunctions/arm_lms_init_q31.o
LOAD ./Dave/Generated/CMSIS_DSP/FilteringFunctions/arm_lms_norm_f32.o
LOAD ./Dave/Generated/CMSIS_DSP/FilteringFunctions/arm_lms_norm_init_f32.o
LOAD ./Dave/Generated/CMSIS_DSP/FilteringFunctions/arm_lms_norm_init_q15.o
LOAD ./Dave/Generated/CMSIS_DSP/FilteringFunctions/arm_lms_norm_init_q31.o
LOAD ./Dave/Generated/CMSIS_DSP/FilteringFunctions/arm_lms_norm_q15.o
LOAD ./Dave/Generated/CMSIS_DSP/FilteringFunctions/arm_lms_norm_q31.o
LOAD ./Dave/Generated/CMSIS_DSP/FilteringFunctions/arm_lms_q15.o
LOAD ./Dave/Generated/CMSIS_DSP/FilteringFunctions/arm_lms_q31.o
LOAD ./Dave/Generated/CMSIS_DSP/FastMathFunctions/arm_cos_f32.o
LOAD ./Dave/Generated/CMSIS_DSP/FastMathFunctions/arm_cos_q15.o
LOAD ./Dave/Generated/CMSIS_DSP/FastMathFunctions/arm_cos_q31.o
LOAD ./Dave/Generated/CMSIS_DSP/FastMathFunctions/arm_sin_f32.o
LOAD ./Dave/Generated/CMSIS_DSP/FastMathFunctions/arm_sin_q15.o
LOAD ./Dave/Generated/CMSIS_DSP/FastMathFunctions/arm_sin_q31.o
LOAD ./Dave/Generated/CMSIS_DSP/FastMathFunctions/arm_sqrt_q15.o
LOAD ./Dave/Generated/CMSIS_DSP/FastMathFunctions/arm_sqrt_q31.o
LOAD ./Dave/Generated/CMSIS_DSP/ControllerFunctions/arm_pid_init_f32.o
LOAD ./Dave/Generated/CMSIS_DSP/ControllerFunctions/arm_pid_init_q15.o
LOAD ./Dave/Generated/CMSIS_DSP/ControllerFunctions/arm_pid_init_q31.o
LOAD ./Dave/Generated/CMSIS_DSP/ControllerFunctions/arm_pid_reset_f32.o
LOAD ./Dave/Generated/CMSIS_DSP/ControllerFunctions/arm_pid_reset_q15.o
LOAD ./Dave/Generated/CMSIS_DSP/ControllerFunctions/arm_pid_reset_q31.o
LOAD ./Dave/Generated/CMSIS_DSP/ControllerFunctions/arm_sin_cos_f32.o
LOAD ./Dave/Generated/CMSIS_DSP/ControllerFunctions/arm_sin_cos_q31.o
LOAD ./Dave/Generated/CMSIS_DSP/ComplexMathFunctions/arm_cmplx_conj_f32.o
LOAD ./Dave/Generated/CMSIS_DSP/ComplexMathFunctions/arm_cmplx_conj_q15.o
LOAD ./Dave/Generated/CMSIS_DSP/ComplexMathFunctions/arm_cmplx_conj_q31.o
LOAD ./Dave/Generated/CMSIS_DSP/ComplexMathFunctions/arm_cmplx_dot_prod_f32.o
LOAD ./Dave/Generated/CMSIS_DSP/ComplexMathFunctions/arm_cmplx_dot_prod_q15.o
LOAD ./Dave/Generated/CMSIS_DSP/ComplexMathFunctions/arm_cmplx_dot_prod_q31.o
LOAD ./Dave/Generated/CMSIS_DSP/ComplexMathFunctions/arm_cmplx_mag_f32.o
LOAD ./Dave/Generated/CMSIS_DSP/ComplexMathFunctions/arm_cmplx_mag_q15.o
LOAD ./Dave/Generated/CMSIS_DSP/ComplexMathFunctions/arm_cmplx_mag_q31.o
LOAD ./Dave/Generated/CMSIS_DSP/ComplexMathFunctions/arm_cmplx_mag_squared_f32.o
LOAD ./Dave/Generated/CMSIS_DSP/ComplexMathFunctions/arm_cmplx_mag_squared_q15.o
LOAD ./Dave/Generated/CMSIS_DSP/ComplexMathFunctions/arm_cmplx_mag_squared_q31.o
LOAD ./Dave/Generated/CMSIS_DSP/ComplexMathFunctions/arm_cmplx_mult_cmplx_f32.o
LOAD ./Dave/Generated/CMSIS_DSP/ComplexMathFunctions/arm_cmplx_mult_cmplx_q15.o
LOAD ./Dave/Generated/CMSIS_DSP/ComplexMathFunctions/arm_cmplx_mult_cmplx_q31.o
LOAD ./Dave/Generated/CMSIS_DSP/ComplexMathFunctions/arm_cmplx_mult_real_f32.o
LOAD ./Dave/Generated/CMSIS_DSP/ComplexMathFunctions/arm_cmplx_mult_real_q15.o
LOAD ./Dave/Generated/CMSIS_DSP/ComplexMathFunctions/arm_cmplx_mult_real_q31.o
LOAD ./Dave/Generated/CMSIS_DSP/CommonTables/arm_common_tables.o
LOAD ./Dave/Generated/CMSIS_DSP/CommonTables/arm_const_structs.o
LOAD ./Dave/Generated/CMSIS_DSP/BasicMathFunctions/arm_abs_f32.o
LOAD ./Dave/Generated/CMSIS_DSP/BasicMathFunctions/arm_abs_q15.o
LOAD ./Dave/Generated/CMSIS_DSP/BasicMathFunctions/arm_abs_q31.o
LOAD ./Dave/Generated/CMSIS_DSP/BasicMathFunctions/arm_abs_q7.o
LOAD ./Dave/Generated/CMSIS_DSP/BasicMathFunctions/arm_add_f32.o
LOAD ./Dave/Generated/CMSIS_DSP/BasicMathFunctions/arm_add_q15.o
LOAD ./Dave/Generated/CMSIS_DSP/BasicMathFunctions/arm_add_q31.o
LOAD ./Dave/Generated/CMSIS_DSP/BasicMathFunctions/arm_add_q7.o
LOAD ./Dave/Generated/CMSIS_DSP/BasicMathFunctions/arm_dot_prod_f32.o
LOAD ./Dave/Generated/CMSIS_DSP/BasicMathFunctions/arm_dot_prod_q15.o
LOAD ./Dave/Generated/CMSIS_DSP/BasicMathFunctions/arm_dot_prod_q31.o
LOAD ./Dave/Generated/CMSIS_DSP/BasicMathFunctions/arm_dot_prod_q7.o
LOAD ./Dave/Generated/CMSIS_DSP/BasicMathFunctions/arm_mult_f32.o
LOAD ./Dave/Generated/CMSIS_DSP/BasicMathFunctions/arm_mult_q15.o
LOAD ./Dave/Generated/CMSIS_DSP/BasicMathFunctions/arm_mult_q31.o
LOAD ./Dave/Generated/CMSIS_DSP/BasicMathFunctions/arm_mult_q7.o
LOAD ./Dave/Generated/CMSIS_DSP/BasicMathFunctions/arm_negate_f32.o
LOAD ./Dave/Generated/CMSIS_DSP/BasicMathFunctions/arm_negate_q15.o
LOAD ./Dave/Generated/CMSIS_DSP/BasicMathFunctions/arm_negate_q31.o
LOAD ./Dave/Generated/CMSIS_DSP/BasicMathFunctions/arm_negate_q7.o
LOAD ./Dave/Generated/CMSIS_DSP/BasicMathFunctions/arm_offset_f32.o
LOAD ./Dave/Generated/CMSIS_DSP/BasicMathFunctions/arm_offset_q15.o
LOAD ./Dave/Generated/CMSIS_DSP/BasicMathFunctions/arm_offset_q31.o
LOAD ./Dave/Generated/CMSIS_DSP/BasicMathFunctions/arm_offset_q7.o
LOAD ./Dave/Generated/CMSIS_DSP/BasicMathFunctions/arm_scale_f32.o
LOAD ./Dave/Generated/CMSIS_DSP/BasicMathFunctions/arm_scale_q15.o
LOAD ./Dave/Generated/CMSIS_DSP/BasicMathFunctions/arm_scale_q31.o
LOAD ./Dave/Generated/CMSIS_DSP/BasicMathFunctions/arm_scale_q7.o
LOAD ./Dave/Generated/CMSIS_DSP/BasicMathFunctions/arm_shift_q15.o
LOAD ./Dave/Generated/CMSIS_DSP/BasicMathFunctions/arm_shift_q31.o
LOAD ./Dave/Generated/CMSIS_DSP/BasicMathFunctions/arm_shift_q7.o
LOAD ./Dave/Generated/CMSIS_DSP/BasicMathFunctions/arm_sub_f32.o
LOAD ./Dave/Generated/CMSIS_DSP/BasicMathFunctions/arm_sub_q15.o
LOAD ./Dave/Generated/CMSIS_DSP/BasicMathFunctions/arm_sub_q31.o
LOAD ./Dave/Generated/CMSIS_DSP/BasicMathFunctions/arm_sub_q7.o
LOAD ./Dave/Generated/CMSIS_DSP/cmsis_dsp.o
LOAD ./Dave/Generated/CLOCK_XMC4/clock_xmc4.o
LOAD ./Dave/Generated/CLOCK_XMC4/clock_xmc4_conf.o
LOAD ./Dave/Generated/ADC_MEASUREMENT_ADV/adc_measurement_adv.o
LOAD ./Dave/Generated/ADC_MEASUREMENT_ADV/adc_measurement_adv_conf.o
LOAD ./Dave/Generated/DAVE.o
LOAD ./DSP_LIB/src/dsp_lib.o
LOAD ./BSP/radar_mcu4/src/radar_mcu4_bsp.o
LOAD ./BSP/radar_mcu4/src/stream_interface_usb.o
LOAD ./BSP/dave_fixes/I2C_MASTER/i2c_master.o
LOAD ./BSP/dave_fixes/I2C_MASTER/i2c_master_conf.o
LOAD ./BSP/Sense2GoLPulse/src/sense2gol_bsp.o
LOAD ./BSP/Sense2GoLPulse/src/sense2gol_usb.o
LOAD ./Application/src/application.o
LOAD ./Algorithms/src/doppler.o
LOAD ./main.o
LOAD c:/infineon/tools/dave ide/4.5.0.202105191637/eclipse/arm-gcc-49/bin/../lib/gcc/arm-none-eabi/4.9.3/../../../../arm-none-eabi/lib/armv7e-m/softfp\libm.a
START GROUP
LOAD c:/infineon/tools/dave ide/4.5.0.202105191637/eclipse/arm-gcc-49/bin/../lib/gcc/arm-none-eabi/4.9.3/armv7e-m/softfp\libgcc.a
LOAD c:/infineon/tools/dave ide/4.5.0.202105191637/eclipse/arm-gcc-49/bin/../lib/gcc/arm-none-eabi/4.9.3/../../../../arm-none-eabi/lib/armv7e-m/softfp\libg_nano.a
LOAD c:/infineon/tools/dave ide/4.5.0.202105191637/eclipse/arm-gcc-49/bin/../lib/gcc/arm-none-eabi/4.9.3/../../../../arm-none-eabi/lib/armv7e-m/softfp\libc_nano.a
END GROUP
START GROUP
LOAD c:/infineon/tools/dave ide/4.5.0.202105191637/eclipse/arm-gcc-49/bin/../lib/gcc/arm-none-eabi/4.9.3/armv7e-m/softfp\libgcc.a
LOAD c:/infineon/tools/dave ide/4.5.0.202105191637/eclipse/arm-gcc-49/bin/../lib/gcc/arm-none-eabi/4.9.3/../../../../arm-none-eabi/lib/armv7e-m/softfp\libc_nano.a
LOAD c:/infineon/tools/dave ide/4.5.0.202105191637/eclipse/arm-gcc-49/bin/../lib/gcc/arm-none-eabi/4.9.3/../../../../arm-none-eabi/lib/armv7e-m/softfp\librdimon_nano.a
LOAD c:/infineon/tools/dave ide/4.5.0.202105191637/eclipse/arm-gcc-49/bin/../lib/gcc/arm-none-eabi/4.9.3/../../../../arm-none-eabi/lib/armv7e-m/softfp\libnosys.a
END GROUP
START GROUP
LOAD c:/infineon/tools/dave ide/4.5.0.202105191637/eclipse/arm-gcc-49/bin/../lib/gcc/arm-none-eabi/4.9.3/armv7e-m/softfp\libgcc.a
LOAD c:/infineon/tools/dave ide/4.5.0.202105191637/eclipse/arm-gcc-49/bin/../lib/gcc/arm-none-eabi/4.9.3/../../../../arm-none-eabi/lib/armv7e-m/softfp\libc_nano.a
LOAD c:/infineon/tools/dave ide/4.5.0.202105191637/eclipse/arm-gcc-49/bin/../lib/gcc/arm-none-eabi/4.9.3/../../../../arm-none-eabi/lib/armv7e-m/softfp\libnosys.a
END GROUP
START GROUP
LOAD c:/infineon/tools/dave ide/4.5.0.202105191637/eclipse/arm-gcc-49/bin/../lib/gcc/arm-none-eabi/4.9.3/armv7e-m/softfp\libgcc.a
LOAD c:/infineon/tools/dave ide/4.5.0.202105191637/eclipse/arm-gcc-49/bin/../lib/gcc/arm-none-eabi/4.9.3/../../../../arm-none-eabi/lib/armv7e-m/softfp\libc_nano.a
LOAD c:/infineon/tools/dave ide/4.5.0.202105191637/eclipse/arm-gcc-49/bin/../lib/gcc/arm-none-eabi/4.9.3/../../../../arm-none-eabi/lib/armv7e-m/softfp\librdimon_nano.a
END GROUP
                0x00001000                stack_size = DEFINED (stack_size)?stack_size:0x1000
                0x00000040                no_init_size = 0x40

.reset          0x08000000      0x294 load address 0x0c000000
 *(.reset)
 .reset         0x08000000      0x294 ./Startup/startup_XMC4700.o
                0x08000000                __Vectors
                0x08000200                Reset_Handler
                0x08000290                DSD0_7_IRQHandler
                0x08000290                DebugMon_Handler
                0x08000290                VADC0_C0_0_IRQHandler
                0x08000290                CAN0_4_IRQHandler
                0x08000290                VADC0_G2_0_IRQHandler
                0x08000290                USIC0_5_IRQHandler
                0x08000290                POSIF0_0_IRQHandler
                0x08000290                POSIF1_0_IRQHandler
                0x08000290                HardFault_Handler
                0x08000290                VADC0_G1_1_IRQHandler
                0x08000290                SysTick_Handler
                0x08000290                PendSV_Handler
                0x08000290                NMI_Handler
                0x08000290                USIC1_3_IRQHandler
                0x08000290                CCU40_2_IRQHandler
                0x08000290                SCU_0_IRQHandler
                0x08000290                ERU0_0_IRQHandler
                0x08000290                CCU41_0_IRQHandler
                0x08000290                USIC1_5_IRQHandler
                0x08000290                DSD0_4_IRQHandler
                0x08000290                CCU80_1_IRQHandler
                0x08000290                CCU81_0_IRQHandler
                0x08000290                UsageFault_Handler
                0x08000290                USIC0_0_IRQHandler
                0x08000290                POSIF1_1_IRQHandler
                0x08000290                ERU0_2_IRQHandler
                0x08000290                CCU81_1_IRQHandler
                0x08000290                ERU1_1_IRQHandler
                0x08000290                VADC0_G2_3_IRQHandler
                0x08000290                VADC0_G2_2_IRQHandler
                0x08000290                CCU42_3_IRQHandler
                0x08000290                ERU0_3_IRQHandler
                0x08000290                DSD0_5_IRQHandler
                0x08000290                VADC0_C0_3_IRQHandler
                0x08000290                CAN0_6_IRQHandler
                0x08000290                VADC0_G0_1_IRQHandler
                0x08000290                CCU81_2_IRQHandler
                0x08000290                USIC2_4_IRQHandler
                0x08000290                CCU81_3_IRQHandler
                0x08000290                CCU42_1_IRQHandler
                0x08000290                USIC1_1_IRQHandler
                0x08000290                USIC2_5_IRQHandler
                0x08000290                CCU40_0_IRQHandler
                0x08000290                CAN0_0_IRQHandler
                0x08000290                ERU1_0_IRQHandler
                0x08000290                CCU42_2_IRQHandler
                0x08000290                Default_Handler
                0x08000290                USIC1_4_IRQHandler
                0x08000290                ERU1_3_IRQHandler
                0x08000290                USIC1_0_IRQHandler
                0x08000290                POSIF0_1_IRQHandler
                0x08000290                VADC0_G0_0_IRQHandler
                0x08000290                DSD0_2_IRQHandler
                0x08000290                CCU41_3_IRQHandler
                0x08000290                CCU80_2_IRQHandler
                0x08000290                VADC0_G1_3_IRQHandler
                0x08000290                VADC0_G0_3_IRQHandler
                0x08000290                PMU0_0_IRQHandler
                0x08000290                CAN0_7_IRQHandler
                0x08000290                DSD0_1_IRQHandler
                0x08000290                CCU41_2_IRQHandler
                0x08000290                VADC0_C0_1_IRQHandler
                0x08000290                USIC2_2_IRQHandler
                0x08000290                MemManage_Handler
                0x08000290                VADC0_G3_1_IRQHandler
                0x08000290                DAC0_0_IRQHandler
                0x08000290                SVC_Handler
                0x08000290                VADC0_G3_3_IRQHandler
                0x08000290                ERU1_2_IRQHandler
                0x08000290                DSD0_6_IRQHandler
                0x08000290                VADC0_G1_2_IRQHandler
                0x08000290                USIC2_3_IRQHandler
                0x08000290                CAN0_2_IRQHandler
                0x08000290                USIC2_0_IRQHandler
                0x08000290                VADC0_G0_2_IRQHandler
                0x08000290                VADC0_G2_1_IRQHandler
                0x08000290                CAN0_3_IRQHandler
                0x08000290                ETH0_0_IRQHandler
                0x08000290                USIC0_3_IRQHandler
                0x08000290                DSD0_0_IRQHandler
                0x08000290                VADC0_C0_2_IRQHandler
                0x08000290                CCU42_0_IRQHandler
                0x08000290                FCE0_0_IRQHandler
                0x08000290                VADC0_G1_0_IRQHandler
                0x08000290                CAN0_5_IRQHandler
                0x08000290                CCU80_0_IRQHandler
                0x08000290                CCU40_1_IRQHandler
                0x08000290                USIC2_1_IRQHandler
                0x08000290                USIC0_1_IRQHandler
                0x08000290                VADC0_G3_2_IRQHandler
                0x08000290                CCU40_3_IRQHandler
                0x08000290                BusFault_Handler
                0x08000290                LEDTS0_0_IRQHandler
                0x08000290                USIC0_4_IRQHandler
                0x08000290                ERU0_1_IRQHandler
                0x08000290                VADC0_G3_0_IRQHandler
                0x08000290                USIC1_2_IRQHandler
                0x08000290                DSD0_3_IRQHandler
                0x08000290                SDMMC0_0_IRQHandler
                0x08000290                CAN0_1_IRQHandler
                0x08000290                USIC0_2_IRQHandler
                0x08000290                DAC0_1_IRQHandler

.text           0x08020000    0x11b5c load address 0x0c020000
                0x08020000                sText = .
 *(.text .text.* .gnu.linkonce.t.*)
 .text.ds_get_board_variant
                0x08020000        0xc ./Store/src/datastore.o
                0x08020000                ds_get_board_variant
 .text.ds_store_algo_result_ptr
                0x0802000c        0xc ./Store/src/datastore.o
                0x0802000c                ds_store_algo_result_ptr
 .text.ds_algo_get_settings
                0x08020018        0x8 ./Store/src/datastore.o
                0x08020018                ds_algo_get_settings
 .text.ds_algo_check_settings
                0x08020020       0x8c ./Store/src/datastore.o
                0x08020020                ds_algo_check_settings
 .text.ds_dev_check_settings
                0x080200ac       0x50 ./Store/src/datastore.o
                0x080200ac                ds_dev_check_settings
 .text.ds_device_get_settings
                0x080200fc        0x8 ./Store/src/datastore.o
                0x080200fc                ds_device_get_settings
 .text.ds_device_get_shadow_settings
                0x08020104        0x8 ./Store/src/datastore.o
                0x08020104                ds_device_get_shadow_settings
 .text.ds_is_device_settings_updated
                0x0802010c       0x1c ./Store/src/datastore.o
                0x0802010c                ds_is_device_settings_updated
 .text.ds_device_settings_copy_to_shadow
                0x08020128       0x28 ./Store/src/datastore.o
                0x08020128                ds_device_settings_copy_to_shadow
 .text.ds_device_settings_revert_from_shadow
                0x08020150       0x28 ./Store/src/datastore.o
                0x08020150                ds_device_settings_revert_from_shadow
 .text.ds_init  0x08020178      0x378 ./Store/src/datastore.o
                0x08020178                ds_init
 .text.ds_get_active_acq_buf
                0x080204f0        0x8 ./Store/src/datastore.o
                0x080204f0                ds_get_active_acq_buf
 .text.ds_set_active_acq_buf
                0x080204f8       0x3c ./Store/src/datastore.o
                0x080204f8                ds_set_active_acq_buf
 .text.ds_algo_para_factory_reset
                0x08020534       0x30 ./Store/src/datastore.o
                0x08020534                ds_algo_para_factory_reset
 .text.ds_algo_para_store_persistent
                0x08020564       0x18 ./Store/src/datastore.o
                0x08020564                ds_algo_para_store_persistent
 .text.ds_hw_para_factory_reset
                0x0802057c       0x40 ./Store/src/datastore.o
                0x0802057c                ds_hw_para_factory_reset
 .text.ds_hw_para_store_persistent
                0x080205bc       0x18 ./Store/src/datastore.o
                0x080205bc                ds_hw_para_store_persistent
 .text.ds_set_device_parameter_changed
                0x080205d4        0xc ./Store/src/datastore.o
                0x080205d4                ds_set_device_parameter_changed
 .text.ds_clear_device_parameter_changed
                0x080205e0        0xc ./Store/src/datastore.o
                0x080205e0                ds_clear_device_parameter_changed
 .text.ds_is_device_parameter_changed
                0x080205ec        0xc ./Store/src/datastore.o
                0x080205ec                ds_is_device_parameter_changed
 .text.ds_eeprom_write_settings
                0x080205f8       0x70 ./Store/src/datastore_eep.o
                0x080205f8                ds_eeprom_write_settings
 .text.ds_eeprom_read_settings
                0x08020668       0x78 ./Store/src/datastore_eep.o
                0x08020668                ds_eeprom_read_settings
 .text.ds_eeprom_read_board_id
                0x080206e0       0x78 ./Store/src/datastore_eep.o
                0x080206e0                ds_eeprom_read_board_id
 .text.ds_eeprom_write_inital_board_id
                0x08020758       0x24 ./Store/src/datastore_eep.o
                0x08020758                ds_eeprom_write_inital_board_id
 .text.ds_ep_get_device_info
                0x0802077c        0x8 ./Store/src/ds_radar_interface.o
                0x0802077c                ds_ep_get_device_info
 .text.ds_ep_fetch_frame_format
                0x08020784       0x1c ./Store/src/ds_radar_interface.o
                0x08020784                ds_ep_fetch_frame_format
 .text.SystemCoreClockUpdate
                0x080207a0       0x84 ./Startup/system_XMC4700.o
                0x080207a0                SystemCoreClockUpdate
 .text.SystemInit
                0x08020824       0x1c ./Startup/system_XMC4700.o
                0x08020824                SystemInit
 .text.get_buffer_address_by_chirp
                0x08020840       0x28 ./Radar_Control/src/acq_buffer.o
                0x08020840                get_buffer_address_by_chirp
 .text.create_acq_data_buffer_obj
                0x08020868       0xbc ./Radar_Control/src/acq_buffer.o
                0x08020868                create_acq_data_buffer_obj
 .text.delete_acq_buffer_obj
                0x08020924        0xc ./Radar_Control/src/acq_buffer.o
                0x08020924                delete_acq_buffer_obj
 .text.radar_open_device
                0x08020930       0xc0 ./Radar_Control/src/radar_base.o
                0x08020930                radar_open_device
 .text.radar_set_automatic_frame_trigger
                0x080209f0       0xe0 ./Radar_Control/src/radar_base.o
                0x080209f0                radar_set_automatic_frame_trigger
 .text.radar_init
                0x08020ad0       0x3c ./Radar_Control/src/radar_control.o
                0x08020ad0                radar_init
 .text.radar_start_acquisition
                0x08020b0c       0x20 ./Radar_Control/src/radar_control.o
                0x08020b0c                radar_start_acquisition
 .text.radar_register_callback
                0x08020b2c       0x1c ./Radar_Control/src/radar_control.o
                0x08020b2c                radar_register_callback
 .text.radar_apply_hw_settings
                0x08020b48       0x64 ./Radar_Control/src/radar_control.o
                0x08020b48                radar_apply_hw_settings
 .text.radar_get_data_acq_mode
                0x08020bac        0xc ./Radar_Control/src/radar_control.o
                0x08020bac                radar_get_data_acq_mode
 .text.radar_set_data_acq_mode
                0x08020bb8        0xc ./Radar_Control/src/radar_control.o
                0x08020bb8                radar_set_data_acq_mode
 .text.device_status_get_handle
                0x08020bc4        0x8 ./Radar_Control/src/radar_device_status.o
                0x08020bc4                device_status_get_handle
 .text.device_status_set_error
                0x08020bcc       0x58 ./Radar_Control/src/radar_device_status.o
                0x08020bcc                device_status_set_error
 .text.device_status_get_error_description
                0x08020c24       0x3c ./Radar_Control/src/radar_device_status.o
                0x08020c24                device_status_get_error_description
 .text.device_status_check
                0x08020c60       0x14 ./Radar_Control/src/radar_device_status.o
                0x08020c60                device_status_check
 .text.device_status_clean
                0x08020c74       0x10 ./Radar_Control/src/radar_device_status.o
                0x08020c74                device_status_clean
 .text.radar_get_consumption_labels
                0x08020c84        0xc ./Radar_Control/src/radar_mcubase.o
                0x08020c84                radar_get_consumption_labels
 .text.set_consumption_repeat_count
                0x08020c90        0xc ./Radar_Control/src/radar_mcubase.o
                0x08020c90                set_consumption_repeat_count
 .text.inc_consumption_repeat_count
                0x08020c9c       0x10 ./Radar_Control/src/radar_mcubase.o
                0x08020c9c                inc_consumption_repeat_count
 .text.mcu_base_updates
                0x08020cac       0x38 ./Radar_Control/src/radar_mcubase.o
                0x08020cac                mcu_base_updates
 .text.set_result_repeat_count
                0x08020ce4       0x14 ./Radar_Control/src/radar_pulse.o
                0x08020ce4                set_result_repeat_count
 .text.set_raw_data_repeat_count
                0x08020cf8       0x14 ./Radar_Control/src/radar_pulse.o
                0x08020cf8                set_raw_data_repeat_count
 .text.radar_pulse_raw_data
                0x08020d0c       0x24 ./Radar_Control/src/radar_pulse.o
                0x08020d0c                radar_pulse_raw_data
 .text.radar_pulse_results_updates
                0x08020d30       0x5c ./Radar_Control/src/radar_pulse.o
                0x08020d30                radar_pulse_results_updates
 .text.copyStore2comPara
                0x08020d8c       0x84 ./Radar_Control/src/radar_pulse.o
                0x08020d8c                copyStore2comPara
 .text.copyComPara2Store
                0x08020e10      0x130 ./Radar_Control/src/radar_pulse.o
                0x08020e10                copyComPara2Store
 .text.XMC_GPIO_Init
                0x08020f40       0x88 ./Libraries/XMCLib/src/xmc4_gpio.o
                0x08020f40                XMC_GPIO_Init
 .text.XMC_SCU_RESET_AssertPeripheralReset
                0x08020fc8       0x18 ./Libraries/XMCLib/src/xmc4_scu.o
                0x08020fc8                XMC_SCU_RESET_AssertPeripheralReset
 .text.XMC_SCU_RESET_DeassertPeripheralReset
                0x08020fe0       0x18 ./Libraries/XMCLib/src/xmc4_scu.o
                0x08020fe0                XMC_SCU_RESET_DeassertPeripheralReset
 .text.XMC_SCU_RESET_IsPeripheralResetAsserted
                0x08020ff8       0x20 ./Libraries/XMCLib/src/xmc4_scu.o
                0x08020ff8                XMC_SCU_RESET_IsPeripheralResetAsserted
 .text.XMC_SCU_CLOCK_GetPeripheralClockFrequency
                0x08021018       0x18 ./Libraries/XMCLib/src/xmc4_scu.o
                0x08021018                XMC_SCU_CLOCK_GetPeripheralClockFrequency
 .text.XMC_SCU_CLOCK_SetUsbClockSource
                0x08021030       0x14 ./Libraries/XMCLib/src/xmc4_scu.o
                0x08021030                XMC_SCU_CLOCK_SetUsbClockSource
 .text.XMC_SCU_CLOCK_SetWdtClockSource
                0x08021044       0x14 ./Libraries/XMCLib/src/xmc4_scu.o
                0x08021044                XMC_SCU_CLOCK_SetWdtClockSource
 .text.XMC_SCU_HIB_SetRtcClockSource
                0x08021058       0x20 ./Libraries/XMCLib/src/xmc4_scu.o
                0x08021058                XMC_SCU_HIB_SetRtcClockSource
 .text.XMC_SCU_CLOCK_SetUsbClockDivider
                0x08021078       0x14 ./Libraries/XMCLib/src/xmc4_scu.o
                0x08021078                XMC_SCU_CLOCK_SetUsbClockDivider
 .text.XMC_SCU_CLOCK_SetEbuClockDivider
                0x0802108c       0x14 ./Libraries/XMCLib/src/xmc4_scu.o
                0x0802108c                XMC_SCU_CLOCK_SetEbuClockDivider
 .text.XMC_SCU_CLOCK_SetWdtClockDivider
                0x080210a0       0x14 ./Libraries/XMCLib/src/xmc4_scu.o
                0x080210a0                XMC_SCU_CLOCK_SetWdtClockDivider
 .text.XMC_SCU_CLOCK_EnableClock
                0x080210b4        0xc ./Libraries/XMCLib/src/xmc4_scu.o
                0x080210b4                XMC_SCU_CLOCK_EnableClock
 .text.XMC_SCU_CLOCK_GatePeripheralClock
                0x080210c0       0x18 ./Libraries/XMCLib/src/xmc4_scu.o
                0x080210c0                XMC_SCU_CLOCK_GatePeripheralClock
 .text.XMC_SCU_CLOCK_UngatePeripheralClock
                0x080210d8       0x18 ./Libraries/XMCLib/src/xmc4_scu.o
                0x080210d8                XMC_SCU_CLOCK_UngatePeripheralClock
 .text.XMC_SCU_CLOCK_IsPeripheralClockGated
                0x080210f0       0x20 ./Libraries/XMCLib/src/xmc4_scu.o
                0x080210f0                XMC_SCU_CLOCK_IsPeripheralClockGated
 .text.XMC_SCU_CLOCK_StartUsbPll
                0x08021110       0x44 ./Libraries/XMCLib/src/xmc4_scu.o
                0x08021110                XMC_SCU_CLOCK_StartUsbPll
 .text.XMC_SCU_POWER_EnableUsb
                0x08021154       0x10 ./Libraries/XMCLib/src/xmc4_scu.o
                0x08021154                XMC_SCU_POWER_EnableUsb
 .text.XMC_SCU_POWER_DisableUsb
                0x08021164       0x10 ./Libraries/XMCLib/src/xmc4_scu.o
                0x08021164                XMC_SCU_POWER_DisableUsb
 .text.XMC_SCU_CLOCK_StartSystemPll
                0x08021174      0x1b4 ./Libraries/XMCLib/src/xmc4_scu.o
                0x08021174                XMC_SCU_CLOCK_StartSystemPll
 .text.XMC_SCU_CLOCK_Init
                0x08021328      0x208 ./Libraries/XMCLib/src/xmc4_scu.o
                0x08021328                XMC_SCU_CLOCK_Init
 .text.XMC_CCU4_Init
                0x08021530       0x88 ./Libraries/XMCLib/src/xmc_ccu4.o
                0x08021530                XMC_CCU4_Init
 .text.XMC_CCU4_SLICE_CompareInit
                0x080215b8       0x34 ./Libraries/XMCLib/src/xmc_ccu4.o
                0x080215b8                XMC_CCU4_SLICE_CompareInit
 .text.XMC_CCU4_SLICE_SetPrescaler
                0x080215ec       0x10 ./Libraries/XMCLib/src/xmc_ccu4.o
                0x080215ec                XMC_CCU4_SLICE_SetPrescaler
 .text.XMC_CCU4_SLICE_SetInterruptNode
                0x080215fc       0x38 ./Libraries/XMCLib/src/xmc_ccu4.o
                0x080215fc                XMC_CCU4_SLICE_SetInterruptNode
 .text.XMC_CCU8_Init
                0x08021634       0x58 ./Libraries/XMCLib/src/xmc_ccu8.o
                0x08021634                XMC_CCU8_Init
 .text.XMC_CCU8_SLICE_CompareInit
                0x0802168c       0x3c ./Libraries/XMCLib/src/xmc_ccu8.o
                0x0802168c                XMC_CCU8_SLICE_CompareInit
 .text.XMC_CCU8_SetMultiChannelShadowTransferMode
                0x080216c8       0x10 ./Libraries/XMCLib/src/xmc_ccu8.o
                0x080216c8                XMC_CCU8_SetMultiChannelShadowTransferMode
 .text.XMC_CCU8_SLICE_StartConfig
                0x080216d8       0x1c ./Libraries/XMCLib/src/xmc_ccu8.o
                0x080216d8                XMC_CCU8_SLICE_StartConfig
 .text.XMC_CCU8_SLICE_StopConfig
                0x080216f4       0x1c ./Libraries/XMCLib/src/xmc_ccu8.o
                0x080216f4                XMC_CCU8_SLICE_StopConfig
 .text.XMC_CCU8_SLICE_LoadConfig
                0x08021710       0x10 ./Libraries/XMCLib/src/xmc_ccu8.o
                0x08021710                XMC_CCU8_SLICE_LoadConfig
 .text.XMC_CCU8_SLICE_LoadSelector
                0x08021720       0x10 ./Libraries/XMCLib/src/xmc_ccu8.o
                0x08021720                XMC_CCU8_SLICE_LoadSelector
 .text.XMC_CCU8_SLICE_ModulationConfig
                0x08021730       0x3c ./Libraries/XMCLib/src/xmc_ccu8.o
                0x08021730                XMC_CCU8_SLICE_ModulationConfig
 .text.XMC_CCU8_SLICE_CountConfig
                0x0802176c       0x10 ./Libraries/XMCLib/src/xmc_ccu8.o
                0x0802176c                XMC_CCU8_SLICE_CountConfig
 .text.XMC_CCU8_SLICE_GateConfig
                0x0802177c       0x10 ./Libraries/XMCLib/src/xmc_ccu8.o
                0x0802177c                XMC_CCU8_SLICE_GateConfig
 .text.XMC_CCU8_SLICE_DirectionConfig
                0x0802178c       0x10 ./Libraries/XMCLib/src/xmc_ccu8.o
                0x0802178c                XMC_CCU8_SLICE_DirectionConfig
 .text.XMC_CCU8_SLICE_StatusBitOverrideConfig
                0x0802179c        0xc ./Libraries/XMCLib/src/xmc_ccu8.o
                0x0802179c                XMC_CCU8_SLICE_StatusBitOverrideConfig
 .text.XMC_CCU8_SLICE_TrapConfig
                0x080217a8       0x28 ./Libraries/XMCLib/src/xmc_ccu8.o
                0x080217a8                XMC_CCU8_SLICE_TrapConfig
 .text.XMC_CCU8_SLICE_ConfigureStatusBitOverrideEvent
                0x080217d0       0x5c ./Libraries/XMCLib/src/xmc_ccu8.o
                0x080217d0                XMC_CCU8_SLICE_ConfigureStatusBitOverrideEvent
 .text.XMC_CCU8_SLICE_ConfigureEvent
                0x0802182c       0x78 ./Libraries/XMCLib/src/xmc_ccu8.o
                0x0802182c                XMC_CCU8_SLICE_ConfigureEvent
 .text.XMC_CCU8_SLICE_SetTimerPeriodMatch
                0x080218a4        0x4 ./Libraries/XMCLib/src/xmc_ccu8.o
                0x080218a4                XMC_CCU8_SLICE_SetTimerPeriodMatch
 .text.XMC_CCU8_SLICE_SetTimerCompareMatch
                0x080218a8        0xc ./Libraries/XMCLib/src/xmc_ccu8.o
                0x080218a8                XMC_CCU8_SLICE_SetTimerCompareMatch
 .text.XMC_CCU8_SLICE_SetInterruptNode
                0x080218b4       0x38 ./Libraries/XMCLib/src/xmc_ccu8.o
                0x080218b4                XMC_CCU8_SLICE_SetInterruptNode
 .text.XMC_CCU8_SLICE_DeadTimeInit
                0x080218ec       0x10 ./Libraries/XMCLib/src/xmc_ccu8.o
                0x080218ec                XMC_CCU8_SLICE_DeadTimeInit
 .text.XMC_DMA_Init
                0x080218fc       0x40 ./Libraries/XMCLib/src/xmc_dma.o
                0x080218fc                XMC_DMA_Init
 .text.XMC_DMA_CH_Disable
                0x0802193c       0x18 ./Libraries/XMCLib/src/xmc_dma.o
                0x0802193c                XMC_DMA_CH_Disable
 .text.XMC_DMA_CH_Init
                0x08021954      0x298 ./Libraries/XMCLib/src/xmc_dma.o
                0x08021954                XMC_DMA_CH_Init
 .text.XMC_DMA_CH_EnableEvent
                0x08021bec       0x30 ./Libraries/XMCLib/src/xmc_dma.o
                0x08021bec                XMC_DMA_CH_EnableEvent
 .text.XMC_DMA_CH_SetEventHandler
                0x08021c1c       0x1c ./Libraries/XMCLib/src/xmc_dma.o
                0x08021c1c                XMC_DMA_CH_SetEventHandler
 .text.XMC_DMA_CH_ClearSourcePeripheralRequest
                0x08021c38       0x38 ./Libraries/XMCLib/src/xmc_dma.o
                0x08021c38                XMC_DMA_CH_ClearSourcePeripheralRequest
 .text.XMC_DMA_IRQHandler
                0x08021c70      0x178 ./Libraries/XMCLib/src/xmc_dma.o
                0x08021c70                XMC_DMA_IRQHandler
 .text.XMC_GPIO_SetMode
                0x08021de8       0x28 ./Libraries/XMCLib/src/xmc_gpio.o
                0x08021de8                XMC_GPIO_SetMode
 .text.XMC_GPIO_SetHardwareControl
                0x08021e10       0x20 ./Libraries/XMCLib/src/xmc_gpio.o
                0x08021e10                XMC_GPIO_SetHardwareControl
 .text.XMC_I2C_CH_Init
                0x08021e30       0x7c ./Libraries/XMCLib/src/xmc_i2c.o
                0x08021e30                XMC_I2C_CH_Init
 .text.XMC_I2C_CH_MasterStart
                0x08021eac       0x30 ./Libraries/XMCLib/src/xmc_i2c.o
                0x08021eac                XMC_I2C_CH_MasterStart
 .text.XMC_I2C_CH_MasterRepeatedStart
                0x08021edc       0x30 ./Libraries/XMCLib/src/xmc_i2c.o
                0x08021edc                XMC_I2C_CH_MasterRepeatedStart
 .text.XMC_I2C_CH_MasterStop
                0x08021f0c       0x2c ./Libraries/XMCLib/src/xmc_i2c.o
                0x08021f0c                XMC_I2C_CH_MasterStop
 .text.XMC_I2C_CH_MasterTransmit
                0x08021f38       0x24 ./Libraries/XMCLib/src/xmc_i2c.o
                0x08021f38                XMC_I2C_CH_MasterTransmit
 .text.XMC_I2C_CH_MasterReceiveAck
                0x08021f5c       0x2c ./Libraries/XMCLib/src/xmc_i2c.o
                0x08021f5c                XMC_I2C_CH_MasterReceiveAck
 .text.XMC_I2C_CH_MasterReceiveNack
                0x08021f88       0x2c ./Libraries/XMCLib/src/xmc_i2c.o
                0x08021f88                XMC_I2C_CH_MasterReceiveNack
 .text.XMC_I2C_CH_GetReceivedData
                0x08021fb4       0x14 ./Libraries/XMCLib/src/xmc_i2c.o
                0x08021fb4                XMC_I2C_CH_GetReceivedData
 .text.XMC_USBD_GetCapabilities
                0x08021fc8       0x1c ./Libraries/XMCLib/src/xmc_usbd.o
                0x08021fc8                XMC_USBD_GetCapabilities
 .text.XMC_USBD_DeviceConnect
                0x08021fe4       0x18 ./Libraries/XMCLib/src/xmc_usbd.o
                0x08021fe4                XMC_USBD_DeviceConnect
 .text.XMC_USBD_DeviceDisconnect
                0x08021ffc       0x18 ./Libraries/XMCLib/src/xmc_usbd.o
                0x08021ffc                XMC_USBD_DeviceDisconnect
 .text.XMC_USBD_DeviceGetState
                0x08022014      0x118 ./Libraries/XMCLib/src/xmc_usbd.o
                0x08022014                XMC_USBD_DeviceGetState
 .text.XMC_USBD_DeviceSetAddress
                0x0802212c       0x18 ./Libraries/XMCLib/src/xmc_usbd.o
                0x0802212c                XMC_USBD_DeviceSetAddress
 .text.XMC_USBD_EndpointStall
                0x08022144       0x8c ./Libraries/XMCLib/src/xmc_usbd.o
                0x08022144                XMC_USBD_EndpointStall
 .text.XMC_USBD_EndpointAbort
                0x080221d0       0x44 ./Libraries/XMCLib/src/xmc_usbd.o
                0x080221d0                XMC_USBD_EndpointAbort
 .text.XMC_USBD_EndpointUnconfigure
                0x08022214      0x100 ./Libraries/XMCLib/src/xmc_usbd.o
                0x08022214                XMC_USBD_EndpointUnconfigure
 .text.XMC_USBD_GetFrameNumber
                0x08022314       0x14 ./Libraries/XMCLib/src/xmc_usbd.o
                0x08022314                XMC_USBD_GetFrameNumber
 .text.XMC_USBD_IsEnumDone
                0x08022328       0x1c ./Libraries/XMCLib/src/xmc_usbd.o
                0x08022328                XMC_USBD_IsEnumDone
 .text.XMC_USBD_Uninitialize
                0x08022344       0x24 ./Libraries/XMCLib/src/xmc_usbd.o
                0x08022344                XMC_USBD_Uninitialize
 .text.XMC_USBD_EndpointConfigure
                0x08022368      0x280 ./Libraries/XMCLib/src/xmc_usbd.o
                0x08022368                XMC_USBD_EndpointConfigure
 .text.XMC_USBD_EndpointRead
                0x080225e8       0x40 ./Libraries/XMCLib/src/xmc_usbd.o
                0x080225e8                XMC_USBD_EndpointRead
 .text.XMC_USBD_Init
                0x08022628      0x1cc ./Libraries/XMCLib/src/xmc_usbd.o
                0x08022628                XMC_USBD_Init
 .text.XMC_USBD_EndpointReadStart
                0x080227f4       0xe0 ./Libraries/XMCLib/src/xmc_usbd.o
                0x080227f4                XMC_USBD_EndpointReadStart
 .text.XMC_USBD_EndpointWrite
                0x080228d4       0xf8 ./Libraries/XMCLib/src/xmc_usbd.o
                0x080228d4                XMC_USBD_EndpointWrite
 .text.XMC_USBD_IRQHandler
                0x080229cc      0x8d8 ./Libraries/XMCLib/src/xmc_usbd.o
                0x080229cc                XMC_USBD_IRQHandler
 .text.XMC_USBD_Disable
                0x080232a4       0x1c ./Libraries/XMCLib/src/xmc_usbd.o
                0x080232a4                XMC_USBD_Disable
 .text.XMC_USIC_CH_Enable
                0x080232c0       0x84 ./Libraries/XMCLib/src/xmc_usic.o
                0x080232c0                XMC_USIC_CH_Enable
 .text.XMC_USIC_CH_SetBaudrate
                0x08023344       0x84 ./Libraries/XMCLib/src/xmc_usic.o
                0x08023344                XMC_USIC_CH_SetBaudrate
 .text.XMC_VADC_GLOBAL_Init
                0x080233c8       0x3c ./Libraries/XMCLib/src/xmc_vadc.o
                0x080233c8                XMC_VADC_GLOBAL_Init
 .text.XMC_VADC_GLOBAL_InputClassInit
                0x08023404       0x20 ./Libraries/XMCLib/src/xmc_vadc.o
                0x08023404                XMC_VADC_GLOBAL_InputClassInit
 .text.XMC_VADC_GLOBAL_StartupCalibration
                0x08023424       0x3c ./Libraries/XMCLib/src/xmc_vadc.o
                0x08023424                XMC_VADC_GLOBAL_StartupCalibration
 .text.XMC_VADC_GROUP_Init
                0x08023460       0xf0 ./Libraries/XMCLib/src/xmc_vadc.o
                0x08023460                XMC_VADC_GROUP_Init
 .text.XMC_VADC_GROUP_InputClassInit
                0x08023550       0x4c ./Libraries/XMCLib/src/xmc_vadc.o
                0x08023550                XMC_VADC_GROUP_InputClassInit
 .text.XMC_VADC_GROUP_SetPowerMode
                0x0802359c       0x10 ./Libraries/XMCLib/src/xmc_vadc.o
                0x0802359c                XMC_VADC_GROUP_SetPowerMode
 .text.XMC_VADC_GROUP_SetSyncSlave
                0x080235ac       0x18 ./Libraries/XMCLib/src/xmc_vadc.o
                0x080235ac                XMC_VADC_GROUP_SetSyncSlave
 .text.XMC_VADC_GROUP_SetSyncMaster
                0x080235c4       0x10 ./Libraries/XMCLib/src/xmc_vadc.o
                0x080235c4                XMC_VADC_GROUP_SetSyncMaster
 .text.XMC_VADC_GROUP_CheckSlaveReadiness
                0x080235d4       0x40 ./Libraries/XMCLib/src/xmc_vadc.o
                0x080235d4                XMC_VADC_GROUP_CheckSlaveReadiness
 .text.XMC_VADC_GROUP_SetSyncSlaveReadySignal
                0x08023614       0x18 ./Libraries/XMCLib/src/xmc_vadc.o
                0x08023614                XMC_VADC_GROUP_SetSyncSlaveReadySignal
 .text.XMC_VADC_GROUP_ScanInit
                0x0802362c       0x88 ./Libraries/XMCLib/src/xmc_vadc.o
                0x0802362c                XMC_VADC_GROUP_ScanInit
 .text.XMC_VADC_GROUP_ScanSetReqSrcEventInterruptNode
                0x080236b4       0x14 ./Libraries/XMCLib/src/xmc_vadc.o
                0x080236b4                XMC_VADC_GROUP_ScanSetReqSrcEventInterruptNode
 .text.XMC_VADC_GROUP_QueueInit
                0x080236c8       0x88 ./Libraries/XMCLib/src/xmc_vadc.o
                0x080236c8                XMC_VADC_GROUP_QueueInit
 .text.XMC_VADC_GROUP_QueueSetReqSrcEventInterruptNode
                0x08023750       0x10 ./Libraries/XMCLib/src/xmc_vadc.o
                0x08023750                XMC_VADC_GROUP_QueueSetReqSrcEventInterruptNode
 .text.XMC_VADC_GROUP_ChannelInit
                0x08023760       0x7c ./Libraries/XMCLib/src/xmc_vadc.o
                0x08023760                XMC_VADC_GROUP_ChannelInit
 .text.XMC_VADC_GROUP_SetResultInterruptNode
                0x080237dc       0x44 ./Libraries/XMCLib/src/xmc_vadc.o
                0x080237dc                XMC_VADC_GROUP_SetResultInterruptNode
 .text._sbrk    0x08023820       0x40 ./Libraries/Newlib/syscalls.o
                0x08023820                _sbrk
 .text.send_device_status_response.part.0
                0x08023860      0x1a8 ./HostCommunication/src/EndpointRadarDeviceStatus.o
 .text.send_device_status_response
                0x08023a08       0x14 ./HostCommunication/src/EndpointRadarDeviceStatus.o
                0x08023a08                send_device_status_response
 .text.ep_device_status_handle_message
                0x08023a1c       0x24 ./HostCommunication/src/EndpointRadarDeviceStatus.o
                0x08023a1c                ep_device_status_handle_message
 .text.ep_device_status_handle_change
                0x08023a40        0x4 ./HostCommunication/src/EndpointRadarDeviceStatus.o
                0x08023a40                ep_device_status_handle_change
 .text.send_consumption_response
                0x08023a44       0xc8 ./HostCommunication/src/EndpointRadarMcuBase.o
                0x08023a44                send_consumption_response
 .text.ep_radar_mcu_base_handle_message
                0x08023b0c      0x184 ./HostCommunication/src/EndpointRadarMcuBase.o
                0x08023b0c                ep_radar_mcu_base_handle_message
 .text.ep_radar_mcu_base_handle_change
                0x08023c90       0x18 ./HostCommunication/src/EndpointRadarMcuBase.o
                0x08023c90                ep_radar_mcu_base_handle_change
 .text.send_result_response
                0x08023ca8       0xa8 ./HostCommunication/src/EndpointRadars2glpulse.o
                0x08023ca8                send_result_response
 .text.send_parameter_values
                0x08023d50       0xa4 ./HostCommunication/src/EndpointRadars2glpulse.o
                0x08023d50                send_parameter_values
 .text.send_pulse_frame_data
                0x08023df4      0x198 ./HostCommunication/src/EndpointRadars2glpulse.o
                0x08023df4                send_pulse_frame_data
 .text.ep_radar_s2glpulse_handle_message
                0x08023f8c      0x420 ./HostCommunication/src/EndpointRadars2glpulse.o
                0x08023f8c                ep_radar_s2glpulse_handle_message
 .text.ep_radar_s2glpulse_handle_change
                0x080243ac        0x4 ./HostCommunication/src/EndpointRadars2glpulse.o
                0x080243ac                ep_radar_s2glpulse_handle_change
 .text.receive_data
                0x080243b0       0x6c ./HostCommunication/src/Protocol.o
 .text.protocol_init
                0x0802441c       0x4c ./HostCommunication/src/Protocol.o
                0x0802441c                protocol_init
 .text.protocol_run
                0x08024468      0x374 ./HostCommunication/src/Protocol.o
                0x08024468                protocol_run
 .text.protocol_send_header
                0x080247dc       0x28 ./HostCommunication/src/Protocol.o
                0x080247dc                protocol_send_header
 .text.protocol_send_payload
                0x08024804        0x4 ./HostCommunication/src/Protocol.o
                0x08024804                protocol_send_payload
 .text.protocol_send_tail
                0x08024808       0x24 ./HostCommunication/src/Protocol.o
                0x08024808                protocol_send_tail
 .text.protocol_broadcast_change
                0x0802482c       0x64 ./HostCommunication/src/Protocol.o
                0x0802482c                protocol_broadcast_change
 .text.wr_payload_float
                0x08024890       0x1c ./HostCommunication/src/ProtocolHelper.o
                0x08024890                wr_payload_float
 .text.wr_payload_string
                0x080248ac       0xc4 ./HostCommunication/src/ProtocolHelper.o
                0x080248ac                wr_payload_string
 .text.wr_payload_helper_string_list
                0x08024970      0x104 ./HostCommunication/src/ProtocolHelper.o
                0x08024970                wr_payload_helper_string_list
 .text.USBD_VCOM_Event_GetDescriptor
                0x08024a74       0x4c ./Dave/Generated/USBD_VCOM/virtual_com/descriptors.o
                0x08024a74                USBD_VCOM_Event_GetDescriptor
 .text.CDC_Device_ProcessControlRequest
                0x08024ac0      0x128 ./Dave/Generated/USBD_VCOM/class_driver/device/cdc_class_device.o
                0x08024ac0                CDC_Device_ProcessControlRequest
 .text.CDC_Device_ConfigureEndpoints
                0x08024be8       0x54 ./Dave/Generated/USBD_VCOM/class_driver/device/cdc_class_device.o
                0x08024be8                CDC_Device_ConfigureEndpoints
 .text.CDC_Device_USBTask
                0x08024c3c       0x7c ./Dave/Generated/USBD_VCOM/class_driver/device/cdc_class_device.o
                0x08024c3c                CDC_Device_USBTask
 .text.CDC_Device_SendData
                0x08024cb8       0x3c ./Dave/Generated/USBD_VCOM/class_driver/device/cdc_class_device.o
                0x08024cb8                CDC_Device_SendData
 .text.CDC_Device_Flush
                0x08024cf4       0x4c ./Dave/Generated/USBD_VCOM/class_driver/device/cdc_class_device.o
                0x08024cf4                CDC_Device_Flush
 .text.CDC_Device_BytesReceived
                0x08024d40       0x58 ./Dave/Generated/USBD_VCOM/class_driver/device/cdc_class_device.o
                0x08024d40                CDC_Device_BytesReceived
 .text.USBD_VCOM_CDCClass_Event_LineEncodingChanged
                0x08024d98        0xc ./Dave/Generated/USBD_VCOM/usbd_vcom.o
                0x08024d98                USBD_VCOM_CDCClass_Event_LineEncodingChanged
 .text.USBD_VCOM_CDCClass_Event_ControlLineStateChanged
                0x08024da4        0xc ./Dave/Generated/USBD_VCOM/usbd_vcom.o
                0x08024da4                USBD_VCOM_CDCClass_Event_ControlLineStateChanged
 .text.USBD_VCOM_CDCClass_Event_BreakSent
                0x08024db0        0xc ./Dave/Generated/USBD_VCOM/usbd_vcom.o
                0x08024db0                USBD_VCOM_CDCClass_Event_BreakSent
 .text.USBD_VCOM_Event_ConfigurationChanged
                0x08024dbc       0x58 ./Dave/Generated/USBD_VCOM/usbd_vcom.o
                0x08024dbc                USBD_VCOM_Event_ConfigurationChanged
 .text.USBD_VCOM_Event_ControlRequest
                0x08024e14        0xc ./Dave/Generated/USBD_VCOM/usbd_vcom.o
                0x08024e14                USBD_VCOM_Event_ControlRequest
 .text.USBD_VCOM_Event_Reset
                0x08024e20       0xc8 ./Dave/Generated/USBD_VCOM/usbd_vcom.o
                0x08024e20                USBD_VCOM_Event_Reset
 .text.USBD_VCOM_Init
                0x08024ee8       0xa8 ./Dave/Generated/USBD_VCOM/usbd_vcom.o
                0x08024ee8                USBD_VCOM_Init
 .text.USBD_VCOM_IsEnumDone
                0x08024f90       0x1c ./Dave/Generated/USBD_VCOM/usbd_vcom.o
                0x08024f90                USBD_VCOM_IsEnumDone
 .text.USBD_VCOM_SendData
                0x08024fac       0x34 ./Dave/Generated/USBD_VCOM/usbd_vcom.o
                0x08024fac                USBD_VCOM_SendData
 .text.USBD_VCOM_ReceiveData
                0x08024fe0       0x48 ./Dave/Generated/USBD_VCOM/usbd_vcom.o
                0x08024fe0                USBD_VCOM_ReceiveData
 .text.USBD_VCOM_BytesReceived
                0x08025028       0x28 ./Dave/Generated/USBD_VCOM/usbd_vcom.o
                0x08025028                USBD_VCOM_BytesReceived
 .text.USBD_VCOM_Connect
                0x08025050        0x4 ./Dave/Generated/USBD_VCOM/usbd_vcom.o
                0x08025050                USBD_VCOM_Connect
 .text.Endpoint_Write_Stream_LE
                0x08025054       0xa0 ./Dave/Generated/USBD/usb/core/xmc4000/usbd_endpoint_stream_xmc4000.o
                0x08025054                Endpoint_Write_Stream_LE
 .text.Endpoint_Read_Stream_LE
                0x080250f4       0xa0 ./Dave/Generated/USBD/usb/core/xmc4000/usbd_endpoint_stream_xmc4000.o
                0x080250f4                Endpoint_Read_Stream_LE
 .text.Endpoint_WaitUntilReady
                0x08025194       0x98 ./Dave/Generated/USBD/usb/core/xmc4000/usbd_endpoint_xmc4000.o
                0x08025194                Endpoint_WaitUntilReady
 .text.Endpoint_ClearOUT
                0x0802522c       0x58 ./Dave/Generated/USBD/usb/core/xmc4000/usbd_endpoint_xmc4000.o
                0x0802522c                Endpoint_ClearOUT
 .text.Endpoint_ClearIN
                0x08025284       0x70 ./Dave/Generated/USBD/usb/core/xmc4000/usbd_endpoint_xmc4000.o
                0x08025284                Endpoint_ClearIN
 .text.Endpoint_IsReadWriteAllowed
                0x080252f4       0x30 ./Dave/Generated/USBD/usb/core/xmc4000/usbd_endpoint_xmc4000.o
                0x080252f4                Endpoint_IsReadWriteAllowed
 .text.Endpoint_Write_8
                0x08025324       0x2c ./Dave/Generated/USBD/usb/core/xmc4000/usbd_endpoint_xmc4000.o
                0x08025324                Endpoint_Write_8
 .text.Endpoint_Read_8
                0x08025350       0x2c ./Dave/Generated/USBD/usb/core/xmc4000/usbd_endpoint_xmc4000.o
                0x08025350                Endpoint_Read_8
 .text.Endpoint_Write_32_LE
                0x0802537c       0x2c ./Dave/Generated/USBD/usb/core/xmc4000/usbd_endpoint_xmc4000.o
                0x0802537c                Endpoint_Write_32_LE
 .text.Endpoint_Read_32_LE
                0x080253a8       0x2c ./Dave/Generated/USBD/usb/core/xmc4000/usbd_endpoint_xmc4000.o
                0x080253a8                Endpoint_Read_32_LE
 .text.Endpoint_ConfigureEndpointTable
                0x080253d4       0x94 ./Dave/Generated/USBD/usb/core/xmc4000/usbd_endpoint_xmc4000.o
                0x080253d4                Endpoint_ConfigureEndpointTable
 .text.USBD_SignalDeviceEventHandler
                0x08025468      0x304 ./Dave/Generated/USBD/usbd.o
 .text.USBD_HandleEP0_Stall
                0x0802576c       0x28 ./Dave/Generated/USBD/usbd.o
 .text.USBD_Handle_DeviceRequest
                0x08025794      0x31c ./Dave/Generated/USBD/usbd.o
 .text.USBD_SignalEndpointEvent_Handler
                0x08025ab0      0x1d8 ./Dave/Generated/USBD/usbd.o
 .text.USBD_Init
                0x08025c88      0x114 ./Dave/Generated/USBD/usbd.o
                0x08025c88                USBD_Init
 .text.USBD_Connect
                0x08025d9c        0xc ./Dave/Generated/USBD/usbd.o
                0x08025d9c                USBD_Connect
 .text.USBD_IsEnumDone
                0x08025da8        0xc ./Dave/Generated/USBD/usbd.o
                0x08025da8                USBD_IsEnumDone
 .text.USBD_SetEndpointBuffer
                0x08025db4       0x34 ./Dave/Generated/USBD/usbd.o
                0x08025db4                USBD_SetEndpointBuffer
 .text.USB0_0_IRQHandler
                0x08025de8        0xc ./Dave/Generated/USBD/usbd.o
                0x08025de8                USB0_0_IRQHandler
 .text.TIMER_Init
                0x08025df4       0x8c ./Dave/Generated/TIMER/timer.o
                0x08025df4                TIMER_Init
 .text.TIMER_Start
                0x08025e80       0x20 ./Dave/Generated/TIMER/timer.o
                0x08025e80                TIMER_Start
 .text.TIMER_Stop
                0x08025ea0       0x24 ./Dave/Generated/TIMER/timer.o
                0x08025ea0                TIMER_Stop
 *fill*         0x08025ec4        0x4 
 .text.TIMER_SetTimeInterval
                0x08025ec8       0xc0 ./Dave/Generated/TIMER/timer.o
                0x08025ec8                TIMER_SetTimeInterval
 .text.TIMER_GetInterruptStatus
                0x08025f88       0x18 ./Dave/Generated/TIMER/timer.o
                0x08025f88                TIMER_GetInterruptStatus
 .text.TIMER_ClearEvent
                0x08025fa0       0x18 ./Dave/Generated/TIMER/timer.o
                0x08025fa0                TIMER_ClearEvent
 .text.TIMER_Clear
                0x08025fb8       0x20 ./Dave/Generated/TIMER/timer.o
                0x08025fb8                TIMER_Clear
 .text.PWM_CCU8_Init
                0x08025fd8      0x35c ./Dave/Generated/PWM_CCU8/pwm_ccu8.o
                0x08025fd8                PWM_CCU8_Init
 .text.PWM_CCU8_Start
                0x08026334       0x34 ./Dave/Generated/PWM_CCU8/pwm_ccu8.o
                0x08026334                PWM_CCU8_Start
 .text.PWM_CCU8_Stop
                0x08026368       0x24 ./Dave/Generated/PWM_CCU8/pwm_ccu8.o
                0x08026368                PWM_CCU8_Stop
 .text.PWM_CCU8_SetFreqAndDutyCycleSymmetric
                0x0802638c       0x98 ./Dave/Generated/PWM_CCU8/pwm_ccu8.o
                0x0802638c                PWM_CCU8_SetFreqAndDutyCycleSymmetric
 .text.PWM_CCU8_SetFreqAndDutyCycleAsymmetric
                0x08026424       0xe4 ./Dave/Generated/PWM_CCU8/pwm_ccu8.o
                0x08026424                PWM_CCU8_SetFreqAndDutyCycleAsymmetric
 .text.INTERRUPT_Init
                0x08026508       0x90 ./Dave/Generated/INTERRUPT/interrupt.o
                0x08026508                INTERRUPT_Init
 .text.GLOBAL_DMA_Init
                0x08026598       0xa0 ./Dave/Generated/GLOBAL_DMA/global_dma.o
                0x08026598                GLOBAL_DMA_Init
 .text.GPDMA0_0_IRQHandler
                0x08026638        0xc ./Dave/Generated/GLOBAL_DMA/global_dma_conf.o
                0x08026638                GPDMA0_0_IRQHandler
 .text.GPDMA1_0_IRQHandler
                0x08026644        0xc ./Dave/Generated/GLOBAL_DMA/global_dma_conf.o
                0x08026644                GPDMA1_0_IRQHandler
 .text.GLOBAL_CCU8_Init
                0x08026650       0x28 ./Dave/Generated/GLOBAL_CCU8/global_ccu8.o
                0x08026650                GLOBAL_CCU8_Init
 .text.GLOBAL_CCU4_Init
                0x08026678       0x28 ./Dave/Generated/GLOBAL_CCU4/global_ccu4.o
                0x08026678                GLOBAL_CCU4_Init
 .text.GLOBAL_ADC_Init
                0x080266a0       0x6c ./Dave/Generated/GLOBAL_ADC/global_adc.o
                0x080266a0                GLOBAL_ADC_Init
 .text.DMA_CH_Init
                0x0802670c       0x48 ./Dave/Generated/DMA_CH/dma_ch.o
                0x0802670c                DMA_CH_Init
 .text.DMA_CH_G0_reload
                0x08026754       0x38 ./Dave/Generated/DMA_CH/dma_ch_conf.o
                0x08026754                DMA_CH_G0_reload
 .text.DMA_CH_G1_reload
                0x0802678c       0x38 ./Dave/Generated/DMA_CH/dma_ch_conf.o
                0x0802678c                DMA_CH_G1_reload
 .text.DMA_CH_G3_reload
                0x080267c4       0x38 ./Dave/Generated/DMA_CH/dma_ch_conf.o
                0x080267c4                DMA_CH_G3_reload
 .text.DMA_CH_G2_reload
                0x080267fc       0x38 ./Dave/Generated/DMA_CH/dma_ch_conf.o
                0x080267fc                DMA_CH_G2_reload
 .text.DIGITAL_IO_Init
                0x08026834       0x1c ./Dave/Generated/DIGITAL_IO/digital_io.o
                0x08026834                DIGITAL_IO_Init
 .text.CRC_SW_Init
                0x08026850       0x34 ./Dave/Generated/CRC_SW/crc_sw.o
                0x08026850                CRC_SW_Init
 .text.CRC_SW_CalculateCRC
                0x08026884       0x84 ./Dave/Generated/CRC_SW/crc_sw.o
                0x08026884                CRC_SW_CalculateCRC
 .text.CRC_SW_GetCRCResult
                0x08026908       0x50 ./Dave/Generated/CRC_SW/crc_sw.o
                0x08026908                CRC_SW_GetCRCResult
 .text.SystemCoreSetup
                0x08026958       0x74 ./Dave/Generated/CPU_CTRL_XMC4/cpu_ctrl_xmc4_conf.o
                0x08026958                SystemCoreSetup
 .text          0x080269cc       0xc0 ./Dave/Generated/CMSIS_DSP/TransformFunctions/arm_bitreversal2.o
                0x080269cc                arm_bitreversal_32
                0x08026a36                arm_bitreversal_16
 .text.arm_cfft_radix8by2_f32
                0x08026a8c      0x184 ./Dave/Generated/CMSIS_DSP/TransformFunctions/arm_cfft_f32.o
                0x08026a8c                arm_cfft_radix8by2_f32
 .text.arm_cfft_radix8by4_f32
                0x08026c10      0x480 ./Dave/Generated/CMSIS_DSP/TransformFunctions/arm_cfft_f32.o
                0x08026c10                arm_cfft_radix8by4_f32
 .text.arm_cfft_f32
                0x08027090       0xf4 ./Dave/Generated/CMSIS_DSP/TransformFunctions/arm_cfft_f32.o
                0x08027090                arm_cfft_f32
 .text.arm_radix8_butterfly_f32
                0x08027184      0x590 ./Dave/Generated/CMSIS_DSP/TransformFunctions/arm_cfft_radix8_f32.o
                0x08027184                arm_radix8_butterfly_f32
 .text.arm_max_f32
                0x08027714       0xd0 ./Dave/Generated/CMSIS_DSP/StatisticsFunctions/arm_max_f32.o
                0x08027714                arm_max_f32
 .text.arm_mean_f32
                0x080277e4       0x68 ./Dave/Generated/CMSIS_DSP/StatisticsFunctions/arm_mean_f32.o
                0x080277e4                arm_mean_f32
 .text.arm_cos_f32
                0x0802784c       0x80 ./Dave/Generated/CMSIS_DSP/FastMathFunctions/arm_cos_f32.o
                0x0802784c                arm_cos_f32
 .text.arm_cmplx_mag_f32
                0x080278cc      0x1cc ./Dave/Generated/CMSIS_DSP/ComplexMathFunctions/arm_cmplx_mag_f32.o
                0x080278cc                arm_cmplx_mag_f32
 .text.CLOCK_XMC4_Init
                0x08027a98        0x8 ./Dave/Generated/CLOCK_XMC4/clock_xmc4.o
                0x08027a98                CLOCK_XMC4_Init
 .text.OSCHP_GetFrequency
                0x08027aa0        0x8 ./Dave/Generated/CLOCK_XMC4/clock_xmc4.o
                0x08027aa0                OSCHP_GetFrequency
 .text.SystemCoreClockSetup
                0x08027aa8       0x4c ./Dave/Generated/CLOCK_XMC4/clock_xmc4_conf.o
                0x08027aa8                SystemCoreClockSetup
 .text.ADC_MEASUREMENT_ADV_Init
                0x08027af4      0x4b8 ./Dave/Generated/ADC_MEASUREMENT_ADV/adc_measurement_adv.o
                0x08027af4                ADC_MEASUREMENT_ADV_Init
 .text.ADC_MEASUREMENT_ADV_G0_event_config
                0x08027fac       0x10 ./Dave/Generated/ADC_MEASUREMENT_ADV/adc_measurement_adv_conf.o
 .text.ADC_MEASUREMENT_ADV_G1_event_config
                0x08027fbc       0x10 ./Dave/Generated/ADC_MEASUREMENT_ADV/adc_measurement_adv_conf.o
 .text.ADC_MEASUREMENT_ADV_G2_event_config
                0x08027fcc       0x10 ./Dave/Generated/ADC_MEASUREMENT_ADV/adc_measurement_adv_conf.o
 .text.ADC_MEASUREMENT_ADV_G3_event_config
                0x08027fdc       0x10 ./Dave/Generated/ADC_MEASUREMENT_ADV/adc_measurement_adv_conf.o
 .text.DAVE_Init
                0x08027fec      0x24c ./Dave/Generated/DAVE.o
                0x08027fec                DAVE_Init
 .text.fft_window_gen
                0x08028238      0x470 ./DSP_LIB/src/dsp_lib.o
                0x08028238                fft_window_gen
 .text.compute_fft_signal
                0x080286a8      0x1f4 ./DSP_LIB/src/dsp_lib.o
                0x080286a8                compute_fft_signal
 .text.compute_fft_spectrum
                0x0802889c        0xc ./DSP_LIB/src/dsp_lib.o
                0x0802889c                compute_fft_spectrum
 .text.bsp_eeprom_24cw128x_write_data
                0x080288a8      0x274 ./BSP/radar_mcu4/src/radar_mcu4_bsp.o
                0x080288a8                bsp_eeprom_24cw128x_write_data
 .text.bsp_eeprom_24cw128x_read_data
                0x08028b1c      0x1b8 ./BSP/radar_mcu4/src/radar_mcu4_bsp.o
                0x08028b1c                bsp_eeprom_24cw128x_read_data
 .text.bsp_time_delay
                0x08028cd4       0x48 ./BSP/radar_mcu4/src/radar_mcu4_bsp.o
                0x08028cd4                bsp_time_delay
 .text.bsp_led_green_on
                0x08028d1c       0x14 ./BSP/radar_mcu4/src/radar_mcu4_bsp.o
                0x08028d1c                bsp_led_green_on
 .text.bsp_led_green_off
                0x08028d30       0x14 ./BSP/radar_mcu4/src/radar_mcu4_bsp.o
                0x08028d30                bsp_led_green_off
 .text.bsp_led_blue_on
                0x08028d44       0x14 ./BSP/radar_mcu4/src/radar_mcu4_bsp.o
                0x08028d44                bsp_led_blue_on
 .text.bsp_led_blue_off
                0x08028d58       0x14 ./BSP/radar_mcu4/src/radar_mcu4_bsp.o
                0x08028d58                bsp_led_blue_off
 .text.bsp_led_red_on
                0x08028d6c       0x14 ./BSP/radar_mcu4/src/radar_mcu4_bsp.o
                0x08028d6c                bsp_led_red_on
 .text.bsp_led_red_off
                0x08028d80       0x14 ./BSP/radar_mcu4/src/radar_mcu4_bsp.o
                0x08028d80                bsp_led_red_off
 .text.bsp_led_red_toggle
                0x08028d94       0x14 ./BSP/radar_mcu4/src/radar_mcu4_bsp.o
                0x08028d94                bsp_led_red_toggle
 .text.com_init
                0x08028da8        0x4 ./BSP/radar_mcu4/src/stream_interface_usb.o
                0x08028da8                com_init
 .text.com_send_data
                0x08028dac        0x4 ./BSP/radar_mcu4/src/stream_interface_usb.o
                0x08028dac                com_send_data
 .text.com_get_data
                0x08028db0       0x20 ./BSP/radar_mcu4/src/stream_interface_usb.o
                0x08028db0                com_get_data
 .text.com_flush
                0x08028dd0        0xc ./BSP/radar_mcu4/src/stream_interface_usb.o
                0x08028dd0                com_flush
 .text.I2C_MASTER_Init
                0x08028ddc       0x14 ./BSP/dave_fixes/I2C_MASTER/i2c_master.o
                0x08028ddc                I2C_MASTER_Init
 .text.I2C_MASTER_Transmit
                0x08028df0      0x20c ./BSP/dave_fixes/I2C_MASTER/i2c_master.o
                0x08028df0                I2C_MASTER_Transmit
 .text.I2C_MASTER_Receive
                0x08028ffc      0x194 ./BSP/dave_fixes/I2C_MASTER/i2c_master.o
                0x08028ffc                I2C_MASTER_Receive
 .text.I2C_MASTER_EEPROM_disable_io
                0x08029190       0x20 ./BSP/dave_fixes/I2C_MASTER/i2c_master_conf.o
 .text.I2C_MASTER_EEPROM_enable_io
                0x080291b0       0x20 ./BSP/dave_fixes/I2C_MASTER/i2c_master_conf.o
 .text.I2C_MASTER_EEPROM_init
                0x080291d0       0x7c ./BSP/dave_fixes/I2C_MASTER/i2c_master_conf.o
                0x080291d0                I2C_MASTER_EEPROM_init
 .text.helper_switch_pwm_on.isra.10
                0x0802924c       0x6c ./BSP/Sense2GoLPulse/src/sense2gol_bsp.o
 .text.bsp_update
                0x080292b8      0x420 ./BSP/Sense2GoLPulse/src/sense2gol_bsp.o
                0x080292b8                bsp_update
 .text.bsp_init
                0x080296d8       0x5c ./BSP/Sense2GoLPulse/src/sense2gol_bsp.o
                0x080296d8                bsp_init
 .text.CCU80_3_IRQHandler
                0x08029734       0x60 ./BSP/Sense2GoLPulse/src/sense2gol_bsp.o
                0x08029734                CCU80_3_IRQHandler
 .text.CCU43_0_IRQHandler
                0x08029794       0x40 ./BSP/Sense2GoLPulse/src/sense2gol_bsp.o
                0x08029794                CCU43_0_IRQHandler
 .text.CCU43_2_IRQHandler
                0x080297d4       0x64 ./BSP/Sense2GoLPulse/src/sense2gol_bsp.o
                0x080297d4                CCU43_2_IRQHandler
 .text.bsp_bgt_shut_down
                0x08029838        0xc ./BSP/Sense2GoLPulse/src/sense2gol_bsp.o
                0x08029838                bsp_bgt_shut_down
 .text.bsp_timer_stop_clear
                0x08029844       0x18 ./BSP/Sense2GoLPulse/src/sense2gol_bsp.o
                0x08029844                bsp_timer_stop_clear
 .text.bsp_timer_start
                0x0802985c        0x4 ./BSP/Sense2GoLPulse/src/sense2gol_bsp.o
                0x0802985c                bsp_timer_start
 .text.bsp_dma_set_adc_control_from_acq_buf_obj
                0x08029860      0x124 ./BSP/Sense2GoLPulse/src/sense2gol_bsp.o
                0x08029860                bsp_dma_set_adc_control_from_acq_buf_obj
 .text.bsp_trigger_new_frame
                0x08029984       0xd8 ./BSP/Sense2GoLPulse/src/sense2gol_bsp.o
                0x08029984                bsp_trigger_new_frame
 .text.DMA_Event_Handler
                0x08029a5c      0x320 ./BSP/Sense2GoLPulse/src/sense2gol_bsp.o
                0x08029a5c                DMA_Event_Handler
 .text.CCU43_1_IRQHandler
                0x08029d7c       0xe8 ./BSP/Sense2GoLPulse/src/sense2gol_bsp.o
                0x08029d7c                CCU43_1_IRQHandler
 .text.CCU41_1_IRQHandler
                0x08029e64      0x218 ./BSP/Sense2GoLPulse/src/sense2gol_bsp.o
                0x08029e64                CCU41_1_IRQHandler
 .text.bsp_reset_frame_counter
                0x0802a07c        0xc ./BSP/Sense2GoLPulse/src/sense2gol_bsp.o
                0x0802a07c                bsp_reset_frame_counter
 .text.bsp_register_callback
                0x0802a088       0x24 ./BSP/Sense2GoLPulse/src/sense2gol_bsp.o
                0x0802a088                bsp_register_callback
 .text.bsp_start_frame_intervall_timer
                0x0802a0ac       0x1c ./BSP/Sense2GoLPulse/src/sense2gol_bsp.o
                0x0802a0ac                bsp_start_frame_intervall_timer
 .text.bsp_calc_min_frame_interval_usec
                0x0802a0c8       0x24 ./BSP/Sense2GoLPulse/src/sense2gol_bsp.o
                0x0802a0c8                bsp_calc_min_frame_interval_usec
 .text.bsp_set_ptat_switch_status
                0x0802a0ec       0x14 ./BSP/Sense2GoLPulse/src/sense2gol_bsp.o
                0x0802a0ec                bsp_set_ptat_switch_status
 .text.bsp_usb_init
                0x0802a100       0x28 ./BSP/Sense2GoLPulse/src/sense2gol_usb.o
                0x0802a100                bsp_usb_init
 .text.app_data_acq_started_cb
                0x0802a128       0x10 ./Application/src/application.o
                0x0802a128                app_data_acq_started_cb
 .text.system_reset
                0x0802a138        0x4 ./Application/src/application.o
                0x0802a138                system_reset
 .text.app_data_acq_done_cb
                0x0802a13c       0x10 ./Application/src/application.o
                0x0802a13c                app_data_acq_done_cb
 .text.app_init
                0x0802a14c      0x128 ./Application/src/application.o
                0x0802a14c                app_init
 .text.app_register_algo_process
                0x0802a274        0xc ./Application/src/application.o
                0x0802a274                app_register_algo_process
 .text.calcCurrentConsumption_mA
                0x0802a280      0x194 ./Application/src/application.o
                0x0802a280                calcCurrentConsumption_mA
 .text.CCU43_3_IRQHandler
                0x0802a414       0x14 ./Application/src/application.o
                0x0802a414                CCU43_3_IRQHandler
 .text.app_reset_protocol
                0x0802a428       0x14 ./Application/src/application.o
                0x0802a428                app_reset_protocol
 .text.update_leds
                0x0802a43c       0xac ./Application/src/application.o
                0x0802a43c                update_leds
 .text.app_process
                0x0802a4e8      0x190 ./Application/src/application.o
                0x0802a4e8                app_process
 .text.doppler_calc_speed
                0x0802a678      0x1c0 ./Algorithms/src/doppler.o
                0x0802a678                doppler_calc_speed
 .text.doppler_do
                0x0802a838      0x108 ./Algorithms/src/doppler.o
                0x0802a838                doppler_do
 .text.startup.main
                0x0802a940       0x20 ./main.o
                0x0802a940                main
 .text.acq_completed_cb
                0x0802a960        0x4 ./main.o
                0x0802a960                acq_completed_cb
 .text.algo_completed_cb
                0x0802a964        0x4 ./main.o
                0x0802a964                algo_completed_cb
 .text.ceilf    0x0802a968       0xb4 c:/infineon/tools/dave ide/4.5.0.202105191637/eclipse/arm-gcc-49/bin/../lib/gcc/arm-none-eabi/4.9.3/../../../../arm-none-eabi/lib/armv7e-m/softfp\libm.a(lib_a-sf_ceil.o)
                0x0802a968                ceilf
 .text.acosf    0x0802aa1c       0xa4 c:/infineon/tools/dave ide/4.5.0.202105191637/eclipse/arm-gcc-49/bin/../lib/gcc/arm-none-eabi/4.9.3/../../../../arm-none-eabi/lib/armv7e-m/softfp\libm.a(lib_a-wf_acos.o)
                0x0802aa1c                acosf
 .text.acoshf   0x0802aac0       0xb0 c:/infineon/tools/dave ide/4.5.0.202105191637/eclipse/arm-gcc-49/bin/../lib/gcc/arm-none-eabi/4.9.3/../../../../arm-none-eabi/lib/armv7e-m/softfp\libm.a(lib_a-wf_acosh.o)
                0x0802aac0                acoshf
 .text.coshf    0x0802ab70       0xb0 c:/infineon/tools/dave ide/4.5.0.202105191637/eclipse/arm-gcc-49/bin/../lib/gcc/arm-none-eabi/4.9.3/../../../../arm-none-eabi/lib/armv7e-m/softfp\libm.a(lib_a-wf_cosh.o)
                0x0802ab70                coshf
 .text.powf     0x0802ac20      0x328 c:/infineon/tools/dave ide/4.5.0.202105191637/eclipse/arm-gcc-49/bin/../lib/gcc/arm-none-eabi/4.9.3/../../../../arm-none-eabi/lib/armv7e-m/softfp\libm.a(lib_a-wf_pow.o)
                0x0802ac20                powf
 .text.sqrtf    0x0802af48       0xb0 c:/infineon/tools/dave ide/4.5.0.202105191637/eclipse/arm-gcc-49/bin/../lib/gcc/arm-none-eabi/4.9.3/../../../../arm-none-eabi/lib/armv7e-m/softfp\libm.a(lib_a-wf_sqrt.o)
                0x0802af48                sqrtf
 .text.__ieee754_acosf
                0x0802aff8      0x254 c:/infineon/tools/dave ide/4.5.0.202105191637/eclipse/arm-gcc-49/bin/../lib/gcc/arm-none-eabi/4.9.3/../../../../arm-none-eabi/lib/armv7e-m/softfp\libm.a(lib_a-ef_acos.o)
                0x0802aff8                __ieee754_acosf
 .text.__ieee754_acoshf
                0x0802b24c       0xd4 c:/infineon/tools/dave ide/4.5.0.202105191637/eclipse/arm-gcc-49/bin/../lib/gcc/arm-none-eabi/4.9.3/../../../../arm-none-eabi/lib/armv7e-m/softfp\libm.a(lib_a-ef_acosh.o)
                0x0802b24c                __ieee754_acoshf
 .text.__ieee754_coshf
                0x0802b320       0xf4 c:/infineon/tools/dave ide/4.5.0.202105191637/eclipse/arm-gcc-49/bin/../lib/gcc/arm-none-eabi/4.9.3/../../../../arm-none-eabi/lib/armv7e-m/softfp\libm.a(lib_a-ef_cosh.o)
                0x0802b320                __ieee754_coshf
 .text.__ieee754_expf
                0x0802b414      0x1c4 c:/infineon/tools/dave ide/4.5.0.202105191637/eclipse/arm-gcc-49/bin/../lib/gcc/arm-none-eabi/4.9.3/../../../../arm-none-eabi/lib/armv7e-m/softfp\libm.a(lib_a-ef_exp.o)
                0x0802b414                __ieee754_expf
 .text.__ieee754_logf
                0x0802b5d8      0x228 c:/infineon/tools/dave ide/4.5.0.202105191637/eclipse/arm-gcc-49/bin/../lib/gcc/arm-none-eabi/4.9.3/../../../../arm-none-eabi/lib/armv7e-m/softfp\libm.a(lib_a-ef_log.o)
                0x0802b5d8                __ieee754_logf
 .text.__ieee754_powf
                0x0802b800      0x60c c:/infineon/tools/dave ide/4.5.0.202105191637/eclipse/arm-gcc-49/bin/../lib/gcc/arm-none-eabi/4.9.3/../../../../arm-none-eabi/lib/armv7e-m/softfp\libm.a(lib_a-ef_pow.o)
                0x0802b800                __ieee754_powf
 .text.__ieee754_sqrtf
                0x0802be0c       0xac c:/infineon/tools/dave ide/4.5.0.202105191637/eclipse/arm-gcc-49/bin/../lib/gcc/arm-none-eabi/4.9.3/../../../../arm-none-eabi/lib/armv7e-m/softfp\libm.a(lib_a-ef_sqrt.o)
                0x0802be0c                __ieee754_sqrtf
 .text.matherr  0x0802beb8        0x4 c:/infineon/tools/dave ide/4.5.0.202105191637/eclipse/arm-gcc-49/bin/../lib/gcc/arm-none-eabi/4.9.3/../../../../arm-none-eabi/lib/armv7e-m/softfp\libm.a(lib_a-s_matherr.o)
                0x0802beb8                matherr
 .text.nan      0x0802bebc        0xc c:/infineon/tools/dave ide/4.5.0.202105191637/eclipse/arm-gcc-49/bin/../lib/gcc/arm-none-eabi/4.9.3/../../../../arm-none-eabi/lib/armv7e-m/softfp\libm.a(lib_a-s_nan.o)
                0x0802bebc                nan
 .text.rint     0x0802bec8      0x118 c:/infineon/tools/dave ide/4.5.0.202105191637/eclipse/arm-gcc-49/bin/../lib/gcc/arm-none-eabi/4.9.3/../../../../arm-none-eabi/lib/armv7e-m/softfp\libm.a(lib_a-s_rint.o)
                0x0802bec8                rint
 .text.expm1f   0x0802bfe0      0x288 c:/infineon/tools/dave ide/4.5.0.202105191637/eclipse/arm-gcc-49/bin/../lib/gcc/arm-none-eabi/4.9.3/../../../../arm-none-eabi/lib/armv7e-m/softfp\libm.a(lib_a-sf_expm1.o)
                0x0802bfe0                expm1f
 .text.fabsf    0x0802c268        0x8 c:/infineon/tools/dave ide/4.5.0.202105191637/eclipse/arm-gcc-49/bin/../lib/gcc/arm-none-eabi/4.9.3/../../../../arm-none-eabi/lib/armv7e-m/softfp\libm.a(lib_a-sf_fabs.o)
                0x0802c268                fabsf
 .text.finitef  0x0802c270       0x10 c:/infineon/tools/dave ide/4.5.0.202105191637/eclipse/arm-gcc-49/bin/../lib/gcc/arm-none-eabi/4.9.3/../../../../arm-none-eabi/lib/armv7e-m/softfp\libm.a(lib_a-sf_finite.o)
                0x0802c270                finitef
 .text.__fpclassifyf
                0x0802c280       0x34 c:/infineon/tools/dave ide/4.5.0.202105191637/eclipse/arm-gcc-49/bin/../lib/gcc/arm-none-eabi/4.9.3/../../../../arm-none-eabi/lib/armv7e-m/softfp\libm.a(lib_a-sf_fpclassify.o)
                0x0802c280                __fpclassifyf
 .text.log1pf   0x0802c2b4      0x240 c:/infineon/tools/dave ide/4.5.0.202105191637/eclipse/arm-gcc-49/bin/../lib/gcc/arm-none-eabi/4.9.3/../../../../arm-none-eabi/lib/armv7e-m/softfp\libm.a(lib_a-sf_log1p.o)
                0x0802c2b4                log1pf
 .text.nanf     0x0802c4f4        0x8 c:/infineon/tools/dave ide/4.5.0.202105191637/eclipse/arm-gcc-49/bin/../lib/gcc/arm-none-eabi/4.9.3/../../../../arm-none-eabi/lib/armv7e-m/softfp\libm.a(lib_a-sf_nan.o)
                0x0802c4f4                nanf
 .text.scalbnf  0x0802c4fc      0x100 c:/infineon/tools/dave ide/4.5.0.202105191637/eclipse/arm-gcc-49/bin/../lib/gcc/arm-none-eabi/4.9.3/../../../../arm-none-eabi/lib/armv7e-m/softfp\libm.a(lib_a-sf_scalbn.o)
                0x0802c4fc                scalbnf
 .text.copysignf
                0x0802c5fc        0xc c:/infineon/tools/dave ide/4.5.0.202105191637/eclipse/arm-gcc-49/bin/../lib/gcc/arm-none-eabi/4.9.3/../../../../arm-none-eabi/lib/armv7e-m/softfp\libm.a(lib_a-sf_copysign.o)
                0x0802c5fc                copysignf
 .text          0x0802c608      0x370 c:/infineon/tools/dave ide/4.5.0.202105191637/eclipse/arm-gcc-49/bin/../lib/gcc/arm-none-eabi/4.9.3/armv7e-m/softfp\libgcc.a(_arm_addsubdf3.o)
                0x0802c608                __aeabi_drsub
                0x0802c610                __aeabi_dsub
                0x0802c610                __subdf3
                0x0802c614                __aeabi_dadd
                0x0802c614                __adddf3
                0x0802c88c                __floatunsidf
                0x0802c88c                __aeabi_ui2d
                0x0802c8ac                __floatsidf
                0x0802c8ac                __aeabi_i2d
                0x0802c8d0                __aeabi_f2d
                0x0802c8d0                __extendsfdf2
                0x0802c90c                __floatundidf
                0x0802c90c                __aeabi_ul2d
                0x0802c91c                __floatdidf
                0x0802c91c                __aeabi_l2d
 .text          0x0802c978      0x424 c:/infineon/tools/dave ide/4.5.0.202105191637/eclipse/arm-gcc-49/bin/../lib/gcc/arm-none-eabi/4.9.3/armv7e-m/softfp\libgcc.a(_arm_muldivdf3.o)
                0x0802c978                __aeabi_dmul
                0x0802c978                __muldf3
                0x0802cbcc                __divdf3
                0x0802cbcc                __aeabi_ddiv