Archive member included because of file (symbol)

c:/infineon/tools/dave ide/4.5.0.202105191637/eclipse/arm-gcc-49/bin/../lib/gcc/arm-none-eabi/4.9.3/../../../../arm-none-eabi/lib/armv7e-m/softfp\libm.a(lib_a-sf_ceil.o)
                              ./Algorithms/src/doppler.o (ceilf)
c:/infineon/tools/dave ide/4.5.0.202105191637/eclipse/arm-gcc-49/bin/../lib/gcc/arm-none-eabi/4.9.3/../../../../arm-none-eabi/lib/armv7e-m/softfp\libm.a(lib_a-wf_acos.o)
                              ./DSP_LIB/src/dsp_lib.o (acosf)
c:/infineon/tools/dave ide/4.5.0.202105191637/eclipse/arm-gcc-49/bin/../lib/gcc/arm-none-eabi/4.9.3/../../../../arm-none-eabi/lib/armv7e-m/softfp\libm.a(lib_a-wf_acosh.o)
                              ./DSP_LIB/src/dsp_lib.o (acoshf)
c:/infineon/tools/dave ide/4.5.0.202105191637/eclipse/arm-gcc-49/bin/../lib/gcc/arm-none-eabi/4.9.3/../../../../arm-none-eabi/lib/armv7e-m/softfp\libm.a(lib_a-wf_cosh.o)
                              ./DSP_LIB/src/dsp_lib.o (coshf)
c:/infineon/tools/dave ide/4.5.0.202105191637/eclipse/arm-gcc-49/bin/../lib/gcc/arm-none-eabi/4.9.3/../../../../arm-none-eabi/lib/armv7e-m/softfp\libm.a(lib_a-wf_pow.o)
                              ./DSP_LIB/src/dsp_lib.o (powf)
c:/infineon/tools/dave ide/4.5.0.202105191637/eclipse/arm-gcc-49/bin/../lib/gcc/arm-none-eabi/4.9.3/../../../../arm-none-eabi/lib/armv7e-m/softfp\libm.a(lib_a-wf_sqrt.o)
                              ./Dave/Generated/CMSIS_DSP/StatisticsFunctions/arm_rms_f32.o (sqrtf)
c:/infineon/tools/dave ide/4.5.0.202105191637/eclipse/arm-gcc-49/bin/../lib/gcc/arm-none-eabi/4.9.3/../../../../arm-none-eabi/lib/armv7e-m/softfp\libm.a(lib_a-ef_acos.o)
                              c:/infineon/tools/dave ide/4.5.0.202105191637/eclipse/arm-gcc-49/bin/../lib/gcc/arm-none-eabi/4.9.3/../../../../arm-none-eabi/lib/armv7e-m/softfp\libm.a(lib_a-wf_acos.o) (__ieee754_acosf)
c:/infineon/tools/dave ide/4.5.0.202105191637/eclipse/arm-gcc-49/bin/../lib/gcc/arm-none-eabi/4.9.3/../../../../arm-none-eabi/lib/armv7e-m/softfp\libm.a(lib_a-ef_acosh.o)
                              c:/infineon/tools/dave ide/4.5.0.202105191637/eclipse/arm-gcc-49/bin/../lib/gcc/arm-none-eabi/4.9.3/../../../../arm-none-eabi/lib/armv7e-m/softfp\libm.a(lib_a-wf_acosh.o) (__ieee754_acoshf)
c:/infineon/tools/dave ide/4.5.0.202105191637/eclipse/arm-gcc-49/bin/../lib/gcc/arm-none-eabi/4.9.3/../../../../arm-none-eabi/lib/armv7e-m/softfp\libm.a(lib_a-ef_cosh.o)
                              c:/infineon/tools/dave ide/4.5.0.202105191637/eclipse/arm-gcc-49/bin/../lib/gcc/arm-none-eabi/4.9.3/../../../../arm-none-eabi/lib/armv7e-m/softfp\libm.a(lib_a-wf_cosh.o) (__ieee754_coshf)
c:/infineon/tools/dave ide/4.5.0.202105191637/eclipse/arm-gcc-49/bin/../lib/gcc/arm-none-eabi/4.9.3/../../../../arm-none-eabi/lib/armv7e-m/softfp\libm.a(lib_a-ef_exp.o)
                              c:/infineon/tools/dave ide/4.5.0.202105191637/eclipse/arm-gcc-49/bin/../lib/gcc/arm-none-eabi/4.9.3/../../../../arm-none-eabi/lib/armv7e-m/softfp\libm.a(lib_a-ef_cosh.o) (__ieee754_expf)
c:/infineon/tools/dave ide/4.5.0.202105191637/eclipse/arm-gcc-49/bin/../lib/gcc/arm-none-eabi/4.9.3/../../../../arm-none-eabi/lib/armv7e-m/softfp\libm.a(lib_a-ef_log.o)
                              c:/infineon/tools/dave ide/4.5.0.202105191637/eclipse/arm-gcc-49/bin/../lib/gcc/arm-none-eabi/4.9.3/../../../../arm-none-eabi/lib/armv7e-m/softfp\libm.a(lib_a-ef_acosh.o) (__ieee754_logf)
c:/infineon/tools/dave ide/4.5.0.202105191637/eclipse/arm-gcc-49/bin/../lib/gcc/arm-none-eabi/4.9.3/../../../../arm-none-eabi/lib/armv7e-m/softfp\libm.a(lib_a-ef_pow.o)
                              c:/infineon/tools/dave ide/4.5.0.202105191637/eclipse/arm-gcc-49/bin/../lib/gcc/arm-none-eabi/4.9.3/../../../../arm-none-eabi/lib/armv7e-m/softfp\libm.a(lib_a-wf_pow.o) (__ieee754_powf)
c:/infineon/tools/dave ide/4.5.0.202105191637/eclipse/arm-gcc-49/bin/../lib/gcc/arm-none-eabi/4.9.3/../../../../arm-none-eabi/lib/armv7e-m/softfp\libm.a(lib_a-ef_sqrt.o)
                              c:/infineon/tools/dave ide/4.5.0.202105191637/eclipse/arm-gcc-49/bin/../lib/gcc/arm-none-eabi/4.9.3/../../../../arm-none-eabi/lib/armv7e-m/softfp\libm.a(lib_a-wf_sqrt.o) (__ieee754_sqrtf)
c:/infineon/tools/dave ide/4.5.0.202105191637/eclipse/arm-gcc-49/bin/../lib/gcc/arm-none-eabi/4.9.3/../../../../arm-none-eabi/lib/armv7e-m/softfp\libm.a(lib_a-s_lib_ver.o)
                              c:/infineon/tools/dave ide/4.5.0.202105191637/eclipse/arm-gcc-49/bin/../lib/gcc/arm-none-eabi/4.9.3/../../../../arm-none-eabi/lib/armv7e-m/softfp\libm.a(lib_a-wf_acos.o) (__fdlib_version)
c:/infineon/tools/dave ide/4.5.0.202105191637/eclipse/arm-gcc-49/bin/../lib/gcc/arm-none-eabi/4.9.3/../../../../arm-none-eabi/lib/armv7e-m/softfp\libm.a(lib_a-s_matherr.o)
                              c:/infineon/tools/dave ide/4.5.0.202105191637/eclipse/arm-gcc-49/bin/../lib/gcc/arm-none-eabi/4.9.3/../../../../arm-none-eabi/lib/armv7e-m/softfp\libm.a(lib_a-wf_acos.o) (matherr)
[...]
Memory Configuration

Name             Origin             Length             Attributes
FLASH_0_cached   0x08000000         0x00010000         xr
FLASH_0_uncached 0x0c000000         0x00010000         xr
FLASH_1_cached   0x08020000         0x001e0000         xr
FLASH_1_uncached 0x0c020000         0x001e0000         xr
PSRAM_1          0x1ffe8000         0x00018000         !xr
DSRAM_1_system   0x20000000         0x00020000         !xr
DSRAM_2_comm     0x20020000         0x00020000         !xr
SRAM_combined    0x1ffe8000         0x00058000         !xr
*default*        0x00000000         0xffffffff

Linker script and memory map

LOAD ./Tests/doppler_test.o
LOAD ./Store/src/datastore.o
LOAD ./Store/src/datastore_data.o
LOAD ./Store/src/datastore_eep.o
LOAD ./Store/src/ds_radar_interface.o
LOAD ./Startup/startup_XMC4700.o
LOAD ./Startup/system_XMC4700.o
LOAD ./Radar_Control/src/acq_buffer.o
LOAD ./Radar_Control/src/radar_base.o
LOAD ./Radar_Control/src/radar_control.o
LOAD ./Radar_Control/src/radar_device_status.o
LOAD ./Radar_Control/src/radar_mcubase.o
LOAD ./Radar_Control/src/radar_pulse.o
LOAD ./Libraries/XMCLib/src/xmc4_eru.o
LOAD ./Libraries/XMCLib/src/xmc4_flash.o
LOAD ./Libraries/XMCLib/src/xmc4_gpio.o
LOAD ./Libraries/XMCLib/src/xmc4_rtc.o
LOAD ./Libraries/XMCLib/src/xmc4_scu.o
LOAD ./Libraries/XMCLib/src/xmc_can.o
LOAD ./Libraries/XMCLib/src/xmc_ccu4.o
LOAD ./Libraries/XMCLib/src/xmc_ccu8.o
LOAD ./Libraries/XMCLib/src/xmc_common.o
LOAD ./Libraries/XMCLib/src/xmc_dac.o
LOAD ./Libraries/XMCLib/src/xmc_dma.o
LOAD ./Libraries/XMCLib/src/xmc_dsd.o
LOAD ./Libraries/XMCLib/src/xmc_ebu.o
LOAD ./Libraries/XMCLib/src/xmc_ecat.o
LOAD ./Libraries/XMCLib/src/xmc_eru.o
LOAD ./Libraries/XMCLib/src/xmc_eth_mac.o
LOAD ./Libraries/XMCLib/src/xmc_eth_phy_dp83848.o
LOAD ./Libraries/XMCLib/src/xmc_eth_phy_ksz8031rnl.o
LOAD ./Libraries/XMCLib/src/xmc_eth_phy_ksz8081rnb.o
LOAD ./Libraries/XMCLib/src/xmc_fce.o
LOAD ./Libraries/XMCLib/src/xmc_gpio.o
LOAD ./Libraries/XMCLib/src/xmc_hrpwm.o
LOAD ./Libraries/XMCLib/src/xmc_i2c.o
LOAD ./Libraries/XMCLib/src/xmc_i2s.o
LOAD ./Libraries/XMCLib/src/xmc_ledts.o
LOAD ./Libraries/XMCLib/src/xmc_posif.o
LOAD ./Libraries/XMCLib/src/xmc_rtc.o
LOAD ./Libraries/XMCLib/src/xmc_sdmmc.o
LOAD ./Libraries/XMCLib/src/xmc_spi.o
LOAD ./Libraries/XMCLib/src/xmc_uart.o
LOAD ./Libraries/XMCLib/src/xmc_usbd.o
LOAD ./Libraries/XMCLib/src/xmc_usbh.o
LOAD ./Libraries/XMCLib/src/xmc_usic.o
LOAD ./Libraries/XMCLib/src/xmc_vadc.o
LOAD ./Libraries/XMCLib/src/xmc_wdt.o
LOAD ./Libraries/Newlib/syscalls.o
LOAD ./HostCommunication/src/EndpointRadarDeviceStatus.o
LOAD ./HostCommunication/src/EndpointRadarMcuBase.o
LOAD ./HostCommunication/src/EndpointRadars2glpulse.o
LOAD ./HostCommunication/src/Protocol.o
LOAD ./HostCommunication/src/ProtocolHelper.o
LOAD ./Dave/Generated/USBD_VCOM/virtual_com/descriptors.o
LOAD ./Dave/Generated/USBD_VCOM/class_driver/device/cdc_class_device.o
LOAD ./Dave/Generated/USBD_VCOM/usbd_vcom.o
LOAD ./Dave/Generated/USBD_VCOM/usbd_vcom_conf.o
LOAD ./Dave/Generated/USBD/usb/core/xmc4000/usbd_endpoint_stream_xmc4000.o
LOAD ./Dave/Generated/USBD/usb/core/xmc4000/usbd_endpoint_xmc4000.o
LOAD ./Dave/Generated/USBD/usb/core/usb_task.o
LOAD ./Dave/Generated/USBD/usbd.o
LOAD ./Dave/Generated/USBD/usbd_conf.o
LOAD ./Dave/Generated/TIMER/timer.o
LOAD ./Dave/Generated/TIMER/timer_conf.o
LOAD ./Dave/Generated/PWM_CCU8/pwm_ccu8.o
LOAD ./Dave/Generated/PWM_CCU8/pwm_ccu8_conf.o
LOAD ./Dave/Generated/INTERRUPT/interrupt.o
LOAD ./Dave/Generated/INTERRUPT/interrupt_conf.o
LOAD ./Dave/Generated/GLOBAL_DMA/global_dma.o
LOAD ./Dave/Generated/GLOBAL_DMA/global_dma_conf.o
LOAD ./Dave/Generated/GLOBAL_CCU8/global_ccu8.o
LOAD ./Dave/Generated/GLOBAL_CCU8/global_ccu8_conf.o
LOAD ./Dave/Generated/GLOBAL_CCU4/global_ccu4.o
LOAD ./Dave/Generated/GLOBAL_CCU4/global_ccu4_conf.o
LOAD ./Dave/Generated/GLOBAL_ADC/global_adc.o
LOAD ./Dave/Generated/GLOBAL_ADC/global_adc_conf.o
LOAD ./Dave/Generated/DMA_CH/dma_ch.o
LOAD ./Dave/Generated/DMA_CH/dma_ch_conf.o
LOAD ./Dave/Generated/DIGITAL_IO/digital_io.o
LOAD ./Dave/Generated/DIGITAL_IO/digital_io_conf.o
LOAD ./Dave/Generated/CRC_SW/crc_sw.o
LOAD ./Dave/Generated/CRC_SW/crc_sw_conf.o
LOAD ./Dave/Generated/CPU_CTRL_XMC4/cpu_ctrl_xmc4.o
LOAD ./Dave/Generated/CPU_CTRL_XMC4/cpu_ctrl_xmc4_conf.o
LOAD ./Dave/Generated/CMSIS_DSP/TransformFunctions/arm_bitreversal.o
LOAD ./Dave/Generated/CMSIS_DSP/TransformFunctions/arm_bitreversal2.o
LOAD ./Dave/Generated/CMSIS_DSP/TransformFunctions/arm_cfft_f32.o
LOAD ./Dave/Generated/CMSIS_DSP/TransformFunctions/arm_cfft_q15.o
LOAD ./Dave/Generated/CMSIS_DSP/TransformFunctions/arm_cfft_q31.o
LOAD ./Dave/Generated/CMSIS_DSP/TransformFunctions/arm_cfft_radix2_f32.o
LOAD ./Dave/Generated/CMSIS_DSP/TransformFunctions/arm_cfft_radix2_init_f32.o
LOAD ./Dave/Generated/CMSIS_DSP/TransformFunctions/arm_cfft_radix2_init_q15.o
LOAD ./Dave/Generated/CMSIS_DSP/TransformFunctions/arm_cfft_radix2_init_q31.o
LOAD ./Dave/Generated/CMSIS_DSP/TransformFunctions/arm_cfft_radix2_q15.o
LOAD ./Dave/Generated/CMSIS_DSP/TransformFunctions/arm_cfft_radix2_q31.o
LOAD ./Dave/Generated/CMSIS_DSP/TransformFunctions/arm_cfft_radix4_f32.o
LOAD ./Dave/Generated/CMSIS_DSP/TransformFunctions/arm_cfft_radix4_init_f32.o
LOAD ./Dave/Generated/CMSIS_DSP/TransformFunctions/arm_cfft_radix4_init_q15.o
LOAD ./Dave/Generated/CMSIS_DSP/TransformFunctions/arm_cfft_radix4_init_q31.o
LOAD ./Dave/Generated/CMSIS_DSP/TransformFunctions/arm_cfft_radix4_q15.o
LOAD ./Dave/Generated/CMSIS_DSP/TransformFunctions/arm_cfft_radix4_q31.o
LOAD ./Dave/Generated/CMSIS_DSP/TransformFunctions/arm_cfft_radix8_f32.o
LOAD ./Dave/Generated/CMSIS_DSP/TransformFunctions/arm_dct4_f32.o
LOAD ./Dave/Generated/CMSIS_DSP/TransformFunctions/arm_dct4_init_f32.o
LOAD ./Dave/Generated/CMSIS_DSP/TransformFunctions/arm_dct4_init_q15.o
LOAD ./Dave/Generated/CMSIS_DSP/TransformFunctions/arm_dct4_init_q31.o
LOAD ./Dave/Generated/CMSIS_DSP/TransformFunctions/arm_dct4_q15.o
LOAD ./Dave/Generated/CMSIS_DSP/TransformFunctions/arm_dct4_q31.o
LOAD ./Dave/Generated/CMSIS_DSP/TransformFunctions/arm_rfft_f32.o
LOAD ./Dave/Generated/CMSIS_DSP/TransformFunctions/arm_rfft_fast_f32.o
LOAD ./Dave/Generated/CMSIS_DSP/TransformFunctions/arm_rfft_fast_init_f32.o
LOAD ./Dave/Generated/CMSIS_DSP/TransformFunctions/arm_rfft_init_f32.o
LOAD ./Dave/Generated/CMSIS_DSP/TransformFunctions/arm_rfft_init_q15.o
LOAD ./Dave/Generated/CMSIS_DSP/TransformFunctions/arm_rfft_init_q31.o
LOAD ./Dave/Generated/CMSIS_DSP/TransformFunctions/arm_rfft_q15.o
LOAD ./Dave/Generated/CMSIS_DSP/TransformFunctions/arm_rfft_q31.o
LOAD ./Dave/Generated/CMSIS_DSP/SupportFunctions/arm_copy_f32.o
LOAD ./Dave/Generated/CMSIS_DSP/SupportFunctions/arm_copy_q15.o
LOAD ./Dave/Generated/CMSIS_DSP/SupportFunctions/arm_copy_q31.o
LOAD ./Dave/Generated/CMSIS_DSP/SupportFunctions/arm_copy_q7.o
LOAD ./Dave/Generated/CMSIS_DSP/SupportFunctions/arm_fill_f32.o
LOAD ./Dave/Generated/CMSIS_DSP/SupportFunctions/arm_fill_q15.o
LOAD ./Dave/Generated/CMSIS_DSP/SupportFunctions/arm_fill_q31.o
LOAD ./Dave/Generated/CMSIS_DSP/SupportFunctions/arm_fill_q7.o
LOAD ./Dave/Generated/CMSIS_DSP/SupportFunctions/arm_float_to_q15.o
LOAD ./Dave/Generated/CMSIS_DSP/SupportFunctions/arm_float_to_q31.o
LOAD ./Dave/Generated/CMSIS_DSP/SupportFunctions/arm_float_to_q7.o
LOAD ./Dave/Generated/CMSIS_DSP/SupportFunctions/arm_q15_to_float.o
LOAD ./Dave/Generated/CMSIS_DSP/SupportFunctions/arm_q15_to_q31.o
LOAD ./Dave/Generated/CMSIS_DSP/SupportFunctions/arm_q15_to_q7.o
LOAD ./Dave/Generated/CMSIS_DSP/SupportFunctions/arm_q31_to_float.o
LOAD ./Dave/Generated/CMSIS_DSP/SupportFunctions/arm_q31_to_q15.o
LOAD ./Dave/Generated/CMSIS_DSP/SupportFunctions/arm_q31_to_q7.o
LOAD ./Dave/Generated/CMSIS_DSP/SupportFunctions/arm_q7_to_float.o
LOAD ./Dave/Generated/CMSIS_DSP/SupportFunctions/arm_q7_to_q15.o
LOAD ./Dave/Generated/CMSIS_DSP/SupportFunctions/arm_q7_to_q31.o
LOAD ./Dave/Generated/CMSIS_DSP/StatisticsFunctions/arm_max_f32.o
LOAD ./Dave/Generated/CMSIS_DSP/StatisticsFunctions/arm_max_q15.o
LOAD ./Dave/Generated/CMSIS_DSP/StatisticsFunctions/arm_max_q31.o
LOAD ./Dave/Generated/CMSIS_DSP/StatisticsFunctions/arm_max_q7.o
LOAD ./Dave/Generated/CMSIS_DSP/StatisticsFunctions/arm_mean_f32.o
LOAD ./Dave/Generated/CMSIS_DSP/StatisticsFunctions/arm_mean_q15.o
LOAD ./Dave/Generated/CMSIS_DSP/StatisticsFunctions/arm_mean_q31.o
LOAD ./Dave/Generated/CMSIS_DSP/StatisticsFunctions/arm_mean_q7.o
LOAD ./Dave/Generated/CMSIS_DSP/StatisticsFunctions/arm_min_f32.o
LOAD ./Dave/Generated/CMSIS_DSP/StatisticsFunctions/arm_min_q15.o
LOAD ./Dave/Generated/CMSIS_DSP/StatisticsFunctions/arm_min_q31.o
LOAD ./Dave/Generated/CMSIS_DSP/StatisticsFunctions/arm_min_q7.o
LOAD ./Dave/Generated/CMSIS_DSP/StatisticsFunctions/arm_power_f32.o
LOAD ./Dave/Generated/CMSIS_DSP/StatisticsFunctions/arm_power_q15.o
LOAD ./Dave/Generated/CMSIS_DSP/StatisticsFunctions/arm_power_q31.o
LOAD ./Dave/Generated/CMSIS_DSP/StatisticsFunctions/arm_power_q7.o
LOAD ./Dave/Generated/CMSIS_DSP/StatisticsFunctions/arm_rms_f32.o
LOAD ./Dave/Generated/CMSIS_DSP/StatisticsFunctions/arm_rms_q15.o
LOAD ./Dave/Generated/CMSIS_DSP/StatisticsFunctions/arm_rms_q31.o
LOAD ./Dave/Generated/CMSIS_DSP/StatisticsFunctions/arm_std_f32.o
LOAD ./Dave/Generated/CMSIS_DSP/StatisticsFunctions/arm_std_q15.o
LOAD ./Dave/Generated/CMSIS_DSP/StatisticsFunctions/arm_std_q31.o
LOAD ./Dave/Generated/CMSIS_DSP/StatisticsFunctions/arm_var_f32.o
LOAD ./Dave/Generated/CMSIS_DSP/StatisticsFunctions/arm_var_q15.o
LOAD ./Dave/Generated/CMSIS_DSP/StatisticsFunctions/arm_var_q31.o
LOAD ./Dave/Generated/CMSIS_DSP/MatrixFunctions/arm_mat_add_f32.o
LOAD ./Dave/Generated/CMSIS_DSP/MatrixFunctions/arm_mat_add_q15.o
LOAD ./Dave/Generated/CMSIS_DSP/MatrixFunctions/arm_mat_add_q31.o
LOAD ./Dave/Generated/CMSIS_DSP/MatrixFunctions/arm_mat_cmplx_mult_f32.o
LOAD ./Dave/Generated/CMSIS_DSP/MatrixFunctions/arm_mat_cmplx_mult_q15.o
LOAD ./Dave/Generated/CMSIS_DSP/MatrixFunctions/arm_mat_cmplx_mult_q31.o
LOAD ./Dave/Generated/CMSIS_DSP/MatrixFunctions/arm_mat_init_f32.o
LOAD ./Dave/Generated/CMSIS_DSP/MatrixFunctions/arm_mat_init_q15.o
LOAD ./Dave/Generated/CMSIS_DSP/MatrixFunctions/arm_mat_init_q31.o
LOAD ./Dave/Generated/CMSIS_DSP/MatrixFunctions/arm_mat_inverse_f32.o
LOAD ./Dave/Generated/CMSIS_DSP/MatrixFunctions/arm_mat_inverse_f64.o
LOAD ./Dave/Generated/CMSIS_DSP/MatrixFunctions/arm_mat_mult_f32.o
LOAD ./Dave/Generated/CMSIS_DSP/MatrixFunctions/arm_mat_mult_fast_q15.o
LOAD ./Dave/Generated/CMSIS_DSP/MatrixFunctions/arm_mat_mult_fast_q31.o
LOAD ./Dave/Generated/CMSIS_DSP/MatrixFunctions/arm_mat_mult_q15.o
LOAD ./Dave/Generated/CMSIS_DSP/MatrixFunctions/arm_mat_mult_q31.o
LOAD ./Dave/Generated/CMSIS_DSP/MatrixFunctions/arm_mat_scale_f32.o
LOAD ./Dave/Generated/CMSIS_DSP/MatrixFunctions/arm_mat_scale_q15.o
LOAD ./Dave/Generated/CMSIS_DSP/MatrixFunctions/arm_mat_scale_q31.o
LOAD ./Dave/Generated/CMSIS_DSP/MatrixFunctions/arm_mat_sub_f32.o
LOAD ./Dave/Generated/CMSIS_DSP/MatrixFunctions/arm_mat_sub_q15.o
LOAD ./Dave/Generated/CMSIS_DSP/MatrixFunctions/arm_mat_sub_q31.o
LOAD ./Dave/Generated/CMSIS_DSP/MatrixFunctions/arm_mat_trans_f32.o
LOAD ./Dave/Generated/CMSIS_DSP/MatrixFunctions/arm_mat_trans_q15.o
LOAD ./Dave/Generated/CMSIS_DSP/MatrixFunctions/arm_mat_trans_q31.o
LOAD ./Dave/Generated/CMSIS_DSP/FilteringFunctions/arm_biquad_cascade_df1_32x64_init_q31.o
LOAD ./Dave/Generated/CMSIS_DSP/FilteringFunctions/arm_biquad_cascade_df1_32x64_q31.o
LOAD ./Dave/Generated/CMSIS_DSP/FilteringFunctions/arm_biquad_cascade_df1_f32.o
LOAD ./Dave/Generated/CMSIS_DSP/FilteringFunctions/arm_biquad_cascade_df1_fast_q15.o
LOAD ./Dave/Generated/CMSIS_DSP/FilteringFunctions/arm_biquad_cascade_df1_fast_q31.o
LOAD ./Dave/Generated/CMSIS_DSP/FilteringFunctions/arm_biquad_cascade_df1_init_f32.o
LOAD ./Dave/Generated/CMSIS_DSP/FilteringFunctions/arm_biquad_cascade_df1_init_q15.o
LOAD ./Dave/Generated/CMSIS_DSP/FilteringFunctions/arm_biquad_cascade_df1_init_q31.o
LOAD ./Dave/Generated/CMSIS_DSP/FilteringFunctions/arm_biquad_cascade_df1_q15.o
LOAD ./Dave/Generated/CMSIS_DSP/FilteringFunctions/arm_biquad_cascade_df1_q31.o
LOAD ./Dave/Generated/CMSIS_DSP/FilteringFunctions/arm_biquad_cascade_df2T_f32.o
LOAD ./Dave/Generated/CMSIS_DSP/FilteringFunctions/arm_biquad_cascade_df2T_f64.o
LOAD ./Dave/Generated/CMSIS_DSP/FilteringFunctions/arm_biquad_cascade_df2T_init_f32.o
LOAD ./Dave/Generated/CMSIS_DSP/FilteringFunctions/arm_biquad_cascade_df2T_init_f64.o
LOAD ./Dave/Generated/CMSIS_DSP/FilteringFunctions/arm_biquad_cascade_stereo_df2T_f32.o
LOAD ./Dave/Generated/CMSIS_DSP/FilteringFunctions/arm_biquad_cascade_stereo_df2T_init_f32.o
LOAD ./Dave/Generated/CMSIS_DSP/FilteringFunctions/arm_conv_f32.o
LOAD ./Dave/Generated/CMSIS_DSP/FilteringFunctions/arm_conv_fast_opt_q15.o
LOAD ./Dave/Generated/CMSIS_DSP/FilteringFunctions/arm_conv_fast_q15.o
LOAD ./Dave/Generated/CMSIS_DSP/FilteringFunctions/arm_conv_fast_q31.o
LOAD ./Dave/Generated/CMSIS_DSP/FilteringFunctions/arm_conv_opt_q15.o
LOAD ./Dave/Generated/CMSIS_DSP/FilteringFunctions/arm_conv_opt_q7.o
LOAD ./Dave/Generated/CMSIS_DSP/FilteringFunctions/arm_conv_partial_f32.o
LOAD ./Dave/Generated/CMSIS_DSP/FilteringFunctions/arm_conv_partial_fast_opt_q15.o
LOAD ./Dave/Generated/CMSIS_DSP/FilteringFunctions/arm_conv_partial_fast_q15.o
LOAD ./Dave/Generated/CMSIS_DSP/FilteringFunctions/arm_conv_partial_fast_q31.o
LOAD ./Dave/Generated/CMSIS_DSP/FilteringFunctions/arm_conv_partial_opt_q15.o
LOAD ./Dave/Generated/CMSIS_DSP/FilteringFunctions/arm_conv_partial_opt_q7.o
LOAD ./Dave/Generated/CMSIS_DSP/FilteringFunctions/arm_conv_partial_q15.o
LOAD ./Dave/Generated/CMSIS_DSP/FilteringFunctions/arm_conv_partial_q31.o
LOAD ./Dave/Generated/CMSIS_DSP/FilteringFunctions/arm_conv_partial_q7.o
LOAD ./Dave/Generated/CMSIS_DSP/FilteringFunctions/arm_conv_q15.o
LOAD ./Dave/Generated/CMSIS_DSP/FilteringFunctions/arm_conv_q31.o
LOAD ./Dave/Generated/CMSIS_DSP/FilteringFunctions/arm_conv_q7.o
LOAD ./Dave/Generated/CMSIS_DSP/FilteringFunctions/arm_correlate_f32.o
LOAD ./Dave/Generated/CMSIS_DSP/FilteringFunctions/arm_correlate_fast_opt_q15.o
LOAD ./Dave/Generated/CMSIS_DSP/FilteringFunctions/arm_correlate_fast_q15.o
LOAD ./Dave/Generated/CMSIS_DSP/FilteringFunctions/arm_correlate_fast_q31.o
LOAD ./Dave/Generated/CMSIS_DSP/FilteringFunctions/arm_correlate_opt_q15.o
LOAD ./Dave/Generated/CMSIS_DSP/FilteringFunctions/arm_correlate_opt_q7.o
LOAD ./Dave/Generated/CMSIS_DSP/FilteringFunctions/arm_correlate_q15.o
LOAD ./Dave/Generated/CMSIS_DSP/FilteringFunctions/arm_correlate_q31.o
LOAD ./Dave/Generated/CMSIS_DSP/FilteringFunctions/arm_correlate_q7.o
LOAD ./Dave/Generated/CMSIS_DSP/FilteringFunctions/arm_fir_decimate_f32.o
LOAD ./Dave/Generated/CMSIS_DSP/FilteringFunctions/arm_fir_decimate_fast_q15.o
LOAD ./Dave/Generated/CMSIS_DSP/FilteringFunctions/arm_fir_decimate_fast_q31.o
LOAD ./Dave/Generated/CMSIS_DSP/FilteringFunctions/arm_fir_decimate_init_f32.o
LOAD ./Dave/Generated/CMSIS_DSP/FilteringFunctions/arm_fir_decimate_init_q15.o
LOAD ./Dave/Generated/CMSIS_DSP/FilteringFunctions/arm_fir_decimate_init_q31.o
LOAD ./Dave/Generated/CMSIS_DSP/FilteringFunctions/arm_fir_decimate_q15.o
LOAD ./Dave/Generated/CMSIS_DSP/FilteringFunctions/arm_fir_decimate_q31.o
LOAD ./Dave/Generated/CMSIS_DSP/FilteringFunctions/arm_fir_f32.o
LOAD ./Dave/Generated/CMSIS_DSP/FilteringFunctions/arm_fir_fast_q15.o
LOAD ./Dave/Generated/CMSIS_DSP/FilteringFunctions/arm_fir_fast_q31.o
LOAD ./Dave/Generated/CMSIS_DSP/FilteringFunctions/arm_fir_init_f32.o
LOAD ./Dave/Generated/CMSIS_DSP/FilteringFunctions/arm_fir_init_q15.o
LOAD ./Dave/Generated/CMSIS_DSP/FilteringFunctions/arm_fir_init_q31.o
LOAD ./Dave/Generated/CMSIS_DSP/FilteringFunctions/arm_fir_init_q7.o
LOAD ./Dave/Generated/CMSIS_DSP/FilteringFunctions/arm_fir_interpolate_f32.o
LOAD ./Dave/Generated/CMSIS_DSP/FilteringFunctions/arm_fir_interpolate_init_f32.o
LOAD ./Dave/Generated/CMSIS_DSP/FilteringFunctions/arm_fir_interpolate_init_q15.o
LOAD ./Dave/Generated/CMSIS_DSP/FilteringFunctions/arm_fir_interpolate_init_q31.o
LOAD ./Dave/Generated/CMSIS_DSP/FilteringFunctions/arm_fir_interpolate_q15.o
LOAD ./Dave/Generated/CMSIS_DSP/FilteringFunctions/arm_fir_interpolate_q31.o
LOAD ./Dave/Generated/CMSIS_DSP/FilteringFunctions/arm_fir_lattice_f32.o
LOAD ./Dave/Generated/CMSIS_DSP/FilteringFunctions/arm_fir_lattice_init_f32.o
LOAD ./Dave/Generated/CMSIS_DSP/FilteringFunctions/arm_fir_lattice_init_q15.o
LOAD ./Dave/Generated/CMSIS_DSP/FilteringFunctions/arm_fir_lattice_init_q31.o
LOAD ./Dave/Generated/CMSIS_DSP/FilteringFunctions/arm_fir_lattice_q15.o
LOAD ./Dave/Generated/CMSIS_DSP/FilteringFunctions/arm_fir_lattice_q31.o
LOAD ./Dave/Generated/CMSIS_DSP/FilteringFunctions/arm_fir_q15.o
LOAD ./Dave/Generated/CMSIS_DSP/FilteringFunctions/arm_fir_q31.o
LOAD ./Dave/Generated/CMSIS_DSP/FilteringFunctions/arm_fir_q7.o
LOAD ./Dave/Generated/CMSIS_DSP/FilteringFunctions/arm_fir_sparse_f32.o
LOAD ./Dave/Generated/CMSIS_DSP/FilteringFunctions/arm_fir_sparse_init_f32.o
LOAD ./Dave/Generated/CMSIS_DSP/FilteringFunctions/arm_fir_sparse_init_q15.o
LOAD ./Dave/Generated/CMSIS_DSP/FilteringFunctions/arm_fir_sparse_init_q31.o
LOAD ./Dave/Generated/CMSIS_DSP/FilteringFunctions/arm_fir_sparse_init_q7.o
LOAD ./Dave/Generated/CMSIS_DSP/FilteringFunctions/arm_fir_sparse_q15.o
LOAD ./Dave/Generated/CMSIS_DSP/FilteringFunctions/arm_fir_sparse_q31.o
LOAD ./Dave/Generated/CMSIS_DSP/FilteringFunctions/arm_fir_sparse_q7.o
LOAD ./Dave/Generated/CMSIS_DSP/FilteringFunctions/arm_iir_lattice_f32.o
LOAD ./Dave/Generated/CMSIS_DSP/FilteringFunctions/arm_iir_lattice_init_f32.o
LOAD ./Dave/Generated/CMSIS_DSP/FilteringFunctions/arm_iir_lattice_init_q15.o
LOAD ./Dave/Generated/CMSIS_DSP/FilteringFunctions/arm_iir_lattice_init_q31.o
LOAD ./Dave/Generated/CMSIS_DSP/FilteringFunctions/arm_iir_lattice_q15.o
LOAD ./Dave/Generated/CMSIS_DSP/FilteringFunctions/arm_iir_lattice_q31.o
LOAD ./Dave/Generated/CMSIS_DSP/FilteringFunctions/arm_lms_f32.o
LOAD ./Dave/Generated/CMSIS_DSP/FilteringFunctions/arm_lms_init_f32.o
LOAD ./Dave/Generated/CMSIS_DSP/FilteringFunctions/arm_lms_init_q15.o
LOAD ./Dave/Generated/CMSIS_DSP/FilteringFunctions/arm_lms_init_q31.o
LOAD ./Dave/Generated/CMSIS_DSP/FilteringFunctions/arm_lms_norm_f32.o
LOAD ./Dave/Generated/CMSIS_DSP/FilteringFunctions/arm_lms_norm_init_f32.o
LOAD ./Dave/Generated/CMSIS_DSP/FilteringFunctions/arm_lms_norm_init_q15.o
LOAD ./Dave/Generated/CMSIS_DSP/FilteringFunctions/arm_lms_norm_init_q31.o
LOAD ./Dave/Generated/CMSIS_DSP/FilteringFunctions/arm_lms_norm_q15.o
LOAD ./Dave/Generated/CMSIS_DSP/FilteringFunctions/arm_lms_norm_q31.o
LOAD ./Dave/Generated/CMSIS_DSP/FilteringFunctions/arm_lms_q15.o
LOAD ./Dave/Generated/CMSIS_DSP/FilteringFunctions/arm_lms_q31.o
LOAD ./Dave/Generated/CMSIS_DSP/FastMathFunctions/arm_cos_f32.o
LOAD ./Dave/Generated/CMSIS_DSP/FastMathFunctions/arm_cos_q15.o
LOAD ./Dave/Generated/CMSIS_DSP/FastMathFunctions/arm_cos_q31.o
LOAD ./Dave/Generated/CMSIS_DSP/FastMathFunctions/arm_sin_f32.o
LOAD ./Dave/Generated/CMSIS_DSP/FastMathFunctions/arm_sin_q15.o
LOAD ./Dave/Generated/CMSIS_DSP/FastMathFunctions/arm_sin_q31.o
LOAD ./Dave/Generated/CMSIS_DSP/FastMathFunctions/arm_sqrt_q15.o
LOAD ./Dave/Generated/CMSIS_DSP/FastMathFunctions/arm_sqrt_q31.o
LOAD ./Dave/Generated/CMSIS_DSP/ControllerFunctions/arm_pid_init_f32.o
LOAD ./Dave/Generated/CMSIS_DSP/ControllerFunctions/arm_pid_init_q15.o
LOAD ./Dave/Generated/CMSIS_DSP/ControllerFunctions/arm_pid_init_q31.o
LOAD ./Dave/Generated/CMSIS_DSP/ControllerFunctions/arm_pid_reset_f32.o
LOAD ./Dave/Generated/CMSIS_DSP/ControllerFunctions/arm_pid_reset_q15.o
LOAD ./Dave/Generated/CMSIS_DSP/ControllerFunctions/arm_pid_reset_q31.o
LOAD ./Dave/Generated/CMSIS_DSP/ControllerFunctions/arm_sin_cos_f32.o
LOAD ./Dave/Generated/CMSIS_DSP/ControllerFunctions/arm_sin_cos_q31.o
LOAD ./Dave/Generated/CMSIS_DSP/ComplexMathFunctions/arm_cmplx_conj_f32.o
LOAD ./Dave/Generated/CMSIS_DSP/ComplexMathFunctions/arm_cmplx_conj_q15.o
LOAD ./Dave/Generated/CMSIS_DSP/ComplexMathFunctions/arm_cmplx_conj_q31.o
LOAD ./Dave/Generated/CMSIS_DSP/ComplexMathFunctions/arm_cmplx_dot_prod_f32.o
LOAD ./Dave/Generated/CMSIS_DSP/ComplexMathFunctions/arm_cmplx_dot_prod_q15.o
LOAD ./Dave/Generated/CMSIS_DSP/ComplexMathFunctions/arm_cmplx_dot_prod_q31.o
LOAD ./Dave/Generated/CMSIS_DSP/ComplexMathFunctions/arm_cmplx_mag_f32.o
LOAD ./Dave/Generated/CMSIS_DSP/ComplexMathFunctions/arm_cmplx_mag_q15.o
LOAD ./Dave/Generated/CMSIS_DSP/ComplexMathFunctions/arm_cmplx_mag_q31.o
LOAD ./Dave/Generated/CMSIS_DSP/ComplexMathFunctions/arm_cmplx_mag_squared_f32.o
LOAD ./Dave/Generated/CMSIS_DSP/ComplexMathFunctions/arm_cmplx_mag_squared_q15.o
LOAD ./Dave/Generated/CMSIS_DSP/ComplexMathFunctions/arm_cmplx_mag_squared_q31.o
LOAD ./Dave/Generated/CMSIS_DSP/ComplexMathFunctions/arm_cmplx_mult_cmplx_f32.o
LOAD ./Dave/Generated/CMSIS_DSP/ComplexMathFunctions/arm_cmplx_mult_cmplx_q15.o
LOAD ./Dave/Generated/CMSIS_DSP/ComplexMathFunctions/arm_cmplx_mult_cmplx_q31.o
LOAD ./Dave/Generated/CMSIS_DSP/ComplexMathFunctions/arm_cmplx_mult_real_f32.o
LOAD ./Dave/Generated/CMSIS_DSP/ComplexMathFunctions/arm_cmplx_mult_real_q15.o
LOAD ./Dave/Generated/CMSIS_DSP/ComplexMathFunctions/arm_cmplx_mult_real_q31.o
LOAD ./Dave/Generated/CMSIS_DSP/CommonTables/arm_common_tables.o
LOAD ./Dave/Generated/CMSIS_DSP/CommonTables/arm_const_structs.o
LOAD ./Dave/Generated/CMSIS_DSP/BasicMathFunctions/arm_abs_f32.o
LOAD ./Dave/Generated/CMSIS_DSP/BasicMathFunctions/arm_abs_q15.o
LOAD ./Dave/Generated/CMSIS_DSP/BasicMathFunctions/arm_abs_q31.o
LOAD ./Dave/Generated/CMSIS_DSP/BasicMathFunctions/arm_abs_q7.o
LOAD ./Dave/Generated/CMSIS_DSP/BasicMathFunctions/arm_add_f32.o
LOAD ./Dave/Generated/CMSIS_DSP/BasicMathFunctions/arm_add_q15.o
LOAD ./Dave/Generated/CMSIS_DSP/BasicMathFunctions/arm_add_q31.o
LOAD ./Dave/Generated/CMSIS_DSP/BasicMathFunctions/arm_add_q7.o
LOAD ./Dave/Generated/CMSIS_DSP/BasicMathFunctions/arm_dot_prod_f32.o
LOAD ./Dave/Generated/CMSIS_DSP/BasicMathFunctions/arm_dot_prod_q15.o
LOAD ./Dave/Generated/CMSIS_DSP/BasicMathFunctions/arm_dot_prod_q31.o
LOAD ./Dave/Generated/CMSIS_DSP/BasicMathFunctions/arm_dot_prod_q7.o
LOAD ./Dave/Generated/CMSIS_DSP/BasicMathFunctions/arm_mult_f32.o
LOAD ./Dave/Generated/CMSIS_DSP/BasicMathFunctions/arm_mult_q15.o
LOAD ./Dave/Generated/CMSIS_DSP/BasicMathFunctions/arm_mult_q31.o
LOAD ./Dave/Generated/CMSIS_DSP/BasicMathFunctions/arm_mult_q7.o
LOAD ./Dave/Generated/CMSIS_DSP/BasicMathFunctions/arm_negate_f32.o
LOAD ./Dave/Generated/CMSIS_DSP/BasicMathFunctions/arm_negate_q15.o
LOAD ./Dave/Generated/CMSIS_DSP/BasicMathFunctions/arm_negate_q31.o
LOAD ./Dave/Generated/CMSIS_DSP/BasicMathFunctions/arm_negate_q7.o
LOAD ./Dave/Generated/CMSIS_DSP/BasicMathFunctions/arm_offset_f32.o
LOAD ./Dave/Generated/CMSIS_DSP/BasicMathFunctions/arm_offset_q15.o
LOAD ./Dave/Generated/CMSIS_DSP/BasicMathFunctions/arm_offset_q31.o
LOAD ./Dave/Generated/CMSIS_DSP/BasicMathFunctions/arm_offset_q7.o
LOAD ./Dave/Generated/CMSIS_DSP/BasicMathFunctions/arm_scale_f32.o
LOAD ./Dave/Generated/CMSIS_DSP/BasicMathFunctions/arm_scale_q15.o
LOAD ./Dave/Generated/CMSIS_DSP/BasicMathFunctions/arm_scale_q31.o
LOAD ./Dave/Generated/CMSIS_DSP/BasicMathFunctions/arm_scale_q7.o
LOAD ./Dave/Generated/CMSIS_DSP/BasicMathFunctions/arm_shift_q15.o
LOAD ./Dave/Generated/CMSIS_DSP/BasicMathFunctions/arm_shift_q31.o
LOAD ./Dave/Generated/CMSIS_DSP/BasicMathFunctions/arm_shift_q7.o
LOAD ./Dave/Generated/CMSIS_DSP/BasicMathFunctions/arm_sub_f32.o
LOAD ./Dave/Generated/CMSIS_DSP/BasicMathFunctions/arm_sub_q15.o
LOAD ./Dave/Generated/CMSIS_DSP/BasicMathFunctions/arm_sub_q31.o
LOAD ./Dave/Generated/CMSIS_DSP/BasicMathFunctions/arm_sub_q7.o
LOAD ./Dave/Generated/CMSIS_DSP/cmsis_dsp.o
LOAD ./Dave/Generated/CLOCK_XMC4/clock_xmc4.o
LOAD ./Dave/Generated/CLOCK_XMC4/clock_xmc4_conf.o
LOAD ./Dave/Generated/ADC_MEASUREMENT_ADV/adc_measurement_adv.o
LOAD ./Dave/Generated/ADC_MEASUREMENT_ADV/adc_measurement_adv_conf.o
LOAD ./Dave/Generated/DAVE.o
LOAD ./DSP_LIB/src/dsp_lib.o
LOAD ./BSP/radar_mcu4/src/radar_mcu4_bsp.o
LOAD ./BSP/radar_mcu4/src/stream_interface_usb.o
LOAD ./BSP/dave_fixes/I2C_MASTER/i2c_master.o
LOAD ./BSP/dave_fixes/I2C_MASTER/i2c_master_conf.o
LOAD ./BSP/Sense2GoLPulse/src/sense2gol_bsp.o
LOAD ./BSP/Sense2GoLPulse/src/sense2gol_usb.o
LOAD ./Application/src/application.o
LOAD ./Algorithms/src/doppler.o
LOAD ./.metadata/.plugins/org.eclipse.cdt.make.core/specs.o
LOAD ./main.o
LOAD c:/infineon/tools/dave ide/4.5.0.202105191637/eclipse/arm-gcc-49/bin/../lib/gcc/arm-none-eabi/4.9.3/../../../../arm-none-eabi/lib/armv7e-m/softfp\libstdc++_nano.a
LOAD c:/infineon/tools/dave ide/4.5.0.202105191637/eclipse/arm-gcc-49/bin/../lib/gcc/arm-none-eabi/4.9.3/../../../../arm-none-eabi/lib/armv7e-m/softfp\libm.a
START GROUP
LOAD c:/infineon/tools/dave ide/4.5.0.202105191637/eclipse/arm-gcc-49/bin/../lib/gcc/arm-none-eabi/4.9.3/armv7e-m/softfp\libgcc.a
LOAD c:/infineon/tools/dave ide/4.5.0.202105191637/eclipse/arm-gcc-49/bin/../lib/gcc/arm-none-eabi/4.9.3/../../../../arm-none-eabi/lib/armv7e-m/softfp\libg_nano.a
LOAD c:/infineon/tools/dave ide/4.5.0.202105191637/eclipse/arm-gcc-49/bin/../lib/gcc/arm-none-eabi/4.9.3/../../../../arm-none-eabi/lib/armv7e-m/softfp\libc_nano.a
END GROUP
START GROUP
LOAD c:/infineon/tools/dave ide/4.5.0.202105191637/eclipse/arm-gcc-49/bin/../lib/gcc/arm-none-eabi/4.9.3/armv7e-m/softfp\libgcc.a
LOAD c:/infineon/tools/dave ide/4.5.0.202105191637/eclipse/arm-gcc-49/bin/../lib/gcc/arm-none-eabi/4.9.3/../../../../arm-none-eabi/lib/armv7e-m/softfp\libc_nano.a
LOAD c:/infineon/tools/dave ide/4.5.0.202105191637/eclipse/arm-gcc-49/bin/../lib/gcc/arm-none-eabi/4.9.3/../../../../arm-none-eabi/lib/armv7e-m/softfp\libnosys.a
END GROUP
START GROUP
LOAD c:/infineon/tools/dave ide/4.5.0.202105191637/eclipse/arm-gcc-49/bin/../lib/gcc/arm-none-eabi/4.9.3/armv7e-m/softfp\libgcc.a
LOAD c:/infineon/tools/dave ide/4.5.0.202105191637/eclipse/arm-gcc-49/bin/../lib/gcc/arm-none-eabi/4.9.3/../../../../arm-none-eabi/lib/armv7e-m/softfp\libc_nano.a
LOAD c:/infineon/tools/dave ide/4.5.0.202105191637/eclipse/arm-gcc-49/bin/../lib/gcc/arm-none-eabi/4.9.3/../../../../arm-none-eabi/lib/armv7e-m/softfp\libnosys.a
END GROUP
                0x00001000                stack_size = DEFINED (stack_size)?stack_size:0x1000
                0x00000040                no_init_size = 0x40

.reset          0x08000000      0x294 load address 0x0c000000
 *(.reset)
 .reset         0x08000000      0x294 ./Startup/startup_XMC4700.o
                0x08000000                __Vectors
                0x08000200                Reset_Handler
                0x08000290                DSD0_7_IRQHandler
                0x08000290                DebugMon_Handler
                0x08000290                VADC0_C0_0_IRQHandler
                0x08000290                CAN0_4_IRQHandler
                0x08000290                VADC0_G2_0_IRQHandler
                0x08000290                USIC0_5_IRQHandler
                0x08000290                POSIF0_0_IRQHandler
                0x08000290                POSIF1_0_IRQHandler
                0x08000290                HardFault_Handler
                0x08000290                VADC0_G1_1_IRQHandler
                0x08000290                SysTick_Handler
                0x08000290                PendSV_Handler
                0x08000290                NMI_Handler
                0x08000290                USIC1_3_IRQHandler
                0x08000290                CCU40_2_IRQHandler
                0x08000290                SCU_0_IRQHandler
                0x08000290                ERU0_0_IRQHandler
                0x08000290                CCU41_0_IRQHandler
                0x08000290                USIC1_5_IRQHandler
                0x08000290                DSD0_4_IRQHandler
                0x08000290                CCU80_1_IRQHandler
                0x08000290                CCU81_0_IRQHandler
                0x08000290                UsageFault_Handler
                0x08000290                USIC0_0_IRQHandler
                0x08000290                POSIF1_1_IRQHandler
                0x08000290                ERU0_2_IRQHandler
                0x08000290                CCU81_1_IRQHandler
                0x08000290                ERU1_1_IRQHandler
                0x08000290                VADC0_G2_3_IRQHandler
                0x08000290                VADC0_G2_2_IRQHandler
                0x08000290                CCU42_3_IRQHandler
                0x08000290                ERU0_3_IRQHandler
                0x08000290                DSD0_5_IRQHandler
                0x08000290                VADC0_C0_3_IRQHandler
                0x08000290                CAN0_6_IRQHandler
                0x08000290                VADC0_G0_1_IRQHandler
                0x08000290                CCU81_2_IRQHandler
                0x08000290                USIC2_4_IRQHandler
                0x08000290                CCU81_3_IRQHandler
                0x08000290                CCU42_1_IRQHandler
                0x08000290                USIC1_1_IRQHandler
                0x08000290                USIC2_5_IRQHandler
                0x08000290                CCU40_0_IRQHandler
                0x08000290                CAN0_0_IRQHandler
                0x08000290                ERU1_0_IRQHandler
                0x08000290                CCU42_2_IRQHandler
                0x08000290                Default_Handler
                0x08000290                USIC1_4_IRQHandler
                0x08000290                ERU1_3_IRQHandler
                0x08000290                USIC1_0_IRQHandler
                0x08000290                POSIF0_1_IRQHandler
                0x08000290                VADC0_G0_0_IRQHandler
                0x08000290                DSD0_2_IRQHandler
                0x08000290                CCU41_3_IRQHandler
                0x08000290                CCU80_2_IRQHandler
                0x08000290                VADC0_G1_3_IRQHandler
                0x08000290                VADC0_G0_3_IRQHandler
                0x08000290                PMU0_0_IRQHandler
                0x08000290                CAN0_7_IRQHandler
                0x08000290                DSD0_1_IRQHandler
                0x08000290                CCU41_2_IRQHandler
                0x08000290                VADC0_C0_1_IRQHandler
                0x08000290                USIC2_2_IRQHandler
                0x08000290                MemManage_Handler
                0x08000290                VADC0_G3_1_IRQHandler
                0x08000290                DAC0_0_IRQHandler
                0x08000290                SVC_Handler
                0x08000290                VADC0_G3_3_IRQHandler
                0x08000290                ERU1_2_IRQHandler
                0x08000290                DSD0_6_IRQHandler
                0x08000290                VADC0_G1_2_IRQHandler
                0x08000290                USIC2_3_IRQHandler
                0x08000290                CAN0_2_IRQHandler
                0x08000290                USIC2_0_IRQHandler
                0x08000290                VADC0_G0_2_IRQHandler
                0x08000290                VADC0_G2_1_IRQHandler
                0x08000290                CAN0_3_IRQHandler
                0x08000290                ETH0_0_IRQHandler
                0x08000290                USIC0_3_IRQHandler
                0x08000290                DSD0_0_IRQHandler
                0x08000290                VADC0_C0_2_IRQHandler
                0x08000290                CCU42_0_IRQHandler
                0x08000290                FCE0_0_IRQHandler
                0x08000290                VADC0_G1_0_IRQHandler
                0x08000290                CAN0_5_IRQHandler
                0x08000290                CCU80_0_IRQHandler
                0x08000290                CCU40_1_IRQHandler
                0x08000290                USIC2_1_IRQHandler
                0x08000290                USIC0_1_IRQHandler
                0x08000290                VADC0_G3_2_IRQHandler
                0x08000290                CCU40_3_IRQHandler
                0x08000290                BusFault_Handler
                0x08000290                LEDTS0_0_IRQHandler
                0x08000290                USIC0_4_IRQHandler
                0x08000290                ERU0_1_IRQHandler
                0x08000290                VADC0_G3_0_IRQHandler
                0x08000290                USIC1_2_IRQHandler
                0x08000290                DSD0_3_IRQHandler
                0x08000290                SDMMC0_0_IRQHandler
                0x08000290                CAN0_1_IRQHandler
                0x08000290                USIC0_2_IRQHandler
                0x08000290                DAC0_1_IRQHandler

.text           0x08020000     0xffe4 load address 0x0c020000
                0x08020000                sText = .
 *(.text .text.* .gnu.linkonce.t.*)
 .text.ds_get_board_variant
                0x08020000        0xc ./Store/src/datastore.o
                0x08020000                ds_get_board_variant
 .text.ds_store_algo_result_ptr
                0x0802000c        0xc ./Store/src/datastore.o
                0x0802000c                ds_store_algo_result_ptr
 .text.ds_algo_get_settings
                0x08020018        0x8 ./Store/src/datastore.o
                0x08020018                ds_algo_get_settings
 .text.ds_algo_check_settings
                0x08020020       0x8c ./Store/src/datastore.o
                0x08020020                ds_algo_check_settings
 .text.ds_dev_check_settings
                0x080200ac       0x50 ./Store/src/datastore.o
                0x080200ac                ds_dev_check_settings
 .text.ds_device_get_settings
                0x080200fc        0x8 ./Store/src/datastore.o
                0x080200fc                ds_device_get_settings
 .text.ds_device_get_shadow_settings
                0x08020104        0x8 ./Store/src/datastore.o
                0x08020104                ds_device_get_shadow_settings
 .text.ds_is_device_settings_updated
                0x0802010c       0x1c ./Store/src/datastore.o
                0x0802010c                ds_is_device_settings_updated
 .text.ds_device_settings_copy_to_shadow
                0x08020128       0x28 ./Store/src/datastore.o
                0x08020128                ds_device_settings_copy_to_shadow
 .text.ds_device_settings_revert_from_shadow
                0x08020150       0x28 ./Store/src/datastore.o
                0x08020150                ds_device_settings_revert_from_shadow
 .text.ds_init  0x08020178      0x380 ./Store/src/datastore.o
                0x08020178                ds_init
 .text.ds_get_active_acq_buf
                0x080204f8        0x8 ./Store/src/datastore.o
                0x080204f8                ds_get_active_acq_buf
 .text.ds_set_active_acq_buf
                0x08020500       0x3c ./Store/src/datastore.o
                0x08020500                ds_set_active_acq_buf
 .text.ds_algo_para_factory_reset
                0x0802053c       0x34 ./Store/src/datastore.o
                0x0802053c                ds_algo_para_factory_reset
 .text.ds_algo_para_store_persistent
                0x08020570       0x18 ./Store/src/datastore.o
                0x08020570                ds_algo_para_store_persistent
 .text.ds_hw_para_factory_reset
                0x08020588       0x40 ./Store/src/datastore.o
                0x08020588                ds_hw_para_factory_reset
 .text.ds_hw_para_store_persistent
                0x080205c8       0x18 ./Store/src/datastore.o
                0x080205c8                ds_hw_para_store_persistent
 .text.ds_set_device_parameter_changed
                0x080205e0        0xc ./Store/src/datastore.o
                0x080205e0                ds_set_device_parameter_changed
 .text.ds_clear_device_parameter_changed
                0x080205ec        0xc ./Store/src/datastore.o
                0x080205ec                ds_clear_device_parameter_changed
 .text.ds_is_device_parameter_changed
                0x080205f8        0xc ./Store/src/datastore.o
                0x080205f8                ds_is_device_parameter_changed
 .text.ds_eeprom_write_settings
                0x08020604       0x70 ./Store/src/datastore_eep.o
                0x08020604                ds_eeprom_write_settings
 .text.ds_eeprom_read_settings
                0x08020674       0x78 ./Store/src/datastore_eep.o
                0x08020674                ds_eeprom_read_settings
 .text.ds_eeprom_read_board_id
                0x080206ec       0x78 ./Store/src/datastore_eep.o
                0x080206ec                ds_eeprom_read_board_id
 .text.ds_eeprom_write_inital_board_id
                0x08020764       0x24 ./Store/src/datastore_eep.o
                0x08020764                ds_eeprom_write_inital_board_id
 .text.ds_ep_get_device_info
                0x08020788        0x8 ./Store/src/ds_radar_interface.o
                0x08020788                ds_ep_get_device_info
 .text.ds_ep_fetch_frame_format
                0x08020790       0x1c ./Store/src/ds_radar_interface.o
                0x08020790                ds_ep_fetch_frame_format
 .text.SystemCoreClockUpdate
                0x080207ac       0x84 ./Startup/system_XMC4700.o
                0x080207ac                SystemCoreClockUpdate
 .text.SystemInit
                0x08020830       0x1c ./Startup/system_XMC4700.o
                0x08020830                SystemInit
 .text.get_buffer_address_by_chirp
                0x0802084c       0x28 ./Radar_Control/src/acq_buffer.o
                0x0802084c                get_buffer_address_by_chirp
 .text.create_acq_data_buffer_obj
                0x08020874       0xbc ./Radar_Control/src/acq_buffer.o
                0x08020874                create_acq_data_buffer_obj
 .text.delete_acq_buffer_obj
                0x08020930        0xc ./Radar_Control/src/acq_buffer.o
                0x08020930                delete_acq_buffer_obj
 .text.radar_open_device
                0x0802093c       0xc0 ./Radar_Control/src/radar_base.o
                0x0802093c                radar_open_device
 *fill*         0x080209fc        0x4 
 .text.radar_set_automatic_frame_trigger
                0x08020a00       0xe0 ./Radar_Control/src/radar_base.o
                0x08020a00                radar_set_automatic_frame_trigger
 .text.radar_init
                0x08020ae0       0x3c ./Radar_Control/src/radar_control.o
                0x08020ae0                radar_init
 .text.radar_start_acquisition
                0x08020b1c       0x20 ./Radar_Control/src/radar_control.o
                0x08020b1c                radar_start_acquisition
 .text.radar_register_callback
                0x08020b3c       0x1c ./Radar_Control/src/radar_control.o
                0x08020b3c                radar_register_callback
 .text.radar_apply_hw_settings
                0x08020b58       0x64 ./Radar_Control/src/radar_control.o
                0x08020b58                radar_apply_hw_settings
 .text.radar_get_data_acq_mode
                0x08020bbc        0xc ./Radar_Control/src/radar_control.o
                0x08020bbc                radar_get_data_acq_mode
 .text.radar_set_data_acq_mode
                0x08020bc8        0xc ./Radar_Control/src/radar_control.o
                0x08020bc8                radar_set_data_acq_mode
 .text.device_status_get_handle
                0x08020bd4        0x8 ./Radar_Control/src/radar_device_status.o
                0x08020bd4                device_status_get_handle
 .text.device_status_set_error
                0x08020bdc       0x58 ./Radar_Control/src/radar_device_status.o
                0x08020bdc                device_status_set_error
 .text.device_status_get_error_description
                0x08020c34       0x3c ./Radar_Control/src/radar_device_status.o
                0x08020c34                device_status_get_error_description
 .text.device_status_check
                0x08020c70       0x14 ./Radar_Control/src/radar_device_status.o
                0x08020c70                device_status_check
 .text.device_status_clean
                0x08020c84       0x10 ./Radar_Control/src/radar_device_status.o
                0x08020c84                device_status_clean
 .text.radar_get_consumption_labels
                0x08020c94        0xc ./Radar_Control/src/radar_mcubase.o
                0x08020c94                radar_get_consumption_labels
 .text.set_consumption_repeat_count
                0x08020ca0        0xc ./Radar_Control/src/radar_mcubase.o
                0x08020ca0                set_consumption_repeat_count
 .text.inc_consumption_repeat_count
                0x08020cac       0x10 ./Radar_Control/src/radar_mcubase.o
                0x08020cac                inc_consumption_repeat_count
 .text.mcu_base_updates
                0x08020cbc       0x38 ./Radar_Control/src/radar_mcubase.o
                0x08020cbc                mcu_base_updates
 .text.set_result_repeat_count
                0x08020cf4       0x14 ./Radar_Control/src/radar_pulse.o
                0x08020cf4                set_result_repeat_count
 .text.set_raw_data_repeat_count
                0x08020d08       0x14 ./Radar_Control/src/radar_pulse.o
                0x08020d08                set_raw_data_repeat_count
 .text.radar_pulse_raw_data
                0x08020d1c       0x24 ./Radar_Control/src/radar_pulse.o
                0x08020d1c                radar_pulse_raw_data
 .text.radar_pulse_results_updates
                0x08020d40       0x5c ./Radar_Control/src/radar_pulse.o
                0x08020d40                radar_pulse_results_updates
 .text.copyStore2comPara
                0x08020d9c       0x84 ./Radar_Control/src/radar_pulse.o
                0x08020d9c                copyStore2comPara
 .text.copyComPara2Store
                0x08020e20      0x154 ./Radar_Control/src/radar_pulse.o
                0x08020e20                copyComPara2Store
 .text.XMC_GPIO_Init
                0x08020f74       0x88 ./Libraries/XMCLib/src/xmc4_gpio.o
                0x08020f74                XMC_GPIO_Init
 .text.XMC_SCU_RESET_AssertPeripheralReset
                0x08020ffc       0x18 ./Libraries/XMCLib/src/xmc4_scu.o
                0x08020ffc                XMC_SCU_RESET_AssertPeripheralReset
 .text.XMC_SCU_RESET_DeassertPeripheralReset
                0x08021014       0x18 ./Libraries/XMCLib/src/xmc4_scu.o
                0x08021014                XMC_SCU_RESET_DeassertPeripheralReset
 .text.XMC_SCU_RESET_IsPeripheralResetAsserted
                0x0802102c       0x20 ./Libraries/XMCLib/src/xmc4_scu.o
                0x0802102c                XMC_SCU_RESET_IsPeripheralResetAsserted
 .text.XMC_SCU_CLOCK_GetPeripheralClockFrequency
                0x0802104c       0x18 ./Libraries/XMCLib/src/xmc4_scu.o
                0x0802104c                XMC_SCU_CLOCK_GetPeripheralClockFrequency
 .text.XMC_SCU_CLOCK_SetUsbClockSource
                0x08021064       0x14 ./Libraries/XMCLib/src/xmc4_scu.o
                0x08021064                XMC_SCU_CLOCK_SetUsbClockSource
 .text.XMC_SCU_CLOCK_SetWdtClockSource
                0x08021078       0x14 ./Libraries/XMCLib/src/xmc4_scu.o
                0x08021078                XMC_SCU_CLOCK_SetWdtClockSource
 .text.XMC_SCU_HIB_SetRtcClockSource
                0x0802108c       0x20 ./Libraries/XMCLib/src/xmc4_scu.o
                0x0802108c                XMC_SCU_HIB_SetRtcClockSource
 .text.XMC_SCU_CLOCK_SetUsbClockDivider
                0x080210ac       0x14 ./Libraries/XMCLib/src/xmc4_scu.o
                0x080210ac                XMC_SCU_CLOCK_SetUsbClockDivider
 .text.XMC_SCU_CLOCK_SetEbuClockDivider
                0x080210c0       0x14 ./Libraries/XMCLib/src/xmc4_scu.o
                0x080210c0                XMC_SCU_CLOCK_SetEbuClockDivider
 .text.XMC_SCU_CLOCK_SetWdtClockDivider
                0x080210d4       0x14 ./Libraries/XMCLib/src/xmc4_scu.o
                0x080210d4                XMC_SCU_CLOCK_SetWdtClockDivider
 .text.XMC_SCU_CLOCK_EnableClock
                0x080210e8        0xc ./Libraries/XMCLib/src/xmc4_scu.o
                0x080210e8                XMC_SCU_CLOCK_EnableClock
 .text.XMC_SCU_CLOCK_GatePeripheralClock
                0x080210f4       0x18 ./Libraries/XMCLib/src/xmc4_scu.o
                0x080210f4                XMC_SCU_CLOCK_GatePeripheralClock
 .text.XMC_SCU_CLOCK_UngatePeripheralClock
                0x0802110c       0x18 ./Libraries/XMCLib/src/xmc4_scu.o
                0x0802110c                XMC_SCU_CLOCK_UngatePeripheralClock
 .text.XMC_SCU_CLOCK_IsPeripheralClockGated
                0x08021124       0x20 ./Libraries/XMCLib/src/xmc4_scu.o
                0x08021124                XMC_SCU_CLOCK_IsPeripheralClockGated
 .text.XMC_SCU_CLOCK_StartUsbPll
                0x08021144       0x44 ./Libraries/XMCLib/src/xmc4_scu.o
                0x08021144                XMC_SCU_CLOCK_StartUsbPll
 .text.XMC_SCU_POWER_EnableUsb
                0x08021188       0x10 ./Libraries/XMCLib/src/xmc4_scu.o
                0x08021188                XMC_SCU_POWER_EnableUsb
 .text.XMC_SCU_POWER_DisableUsb
                0x08021198       0x10 ./Libraries/XMCLib/src/xmc4_scu.o
                0x08021198                XMC_SCU_POWER_DisableUsb
 .text.XMC_SCU_CLOCK_StartSystemPll
                0x080211a8      0x1b4 ./Libraries/XMCLib/src/xmc4_scu.o
                0x080211a8                XMC_SCU_CLOCK_StartSystemPll
 .text.XMC_SCU_CLOCK_Init
                0x0802135c      0x208 ./Libraries/XMCLib/src/xmc4_scu.o
                0x0802135c                XMC_SCU_CLOCK_Init
 .text.XMC_CCU4_Init
                0x08021564       0x88 ./Libraries/XMCLib/src/xmc_ccu4.o
                0x08021564                XMC_CCU4_Init
 .text.XMC_CCU4_SLICE_CompareInit
                0x080215ec       0x34 ./Libraries/XMCLib/src/xmc_ccu4.o
                0x080215ec                XMC_CCU4_SLICE_CompareInit
 .text.XMC_CCU4_SLICE_SetPrescaler
                0x08021620       0x10 ./Libraries/XMCLib/src/xmc_ccu4.o
                0x08021620                XMC_CCU4_SLICE_SetPrescaler
 .text.XMC_CCU4_SLICE_SetInterruptNode
                0x08021630       0x38 ./Libraries/XMCLib/src/xmc_ccu4.o
                0x08021630                XMC_CCU4_SLICE_SetInterruptNode
 .text.XMC_CCU8_Init
                0x08021668       0x58 ./Libraries/XMCLib/src/xmc_ccu8.o
                0x08021668                XMC_CCU8_Init
 .text.XMC_CCU8_SLICE_CompareInit
                0x080216c0       0x3c ./Libraries/XMCLib/src/xmc_ccu8.o
                0x080216c0                XMC_CCU8_SLICE_CompareInit
 .text.XMC_CCU8_SetMultiChannelShadowTransferMode
                0x080216fc       0x10 ./Libraries/XMCLib/src/xmc_ccu8.o
                0x080216fc                XMC_CCU8_SetMultiChannelShadowTransferMode
 .text.XMC_CCU8_SLICE_StartConfig
                0x0802170c       0x1c ./Libraries/XMCLib/src/xmc_ccu8.o
                0x0802170c                XMC_CCU8_SLICE_StartConfig
 .text.XMC_CCU8_SLICE_StopConfig
                0x08021728       0x1c ./Libraries/XMCLib/src/xmc_ccu8.o
                0x08021728                XMC_CCU8_SLICE_StopConfig
 .text.XMC_CCU8_SLICE_LoadConfig
                0x08021744       0x10 ./Libraries/XMCLib/src/xmc_ccu8.o
                0x08021744                XMC_CCU8_SLICE_LoadConfig
 .text.XMC_CCU8_SLICE_LoadSelector
                0x08021754       0x10 ./Libraries/XMCLib/src/xmc_ccu8.o
                0x08021754                XMC_CCU8_SLICE_LoadSelector
 .text.XMC_CCU8_SLICE_ModulationConfig
                0x08021764       0x3c ./Libraries/XMCLib/src/xmc_ccu8.o
                0x08021764                XMC_CCU8_SLICE_ModulationConfig
 .text.XMC_CCU8_SLICE_CountConfig
                0x080217a0       0x10 ./Libraries/XMCLib/src/xmc_ccu8.o
                0x080217a0                XMC_CCU8_SLICE_CountConfig
 .text.XMC_CCU8_SLICE_GateConfig
                0x080217b0       0x10 ./Libraries/XMCLib/src/xmc_ccu8.o
                0x080217b0                XMC_CCU8_SLICE_GateConfig
 .text.XMC_CCU8_SLICE_DirectionConfig
                0x080217c0       0x10 ./Libraries/XMCLib/src/xmc_ccu8.o
                0x080217c0                XMC_CCU8_SLICE_DirectionConfig
 .text.XMC_CCU8_SLICE_StatusBitOverrideConfig
                0x080217d0        0xc ./Libraries/XMCLib/src/xmc_ccu8.o
                0x080217d0                XMC_CCU8_SLICE_StatusBitOverrideConfig
 .text.XMC_CCU8_SLICE_TrapConfig
                0x080217dc       0x28 ./Libraries/XMCLib/src/xmc_ccu8.o
                0x080217dc                XMC_CCU8_SLICE_TrapConfig
 .text.XMC_CCU8_SLICE_ConfigureStatusBitOverrideEvent
                0x08021804       0x5c ./Libraries/XMCLib/src/xmc_ccu8.o
                0x08021804                XMC_CCU8_SLICE_ConfigureStatusBitOverrideEvent
 .text.XMC_CCU8_SLICE_ConfigureEvent
                0x08021860       0x78 ./Libraries/XMCLib/src/xmc_ccu8.o
                0x08021860                XMC_CCU8_SLICE_ConfigureEvent
 .text.XMC_CCU8_SLICE_SetTimerPeriodMatch
                0x080218d8        0x4 ./Libraries/XMCLib/src/xmc_ccu8.o
                0x080218d8                XMC_CCU8_SLICE_SetTimerPeriodMatch
 .text.XMC_CCU8_SLICE_SetTimerCompareMatch
                0x080218dc        0xc ./Libraries/XMCLib/src/xmc_ccu8.o
                0x080218dc                XMC_CCU8_SLICE_SetTimerCompareMatch
 .text.XMC_CCU8_SLICE_SetInterruptNode
                0x080218e8       0x38 ./Libraries/XMCLib/src/xmc_ccu8.o
                0x080218e8                XMC_CCU8_SLICE_SetInterruptNode
 .text.XMC_CCU8_SLICE_DeadTimeInit
                0x08021920       0x10 ./Libraries/XMCLib/src/xmc_ccu8.o
                0x08021920                XMC_CCU8_SLICE_DeadTimeInit
 .text.XMC_DMA_Init
                0x08021930       0x40 ./Libraries/XMCLib/src/xmc_dma.o
                0x08021930                XMC_DMA_Init
 .text.XMC_DMA_CH_Disable
                0x08021970       0x18 ./Libraries/XMCLib/src/xmc_dma.o
                0x08021970                XMC_DMA_CH_Disable
 .text.XMC_DMA_CH_Init
                0x08021988      0x298 ./Libraries/XMCLib/src/xmc_dma.o
                0x08021988                XMC_DMA_CH_Init
 .text.XMC_DMA_CH_EnableEvent
                0x08021c20       0x30 ./Libraries/XMCLib/src/xmc_dma.o
                0x08021c20                XMC_DMA_CH_EnableEvent
 .text.XMC_DMA_CH_SetEventHandler
                0x08021c50       0x1c ./Libraries/XMCLib/src/xmc_dma.o
                0x08021c50                XMC_DMA_CH_SetEventHandler
 .text.XMC_DMA_CH_ClearSourcePeripheralRequest
                0x08021c6c       0x38 ./Libraries/XMCLib/src/xmc_dma.o
                0x08021c6c                XMC_DMA_CH_ClearSourcePeripheralRequest
 .text.XMC_DMA_IRQHandler
                0x08021ca4      0x178 ./Libraries/XMCLib/src/xmc_dma.o
                0x08021ca4                XMC_DMA_IRQHandler
 .text.XMC_GPIO_SetMode
                0x08021e1c       0x28 ./Libraries/XMCLib/src/xmc_gpio.o
                0x08021e1c                XMC_GPIO_SetMode
 .text.XMC_GPIO_SetHardwareControl
                0x08021e44       0x20 ./Libraries/XMCLib/src/xmc_gpio.o
                0x08021e44                XMC_GPIO_SetHardwareControl
 .text.XMC_I2C_CH_Init
                0x08021e64       0x7c ./Libraries/XMCLib/src/xmc_i2c.o
                0x08021e64                XMC_I2C_CH_Init
 .text.XMC_I2C_CH_MasterStart
                0x08021ee0       0x30 ./Libraries/XMCLib/src/xmc_i2c.o
                0x08021ee0                XMC_I2C_CH_MasterStart
 .text.XMC_I2C_CH_MasterRepeatedStart
                0x08021f10       0x30 ./Libraries/XMCLib/src/xmc_i2c.o
                0x08021f10                XMC_I2C_CH_MasterRepeatedStart
 .text.XMC_I2C_CH_MasterStop
                0x08021f40       0x2c ./Libraries/XMCLib/src/xmc_i2c.o
                0x08021f40                XMC_I2C_CH_MasterStop
 .text.XMC_I2C_CH_MasterTransmit
                0x08021f6c       0x24 ./Libraries/XMCLib/src/xmc_i2c.o
                0x08021f6c                XMC_I2C_CH_MasterTransmit
 .text.XMC_I2C_CH_MasterReceiveAck
                0x08021f90       0x2c ./Libraries/XMCLib/src/xmc_i2c.o
                0x08021f90                XMC_I2C_CH_MasterReceiveAck
 .text.XMC_I2C_CH_MasterReceiveNack
                0x08021fbc       0x2c ./Libraries/XMCLib/src/xmc_i2c.o
                0x08021fbc                XMC_I2C_CH_MasterReceiveNack
 .text.XMC_I2C_CH_GetReceivedData
                0x08021fe8       0x14 ./Libraries/XMCLib/src/xmc_i2c.o
                0x08021fe8                XMC_I2C_CH_GetReceivedData
 .text.XMC_USBD_GetCapabilities
                0x08021ffc       0x1c ./Libraries/XMCLib/src/xmc_usbd.o
                0x08021ffc                XMC_USBD_GetCapabilities
 .text.XMC_USBD_DeviceConnect
                0x08022018       0x18 ./Libraries/XMCLib/src/xmc_usbd.o
                0x08022018                XMC_USBD_DeviceConnect
 .text.XMC_USBD_DeviceDisconnect
                0x08022030       0x18 ./Libraries/XMCLib/src/xmc_usbd.o
                0x08022030                XMC_USBD_DeviceDisconnect
 .text.XMC_USBD_DeviceGetState
                0x08022048      0x118 ./Libraries/XMCLib/src/xmc_usbd.o
                0x08022048                XMC_USBD_DeviceGetState
 .text.XMC_USBD_DeviceSetAddress
                0x08022160       0x18 ./Libraries/XMCLib/src/xmc_usbd.o
                0x08022160                XMC_USBD_DeviceSetAddress
 .text.XMC_USBD_EndpointStall
                0x08022178       0x8c ./Libraries/XMCLib/src/xmc_usbd.o
                0x08022178                XMC_USBD_EndpointStall
 .text.XMC_USBD_EndpointAbort
                0x08022204       0x44 ./Libraries/XMCLib/src/xmc_usbd.o
                0x08022204                XMC_USBD_EndpointAbort
 .text.XMC_USBD_EndpointUnconfigure
                0x08022248      0x100 ./Libraries/XMCLib/src/xmc_usbd.o
                0x08022248                XMC_USBD_EndpointUnconfigure
 .text.XMC_USBD_GetFrameNumber
                0x08022348       0x14 ./Libraries/XMCLib/src/xmc_usbd.o
                0x08022348                XMC_USBD_GetFrameNumber
 .text.XMC_USBD_IsEnumDone
                0x0802235c       0x1c ./Libraries/XMCLib/src/xmc_usbd.o
                0x0802235c                XMC_USBD_IsEnumDone
 .text.XMC_USBD_Uninitialize
                0x08022378       0x24 ./Libraries/XMCLib/src/xmc_usbd.o
                0x08022378                XMC_USBD_Uninitialize
 .text.XMC_USBD_EndpointConfigure
                0x0802239c      0x280 ./Libraries/XMCLib/src/xmc_usbd.o
                0x0802239c                XMC_USBD_EndpointConfigure
 .text.XMC_USBD_EndpointRead
                0x0802261c       0x40 ./Libraries/XMCLib/src/xmc_usbd.o
                0x0802261c                XMC_USBD_EndpointRead
 .text.XMC_USBD_Init
                0x0802265c      0x1cc ./Libraries/XMCLib/src/xmc_usbd.o
                0x0802265c                XMC_USBD_Init
 .text.XMC_USBD_EndpointReadStart
                0x08022828       0xe0 ./Libraries/XMCLib/src/xmc_usbd.o
                0x08022828                XMC_USBD_EndpointReadStart
 .text.XMC_USBD_EndpointWrite
                0x08022908       0xf8 ./Libraries/XMCLib/src/xmc_usbd.o
                0x08022908                XMC_USBD_EndpointWrite
 .text.XMC_USBD_IRQHandler
                0x08022a00      0x8d8 ./Libraries/XMCLib/src/xmc_usbd.o
                0x08022a00                XMC_USBD_IRQHandler
 .text.XMC_USBD_Disable
                0x080232d8       0x1c ./Libraries/XMCLib/src/xmc_usbd.o
                0x080232d8                XMC_USBD_Disable
 .text.XMC_USIC_CH_Enable
                0x080232f4       0x84 ./Libraries/XMCLib/src/xmc_usic.o
                0x080232f4                XMC_USIC_CH_Enable
 .text.XMC_USIC_CH_SetBaudrate
                0x08023378       0x84 ./Libraries/XMCLib/src/xmc_usic.o
                0x08023378                XMC_USIC_CH_SetBaudrate
 .text.XMC_VADC_GLOBAL_Init
                0x080233fc       0x3c ./Libraries/XMCLib/src/xmc_vadc.o
                0x080233fc                XMC_VADC_GLOBAL_Init
 .text.XMC_VADC_GLOBAL_InputClassInit
                0x08023438       0x20 ./Libraries/XMCLib/src/xmc_vadc.o
                0x08023438                XMC_VADC_GLOBAL_InputClassInit
 .text.XMC_VADC_GLOBAL_StartupCalibration
                0x08023458       0x3c ./Libraries/XMCLib/src/xmc_vadc.o
                0x08023458                XMC_VADC_GLOBAL_StartupCalibration
 .text.XMC_VADC_GROUP_Init
                0x08023494       0xf0 ./Libraries/XMCLib/src/xmc_vadc.o
                0x08023494                XMC_VADC_GROUP_Init
 .text.XMC_VADC_GROUP_InputClassInit
                0x08023584       0x4c ./Libraries/XMCLib/src/xmc_vadc.o
                0x08023584                XMC_VADC_GROUP_InputClassInit
 .text.XMC_VADC_GROUP_SetPowerMode
                0x080235d0       0x10 ./Libraries/XMCLib/src/xmc_vadc.o
                0x080235d0                XMC_VADC_GROUP_SetPowerMode
 .text.XMC_VADC_GROUP_SetSyncSlave
                0x080235e0       0x18 ./Libraries/XMCLib/src/xmc_vadc.o
                0x080235e0                XMC_VADC_GROUP_SetSyncSlave
 .text.XMC_VADC_GROUP_SetSyncMaster
                0x080235f8       0x10 ./Libraries/XMCLib/src/xmc_vadc.o
                0x080235f8                XMC_VADC_GROUP_SetSyncMaster
 .text.XMC_VADC_GROUP_CheckSlaveReadiness
                0x08023608       0x40 ./Libraries/XMCLib/src/xmc_vadc.o
                0x08023608                XMC_VADC_GROUP_CheckSlaveReadiness
 .text.XMC_VADC_GROUP_SetSyncSlaveReadySignal
                0x08023648       0x18 ./Libraries/XMCLib/src/xmc_vadc.o
                0x08023648                XMC_VADC_GROUP_SetSyncSlaveReadySignal
 .text.XMC_VADC_GROUP_ScanInit
                0x08023660       0x88 ./Libraries/XMCLib/src/xmc_vadc.o
                0x08023660                XMC_VADC_GROUP_ScanInit
 .text.XMC_VADC_GROUP_ScanSetReqSrcEventInterruptNode
                0x080236e8       0x14 ./Libraries/XMCLib/src/xmc_vadc.o
                0x080236e8                XMC_VADC_GROUP_ScanSetReqSrcEventInterruptNode
 .text.XMC_VADC_GROUP_QueueInit
                0x080236fc       0x88 ./Libraries/XMCLib/src/xmc_vadc.o
                0x080236fc                XMC_VADC_GROUP_QueueInit
 .text.XMC_VADC_GROUP_QueueSetReqSrcEventInterruptNode
                0x08023784       0x10 ./Libraries/XMCLib/src/xmc_vadc.o
                0x08023784                XMC_VADC_GROUP_QueueSetReqSrcEventInterruptNode
 .text.XMC_VADC_GROUP_ChannelInit
                0x08023794       0x7c ./Libraries/XMCLib/src/xmc_vadc.o
                0x08023794                XMC_VADC_GROUP_ChannelInit
 .text.XMC_VADC_GROUP_SetResultInterruptNode
                0x08023810       0x44 ./Libraries/XMCLib/src/xmc_vadc.o
                0x08023810                XMC_VADC_GROUP_SetResultInterruptNode
 .text.send_device_status_response.part.0
                0x08023854      0x1a8 ./HostCommunication/src/EndpointRadarDeviceStatus.o
 .text.send_device_status_response
                0x080239fc       0x14 ./HostCommunication/src/EndpointRadarDeviceStatus.o
                0x080239fc                send_device_status_response
 .text.ep_device_status_handle_message
                0x08023a10       0x24 ./HostCommunication/src/EndpointRadarDeviceStatus.o
                0x08023a10                ep_device_status_handle_message
 .text.ep_device_status_handle_change
                0x08023a34        0x4 ./HostCommunication/src/EndpointRadarDeviceStatus.o
                0x08023a34                ep_device_status_handle_change
 .text.send_consumption_response
                0x08023a38       0xc8 ./HostCommunication/src/EndpointRadarMcuBase.o
                0x08023a38                send_consumption_response
 .text.ep_radar_mcu_base_handle_message
                0x08023b00      0x184 ./HostCommunication/src/EndpointRadarMcuBase.o
                0x08023b00                ep_radar_mcu_base_handle_message
 .text.ep_radar_mcu_base_handle_change
                0x08023c84       0x18 ./HostCommunication/src/EndpointRadarMcuBase.o
                0x08023c84                ep_radar_mcu_base_handle_change
 .text.send_result_response
                0x08023c9c       0xa8 ./HostCommunication/src/EndpointRadars2glpulse.o
                0x08023c9c                send_result_response
 .text.send_parameter_values
                0x08023d44       0xa4 ./HostCommunication/src/EndpointRadars2glpulse.o
                0x08023d44                send_parameter_values
 .text.send_pulse_frame_data
                0x08023de8      0x198 ./HostCommunication/src/EndpointRadars2glpulse.o
                0x08023de8                send_pulse_frame_data
 .text.ep_radar_s2glpulse_handle_message
                0x08023f80      0x420 ./HostCommunication/src/EndpointRadars2glpulse.o
                0x08023f80                ep_radar_s2glpulse_handle_message
 .text.ep_radar_s2glpulse_handle_change
                0x080243a0        0x4 ./HostCommunication/src/EndpointRadars2glpulse.o
                0x080243a0                ep_radar_s2glpulse_handle_change
 .text.receive_data
                0x080243a4       0x6c ./HostCommunication/src/Protocol.o
 .text.protocol_init
                0x08024410       0x4c ./HostCommunication/src/Protocol.o
                0x08024410                protocol_init
 .text.protocol_run
                0x0802445c      0x374 ./HostCommunication/src/Protocol.o
                0x0802445c                protocol_run
 .text.protocol_send_header
                0x080247d0       0x28 ./HostCommunication/src/Protocol.o
                0x080247d0                protocol_send_header
 .text.protocol_send_payload
                0x080247f8        0x4 ./HostCommunication/src/Protocol.o
                0x080247f8                protocol_send_payload
 .text.protocol_send_tail
                0x080247fc       0x24 ./HostCommunication/src/Protocol.o
                0x080247fc                protocol_send_tail
 .text.protocol_broadcast_change
                0x08024820       0x64 ./HostCommunication/src/Protocol.o
                0x08024820                protocol_broadcast_change
 .text.wr_payload_float
                0x08024884       0x1c ./HostCommunication/src/ProtocolHelper.o
                0x08024884                wr_payload_float
 .text.wr_payload_string
                0x080248a0       0xc4 ./HostCommunication/src/ProtocolHelper.o
                0x080248a0                wr_payload_string
 .text.wr_payload_helper_string_list
                0x08024964      0x104 ./HostCommunication/src/ProtocolHelper.o
                0x08024964                wr_payload_helper_string_list
 .text.USBD_VCOM_Event_GetDescriptor
                0x08024a68       0x4c ./Dave/Generated/USBD_VCOM/virtual_com/descriptors.o
                0x08024a68                USBD_VCOM_Event_GetDescriptor
 .text.CDC_Device_ProcessControlRequest
                0x08024ab4      0x128 ./Dave/Generated/USBD_VCOM/class_driver/device/cdc_class_device.o
                0x08024ab4                CDC_Device_ProcessControlRequest
 .text.CDC_Device_ConfigureEndpoints
                0x08024bdc       0x54 ./Dave/Generated/USBD_VCOM/class_driver/device/cdc_class_device.o
                0x08024bdc                CDC_Device_ConfigureEndpoints
 .text.CDC_Device_USBTask
                0x08024c30       0x7c ./Dave/Generated/USBD_VCOM/class_driver/device/cdc_class_device.o
                0x08024c30                CDC_Device_USBTask
 .text.CDC_Device_SendData
                0x08024cac       0x3c ./Dave/Generated/USBD_VCOM/class_driver/device/cdc_class_device.o
                0x08024cac                CDC_Device_SendData
 .text.CDC_Device_Flush
                0x08024ce8       0x4c ./Dave/Generated/USBD_VCOM/class_driver/device/cdc_class_device.o
                0x08024ce8                CDC_Device_Flush
 .text.CDC_Device_BytesReceived
                0x08024d34       0x58 ./Dave/Generated/USBD_VCOM/class_driver/device/cdc_class_device.o
                0x08024d34                CDC_Device_BytesReceived
 .text.USBD_VCOM_CDCClass_Event_LineEncodingChanged
                0x08024d8c        0xc ./Dave/Generated/USBD_VCOM/usbd_vcom.o
                0x08024d8c                USBD_VCOM_CDCClass_Event_LineEncodingChanged
 .text.USBD_VCOM_CDCClass_Event_ControlLineStateChanged
                0x08024d98        0xc ./Dave/Generated/USBD_VCOM/usbd_vcom.o
                0x08024d98                USBD_VCOM_CDCClass_Event_ControlLineStateChanged
 .text.USBD_VCOM_CDCClass_Event_BreakSent
                0x08024da4        0xc ./Dave/Generated/USBD_VCOM/usbd_vcom.o
                0x08024da4                USBD_VCOM_CDCClass_Event_BreakSent
 .text.USBD_VCOM_Event_ConfigurationChanged
                0x08024db0       0x58 ./Dave/Generated/USBD_VCOM/usbd_vcom.o
                0x08024db0                USBD_VCOM_Event_ConfigurationChanged
 .text.USBD_VCOM_Event_ControlRequest
                0x08024e08        0xc ./Dave/Generated/USBD_VCOM/usbd_vcom.o
                0x08024e08                USBD_VCOM_Event_ControlRequest
 .text.USBD_VCOM_Event_Reset
                0x08024e14       0xc8 ./Dave/Generated/USBD_VCOM/usbd_vcom.o
                0x08024e14                USBD_VCOM_Event_Reset
 .text.USBD_VCOM_Init
                0x08024edc       0xa8 ./Dave/Generated/USBD_VCOM/usbd_vcom.o
                0x08024edc                USBD_VCOM_Init
 .text.USBD_VCOM_IsEnumDone
                0x08024f84       0x1c ./Dave/Generated/USBD_VCOM/usbd_vcom.o
                0x08024f84                USBD_VCOM_IsEnumDone
 .text.USBD_VCOM_SendData
                0x08024fa0       0x34 ./Dave/Generated/USBD_VCOM/usbd_vcom.o
                0x08024fa0                USBD_VCOM_SendData
 .text.USBD_VCOM_ReceiveData
                0x08024fd4       0x48 ./Dave/Generated/USBD_VCOM/usbd_vcom.o
                0x08024fd4                USBD_VCOM_ReceiveData
 .text.USBD_VCOM_BytesReceived
                0x0802501c       0x28 ./Dave/Generated/USBD_VCOM/usbd_vcom.o
                0x0802501c                USBD_VCOM_BytesReceived
 .text.USBD_VCOM_Connect
                0x08025044        0x4 ./Dave/Generated/USBD_VCOM/usbd_vcom.o
                0x08025044                USBD_VCOM_Connect
 .text.Endpoint_Write_Stream_LE
                0x08025048       0xa0 ./Dave/Generated/USBD/usb/core/xmc4000/usbd_endpoint_stream_xmc4000.o
                0x08025048                Endpoint_Write_Stream_LE
 .text.Endpoint_Read_Stream_LE
                0x080250e8       0xa0 ./Dave/Generated/USBD/usb/core/xmc4000/usbd_endpoint_stream_xmc4000.o
                0x080250e8                Endpoint_Read_Stream_LE
 .text.Endpoint_WaitUntilReady
                0x08025188       0x98 ./Dave/Generated/USBD/usb/core/xmc4000/usbd_endpoint_xmc4000.o
                0x08025188                Endpoint_WaitUntilReady
 .text.Endpoint_ClearOUT
                0x08025220       0x58 ./Dave/Generated/USBD/usb/core/xmc4000/usbd_endpoint_xmc4000.o
                0x08025220                Endpoint_ClearOUT
 .text.Endpoint_ClearIN
                0x08025278       0x70 ./Dave/Generated/USBD/usb/core/xmc4000/usbd_endpoint_xmc4000.o
                0x08025278                Endpoint_ClearIN
 .text.Endpoint_IsReadWriteAllowed
                0x080252e8       0x30 ./Dave/Generated/USBD/usb/core/xmc4000/usbd_endpoint_xmc4000.o
                0x080252e8                Endpoint_IsReadWriteAllowed
 .text.Endpoint_Write_8
                0x08025318       0x2c ./Dave/Generated/USBD/usb/core/xmc4000/usbd_endpoint_xmc4000.o
                0x08025318                Endpoint_Write_8
 .text.Endpoint_Read_8
                0x08025344       0x2c ./Dave/Generated/USBD/usb/core/xmc4000/usbd_endpoint_xmc4000.o
                0x08025344                Endpoint_Read_8
 .text.Endpoint_Write_32_LE
                0x08025370       0x2c ./Dave/Generated/USBD/usb/core/xmc4000/usbd_endpoint_xmc4000.o
                0x08025370                Endpoint_Write_32_LE
 .text.Endpoint_Read_32_LE
                0x0802539c       0x2c ./Dave/Generated/USBD/usb/core/xmc4000/usbd_endpoint_xmc4000.o
                0x0802539c                Endpoint_Read_32_LE
 .text.Endpoint_ConfigureEndpointTable
                0x080253c8       0x94 ./Dave/Generated/USBD/usb/core/xmc4000/usbd_endpoint_xmc4000.o
                0x080253c8                Endpoint_ConfigureEndpointTable
 .text.USBD_SignalDeviceEventHandler
                0x0802545c      0x304 ./Dave/Generated/USBD/usbd.o
 .text.USBD_HandleEP0_Stall
                0x08025760       0x28 ./Dave/Generated/USBD/usbd.o
 .text.USBD_Handle_DeviceRequest
                0x08025788      0x31c ./Dave/Generated/USBD/usbd.o
 .text.USBD_SignalEndpointEvent_Handler
                0x08025aa4      0x1d8 ./Dave/Generated/USBD/usbd.o
 .text.USBD_Init
                0x08025c7c      0x114 ./Dave/Generated/USBD/usbd.o
                0x08025c7c                USBD_Init
 .text.USBD_Connect
                0x08025d90        0xc ./Dave/Generated/USBD/usbd.o
                0x08025d90                USBD_Connect
 .text.USBD_IsEnumDone
                0x08025d9c        0xc ./Dave/Generated/USBD/usbd.o
                0x08025d9c                USBD_IsEnumDone
 .text.USBD_SetEndpointBuffer
                0x08025da8       0x34 ./Dave/Generated/USBD/usbd.o
                0x08025da8                USBD_SetEndpointBuffer
 .text.USB0_0_IRQHandler
                0x08025ddc        0xc ./Dave/Generated/USBD/usbd.o
                0x08025ddc                USB0_0_IRQHandler
 .text.TIMER_Init
                0x08025de8       0x8c ./Dave/Generated/TIMER/timer.o
                0x08025de8                TIMER_Init
 .text.TIMER_Start
                0x08025e74       0x20 ./Dave/Generated/TIMER/timer.o
                0x08025e74                TIMER_Start
 .text.TIMER_Stop
                0x08025e94       0x24 ./Dave/Generated/TIMER/timer.o
                0x08025e94                TIMER_Stop
 .text.TIMER_SetTimeInterval
                0x08025eb8       0xc0 ./Dave/Generated/TIMER/timer.o
                0x08025eb8                TIMER_SetTimeInterval
 .text.TIMER_GetInterruptStatus
                0x08025f78       0x18 ./Dave/Generated/TIMER/timer.o
                0x08025f78                TIMER_GetInterruptStatus
 .text.TIMER_ClearEvent
                0x08025f90       0x18 ./Dave/Generated/TIMER/timer.o
                0x08025f90                TIMER_ClearEvent
 .text.TIMER_Clear
                0x08025fa8       0x20 ./Dave/Generated/TIMER/timer.o
                0x08025fa8                TIMER_Clear
 .text.PWM_CCU8_Init
                0x08025fc8      0x35c ./Dave/Generated/PWM_CCU8/pwm_ccu8.o
                0x08025fc8                PWM_CCU8_Init
 .text.PWM_CCU8_Start
                0x08026324       0x34 ./Dave/Generated/PWM_CCU8/pwm_ccu8.o
                0x08026324                PWM_CCU8_Start
 .text.PWM_CCU8_Stop
                0x08026358       0x24 ./Dave/Generated/PWM_CCU8/pwm_ccu8.o
                0x08026358                PWM_CCU8_Stop
 .text.PWM_CCU8_SetFreqAndDutyCycleSymmetric
                0x0802637c       0x98 ./Dave/Generated/PWM_CCU8/pwm_ccu8.o
                0x0802637c                PWM_CCU8_SetFreqAndDutyCycleSymmetric
 .text.PWM_CCU8_SetFreqAndDutyCycleAsymmetric
                0x08026414       0xe4 ./Dave/Generated/PWM_CCU8/pwm_ccu8.o
                0x08026414                PWM_CCU8_SetFreqAndDutyCycleAsymmetric
 .text.INTERRUPT_Init
                0x080264f8       0x90 ./Dave/Generated/INTERRUPT/interrupt.o
                0x080264f8                INTERRUPT_Init
 .text.GLOBAL_DMA_Init
                0x08026588       0xa0 ./Dave/Generated/GLOBAL_DMA/global_dma.o
                0x08026588                GLOBAL_DMA_Init
 .text.GPDMA0_0_IRQHandler
                0x08026628        0xc ./Dave/Generated/GLOBAL_DMA/global_dma_conf.o
                0x08026628                GPDMA0_0_IRQHandler
 .text.GPDMA1_0_IRQHandler
                0x08026634        0xc ./Dave/Generated/GLOBAL_DMA/global_dma_conf.o
                0x08026634                GPDMA1_0_IRQHandler
 .text.GLOBAL_CCU8_Init
                0x08026640       0x28 ./Dave/Generated/GLOBAL_CCU8/global_ccu8.o
                0x08026640                GLOBAL_CCU8_Init
 .text.GLOBAL_CCU4_Init
                0x08026668       0x28 ./Dave/Generated/GLOBAL_CCU4/global_ccu4.o
                0x08026668                GLOBAL_CCU4_Init
 .text.GLOBAL_ADC_Init
                0x08026690       0x6c ./Dave/Generated/GLOBAL_ADC/global_adc.o
                0x08026690                GLOBAL_ADC_Init
 .text.DMA_CH_Init
                0x080266fc       0x48 ./Dave/Generated/DMA_CH/dma_ch.o
                0x080266fc                DMA_CH_Init
 .text.DMA_CH_G0_reload
                0x08026744       0x38 ./Dave/Generated/DMA_CH/dma_ch_conf.o
                0x08026744                DMA_CH_G0_reload
 .text.DMA_CH_G1_reload
                0x0802677c       0x38 ./Dave/Generated/DMA_CH/dma_ch_conf.o
                0x0802677c                DMA_CH_G1_reload
 .text.DMA_CH_G3_reload
                0x080267b4       0x38 ./Dave/Generated/DMA_CH/dma_ch_conf.o
                0x080267b4                DMA_CH_G3_reload
 .text.DMA_CH_G2_reload
                0x080267ec       0x38 ./Dave/Generated/DMA_CH/dma_ch_conf.o
                0x080267ec                DMA_CH_G2_reload
 .text.DIGITAL_IO_Init
                0x08026824       0x1c ./Dave/Generated/DIGITAL_IO/digital_io.o
                0x08026824                DIGITAL_IO_Init
 .text.CRC_SW_Init
                0x08026840       0x34 ./Dave/Generated/CRC_SW/crc_sw.o
                0x08026840                CRC_SW_Init
 .text.CRC_SW_CalculateCRC
                0x08026874       0x84 ./Dave/Generated/CRC_SW/crc_sw.o
                0x08026874                CRC_SW_CalculateCRC
 .text.CRC_SW_GetCRCResult
                0x080268f8       0x50 ./Dave/Generated/CRC_SW/crc_sw.o
                0x080268f8                CRC_SW_GetCRCResult
 .text.SystemCoreSetup
                0x08026948       0x74 ./Dave/Generated/CPU_CTRL_XMC4/cpu_ctrl_xmc4_conf.o
                0x08026948                SystemCoreSetup
 .text          0x080269bc       0xc0 ./Dave/Generated/CMSIS_DSP/TransformFunctions/arm_bitreversal2.o
                0x080269bc                arm_bitreversal_32
                0x08026a26                arm_bitreversal_16
 .text.arm_cfft_radix8by2_f32
                0x08026a7c      0x184 ./Dave/Generated/CMSIS_DSP/TransformFunctions/arm_cfft_f32.o
                0x08026a7c                arm_cfft_radix8by2_f32
 .text.arm_cfft_radix8by4_f32
                0x08026c00      0x480 ./Dave/Generated/CMSIS_DSP/TransformFunctions/arm_cfft_f32.o
                0x08026c00                arm_cfft_radix8by4_f32
 .text.arm_cfft_f32
                0x08027080       0xf4 ./Dave/Generated/CMSIS_DSP/TransformFunctions/arm_cfft_f32.o
                0x08027080                arm_cfft_f32
 .text.arm_radix8_butterfly_f32
                0x08027174      0x590 ./Dave/Generated/CMSIS_DSP/TransformFunctions/arm_cfft_radix8_f32.o
                0x08027174                arm_radix8_butterfly_f32
 .text.arm_max_f32
                0x08027704       0xd0 ./Dave/Generated/CMSIS_DSP/StatisticsFunctions/arm_max_f32.o
                0x08027704                arm_max_f32
 .text.arm_mean_f32
                0x080277d4       0x68 ./Dave/Generated/CMSIS_DSP/StatisticsFunctions/arm_mean_f32.o
                0x080277d4                arm_mean_f32
 .text.arm_cos_f32
                0x0802783c       0x80 ./Dave/Generated/CMSIS_DSP/FastMathFunctions/arm_cos_f32.o
                0x0802783c                arm_cos_f32
 .text.arm_cmplx_mag_f32
                0x080278bc      0x1cc ./Dave/Generated/CMSIS_DSP/ComplexMathFunctions/arm_cmplx_mag_f32.o
                0x080278bc                arm_cmplx_mag_f32
 .text.CLOCK_XMC4_Init
                0x08027a88        0x8 ./Dave/Generated/CLOCK_XMC4/clock_xmc4.o
                0x08027a88                CLOCK_XMC4_Init
 .text.OSCHP_GetFrequency
                0x08027a90        0x8 ./Dave/Generated/CLOCK_XMC4/clock_xmc4.o
                0x08027a90                OSCHP_GetFrequency
 .text.SystemCoreClockSetup
                0x08027a98       0x4c ./Dave/Generated/CLOCK_XMC4/clock_xmc4_conf.o
                0x08027a98                SystemCoreClockSetup
 .text.ADC_MEASUREMENT_ADV_Init
                0x08027ae4      0x4b8 ./Dave/Generated/ADC_MEASUREMENT_ADV/adc_measurement_adv.o
                0x08027ae4                ADC_MEASUREMENT_ADV_Init
 .text.ADC_MEASUREMENT_ADV_G0_event_config
                0x08027f9c       0x10 ./Dave/Generated/ADC_MEASUREMENT_ADV/adc_measurement_adv_conf.o
 .text.ADC_MEASUREMENT_ADV_G1_event_config
                0x08027fac       0x10 ./Dave/Generated/ADC_MEASUREMENT_ADV/adc_measurement_adv_conf.o
 .text.ADC_MEASUREMENT_ADV_G2_event_config
                0x08027fbc       0x10 ./Dave/Generated/ADC_MEASUREMENT_ADV/adc_measurement_adv_conf.o
 .text.ADC_MEASUREMENT_ADV_G3_event_config
                0x08027fcc       0x10 ./Dave/Generated/ADC_MEASUREMENT_ADV/adc_measurement_adv_conf.o
 .text.DAVE_Init
                0x08027fdc      0x24c ./Dave/Generated/DAVE.o
                0x08027fdc                DAVE_Init
 .text.fft_window_gen
                0x08028228      0x470 ./DSP_LIB/src/dsp_lib.o
                0x08028228                fft_window_gen
 .text.compute_fft_signal
                0x08028698      0x1f4 ./DSP_LIB/src/dsp_lib.o
                0x08028698                compute_fft_signal
 .text.compute_fft_spectrum
                0x0802888c        0xc ./DSP_LIB/src/dsp_lib.o
                0x0802888c                compute_fft_spectrum
 .text.bsp_eeprom_24cw128x_write_data
                0x08028898      0x274 ./BSP/radar_mcu4/src/radar_mcu4_bsp.o
                0x08028898                bsp_eeprom_24cw128x_write_data
 .text.bsp_eeprom_24cw128x_read_data
                0x08028b0c      0x1b8 ./BSP/radar_mcu4/src/radar_mcu4_bsp.o
                0x08028b0c                bsp_eeprom_24cw128x_read_data
 .text.bsp_time_delay
                0x08028cc4       0x48 ./BSP/radar_mcu4/src/radar_mcu4_bsp.o
                0x08028cc4                bsp_time_delay
 .text.bsp_led_green_on
                0x08028d0c       0x14 ./BSP/radar_mcu4/src/radar_mcu4_bsp.o
                0x08028d0c                bsp_led_green_on
 .text.bsp_led_green_off
                0x08028d20       0x14 ./BSP/radar_mcu4/src/radar_mcu4_bsp.o
                0x08028d20                bsp_led_green_off
 .text.bsp_led_blue_on
                0x08028d34       0x14 ./BSP/radar_mcu4/src/radar_mcu4_bsp.o
                0x08028d34                bsp_led_blue_on
 .text.bsp_led_blue_off
                0x08028d48       0x14 ./BSP/radar_mcu4/src/radar_mcu4_bsp.o
                0x08028d48                bsp_led_blue_off
 .text.bsp_led_red_on
                0x08028d5c       0x14 ./BSP/radar_mcu4/src/radar_mcu4_bsp.o
                0x08028d5c                bsp_led_red_on
 .text.bsp_led_red_off
                0x08028d70       0x14 ./BSP/radar_mcu4/src/radar_mcu4_bsp.o
                0x08028d70                bsp_led_red_off
 .text.bsp_led_red_toggle
                0x08028d84       0x14 ./BSP/radar_mcu4/src/radar_mcu4_bsp.o
                0x08028d84                bsp_led_red_toggle
 .text.com_init
                0x08028d98        0x4 ./BSP/radar_mcu4/src/stream_interface_usb.o
                0x08028d98                com_init
 .text.com_send_data
                0x08028d9c        0x4 ./BSP/radar_mcu4/src/stream_interface_usb.o
                0x08028d9c                com_send_data
 .text.com_get_data
                0x08028da0       0x20 ./BSP/radar_mcu4/src/stream_interface_usb.o
                0x08028da0                com_get_data
 .text.com_flush
                0x08028dc0        0xc ./BSP/radar_mcu4/src/stream_interface_usb.o
                0x08028dc0                com_flush
 .text.I2C_MASTER_Init
                0x08028dcc       0x14 ./BSP/dave_fixes/I2C_MASTER/i2c_master.o
                0x08028dcc                I2C_MASTER_Init
 .text.I2C_MASTER_Transmit
                0x08028de0      0x20c ./BSP/dave_fixes/I2C_MASTER/i2c_master.o
                0x08028de0                I2C_MASTER_Transmit
 .text.I2C_MASTER_Receive
                0x08028fec      0x194 ./BSP/dave_fixes/I2C_MASTER/i2c_master.o
                0x08028fec                I2C_MASTER_Receive
 .text.I2C_MASTER_EEPROM_disable_io
                0x08029180       0x20 ./BSP/dave_fixes/I2C_MASTER/i2c_master_conf.o
 .text.I2C_MASTER_EEPROM_enable_io
                0x080291a0       0x20 ./BSP/dave_fixes/I2C_MASTER/i2c_master_conf.o
 .text.I2C_MASTER_EEPROM_init
                0x080291c0       0x7c ./BSP/dave_fixes/I2C_MASTER/i2c_master_conf.o
                0x080291c0                I2C_MASTER_EEPROM_init
 .text.helper_switch_pwm_on.isra.10
                0x0802923c       0x6c ./BSP/Sense2GoLPulse/src/sense2gol_bsp.o
 .text.bsp_update
                0x080292a8      0x420 ./BSP/Sense2GoLPulse/src/sense2gol_bsp.o
                0x080292a8                bsp_update
 .text.bsp_init
                0x080296c8       0x5c ./BSP/Sense2GoLPulse/src/sense2gol_bsp.o
                0x080296c8                bsp_init
 .text.CCU80_3_IRQHandler
                0x08029724       0x60 ./BSP/Sense2GoLPulse/src/sense2gol_bsp.o
                0x08029724                CCU80_3_IRQHandler
 .text.CCU43_0_IRQHandler
                0x08029784       0x40 ./BSP/Sense2GoLPulse/src/sense2gol_bsp.o
                0x08029784                CCU43_0_IRQHandler
 .text.CCU43_2_IRQHandler
                0x080297c4       0x64 ./BSP/Sense2GoLPulse/src/sense2gol_bsp.o
                0x080297c4                CCU43_2_IRQHandler
 .text.bsp_bgt_shut_down
                0x08029828        0xc ./BSP/Sense2GoLPulse/src/sense2gol_bsp.o
                0x08029828                bsp_bgt_shut_down
 .text.bsp_timer_stop_clear
                0x08029834       0x18 ./BSP/Sense2GoLPulse/src/sense2gol_bsp.o
                0x08029834                bsp_timer_stop_clear
 .text.bsp_timer_start
                0x0802984c        0x4 ./BSP/Sense2GoLPulse/src/sense2gol_bsp.o
                0x0802984c                bsp_timer_start
 .text.bsp_dma_set_adc_control_from_acq_buf_obj
                0x08029850      0x124 ./BSP/Sense2GoLPulse/src/sense2gol_bsp.o
                0x08029850                bsp_dma_set_adc_control_from_acq_buf_obj
 .text.bsp_trigger_new_frame
                0x08029974       0xd8 ./BSP/Sense2GoLPulse/src/sense2gol_bsp.o
                0x08029974                bsp_trigger_new_frame
 .text.DMA_Event_Handler
                0x08029a4c      0x320 ./BSP/Sense2GoLPulse/src/sense2gol_bsp.o
                0x08029a4c                DMA_Event_Handler
 .text.CCU43_1_IRQHandler
                0x08029d6c       0xe8 ./BSP/Sense2GoLPulse/src/sense2gol_bsp.o
                0x08029d6c                CCU43_1_IRQHandler
 .text.CCU41_1_IRQHandler
                0x08029e54      0x218 ./BSP/Sense2GoLPulse/src/sense2gol_bsp.o
                0x08029e54                CCU41_1_IRQHandler
 .text.bsp_reset_frame_counter
                0x0802a06c        0xc ./BSP/Sense2GoLPulse/src/sense2gol_bsp.o
                0x0802a06c                bsp_reset_frame_counter
 .text.bsp_register_callback
                0x0802a078       0x24 ./BSP/Sense2GoLPulse/src/sense2gol_bsp.o
                0x0802a078                bsp_register_callback
 .text.bsp_start_frame_intervall_timer
                0x0802a09c       0x1c ./BSP/Sense2GoLPulse/src/sense2gol_bsp.o
                0x0802a09c                bsp_start_frame_intervall_timer
 .text.bsp_calc_min_frame_interval_usec
                0x0802a0b8       0x24 ./BSP/Sense2GoLPulse/src/sense2gol_bsp.o
                0x0802a0b8                bsp_calc_min_frame_interval_usec
 .text.bsp_set_ptat_switch_status
                0x0802a0dc       0x14 ./BSP/Sense2GoLPulse/src/sense2gol_bsp.o
                0x0802a0dc                bsp_set_ptat_switch_status
 .text.bsp_usb_init
                0x0802a0f0       0x28 ./BSP/Sense2GoLPulse/src/sense2gol_usb.o
                0x0802a0f0                bsp_usb_init
 .text.app_data_acq_started_cb
                0x0802a118       0x10 ./Application/src/application.o
                0x0802a118                app_data_acq_started_cb
 .text.system_reset
                0x0802a128        0x4 ./Application/src/application.o
                0x0802a128                system_reset
 .text.app_data_acq_done_cb
                0x0802a12c       0x10 ./Application/src/application.o
                0x0802a12c                app_data_acq_done_cb
 .text.app_init
                0x0802a13c      0x128 ./Application/src/application.o
                0x0802a13c                app_init
 .text.app_register_algo_process
                0x0802a264        0xc ./Application/src/application.o
                0x0802a264                app_register_algo_process
 .text.calcCurrentConsumption_mA
                0x0802a270      0x194 ./Application/src/application.o
                0x0802a270                calcCurrentConsumption_mA
 .text.CCU43_3_IRQHandler
                0x0802a404       0x14 ./Application/src/application.o
                0x0802a404                CCU43_3_IRQHandler
 .text.app_reset_protocol
                0x0802a418       0x14 ./Application/src/application.o
                0x0802a418                app_reset_protocol
 .text.update_leds
                0x0802a42c       0xac ./Application/src/application.o
                0x0802a42c                update_leds
 .text.app_process
                0x0802a4d8      0x190 ./Application/src/application.o
                0x0802a4d8                app_process
 .text.doppler_calc_speed
                0x0802a668      0x1c0 ./Algorithms/src/doppler.o
                0x0802a668                doppler_calc_speed
 .text.doppler_do
                0x0802a828      0x108 ./Algorithms/src/doppler.o
                0x0802a828                doppler_do
 .text.startup.main
                0x0802a930       0x20 ./main.o
                0x0802a930                main
 .text.acq_completed_cb
                0x0802a950        0x4 ./main.o
                0x0802a950                acq_completed_cb
 .text.algo_completed_cb
                0x0802a954        0x4 ./main.o
                0x0802a954                algo_completed_cb
 .text.ceilf    0x0802a958       0xb4 c:/infineon/tools/dave ide/4.5.0.202105191637/eclipse/arm-gcc-49/bin/../lib/gcc/arm-none-eabi/4.9.3/../../../../arm-none-eabi/lib/armv7e-m/softfp\libm.a(lib_a-sf_ceil.o)
                0x0802a958                ceilf
 .text.acosf    0x0802aa0c       0xa4 c:/infineon/tools/dave ide/4.5.0.202105191637/eclipse/arm-gcc-49/bin/../lib/gcc/arm-none-eabi/4.9.3/../../../../arm-none-eabi/lib/armv7e-m/softfp\libm.a(lib_a-wf_acos.o)
                0x0802aa0c                acosf
 .text.acoshf   0x0802aab0       0xb0 c:/infineon/tools/dave ide/4.5.0.202105191637/eclipse/arm-gcc-49/bin/../lib/gcc/arm-none-eabi/4.9.3/../../../../arm-none-eabi/lib/armv7e-m/softfp\libm.a(lib_a-wf_acosh.o)
                0x0802aab0                acoshf
 .text.coshf    0x0802ab60       0xb0 c:/infineon/tools/dave ide/4.5.0.202105191637/eclipse/arm-gcc-49/bin/../lib/gcc/arm-none-eabi/4.9.3/../../../../arm-none-eabi/lib/armv7e-m/softfp\libm.a(lib_a-wf_cosh.o)
                0x0802ab60                coshf
 .text.powf     0x0802ac10      0x328 c:/infineon/tools/dave ide/4.5.0.202105191637/eclipse/arm-gcc-49/bin/../lib/gcc/arm-none-eabi/4.9.3/../../../../arm-none-eabi/lib/armv7e-m/softfp\libm.a(lib_a-wf_pow.o)
                0x0802ac10                powf
 .text.sqrtf    0x0802af38       0xb0 c:/infineon/tools/dave ide/4.5.0.202105191637/eclipse/arm-gcc-49/bin/../lib/gcc/arm-none-eabi/4.9.3/../../../../arm-none-eabi/lib/armv7e-m/softfp\libm.a(lib_a-wf_sqrt.o)
                0x0802af38                sqrtf
 .text.__ieee754_acosf
                0x0802afe8      0x254 c:/infineon/tools/dave ide/4.5.0.202105191637/eclipse/arm-gcc-49/bin/../lib/gcc/arm-none-eabi/4.9.3/../../../../arm-none-eabi/lib/armv7e-m/softfp\libm.a(lib_a-ef_acos.o)
                0x0802afe8                __ieee754_acosf
 .text.__ieee754_acoshf
                0x0802b23c       0xd4 c:/infineon/tools/dave ide/4.5.0.202105191637/eclipse/arm-gcc-49/bin/../lib/gcc/arm-none-eabi/4.9.3/../../../../arm-none-eabi/lib/armv7e-m/softfp\libm.a(lib_a-ef_acosh.o)
                0x0802b23c                __ieee754_acoshf
 .text.__ieee754_coshf
                0x0802b310       0xf4 c:/infineon/tools/dave ide/4.5.0.202105191637/eclipse/arm-gcc-49/bin/../lib/gcc/arm-none-eabi/4.9.3/../../../../arm-none-eabi/lib/armv7e-m/softfp\libm.a(lib_a-ef_cosh.o)
                0x0802b310                __ieee754_coshf
 .text.__ieee754_expf
                0x0802b404      0x1c4 c:/infineon/tools/dave ide/4.5.0.202105191637/eclipse/arm-gcc-49/bin/../lib/gcc/arm-none-eabi/4.9.3/../../../../arm-none-eabi/lib/armv7e-m/softfp\libm.a(lib_a-ef_exp.o)
                0x0802b404                __ieee754_expf
 .text.__ieee754_logf
                0x0802b5c8      0x228 c:/infineon/tools/dave ide/4.5.0.202105191637/eclipse/arm-gcc-49/bin/../lib/gcc/arm-none-eabi/4.9.3/../../../../arm-none-eabi/lib/armv7e-m/softfp\libm.a(lib_a-ef_log.o)
                0x0802b5c8                __ieee754_logf
 .text.__ieee754_powf
                0x0802b7f0      0x60c c:/infineon/tools/dave ide/4.5.0.202105191637/eclipse/arm-gcc-49/bin/../lib/gcc/arm-none-eabi/4.9.3/../../../../arm-none-eabi/lib/armv7e-m/softfp\libm.a(lib_a-ef_pow.o)
                0x0802b7f0                __ieee754_powf
 .text.__ieee754_sqrtf
                0x0802bdfc       0xac c:/infineon/tools/dave ide/4.5.0.202105191637/eclipse/arm-gcc-49/bin/../lib/gcc/arm-none-eabi/4.9.3/../../../../arm-none-eabi/lib/armv7e-m/softfp\libm.a(lib_a-ef_sqrt.o)
                0x0802bdfc                __ieee754_sqrtf
 .text.matherr  0x0802bea8        0x4 c:/infineon/tools/dave ide/4.5.0.202105191637/eclipse/arm-gcc-49/bin/../lib/gcc/arm-none-eabi/4.9.3/../../../../arm-none-eabi/lib/armv7e-m/softfp\libm.a(lib_a-s_matherr.o)
                0x0802bea8                matherr
 .text.nan      0x0802beac        0xc c:/infineon/tools/dave ide/4.5.0.202105191637/eclipse/arm-gcc-49/bin/../lib/gcc/arm-none-eabi/4.9.3/../../../../arm-none-eabi/lib/armv7e-m/softfp\libm.a(lib_a-s_nan.o)
                0x0802beac                nan
 .text.rint     0x0802beb8      0x118 c:/infineon/tools/dave ide/4.5.0.202105191637/eclipse/arm-gcc-49/bin/../lib/gcc/arm-none-eabi/4.9.3/../../../../arm-none-eabi/lib/armv7e-m/softfp\libm.a(lib_a-s_rint.o)
                0x0802beb8                rint
 .text.expm1f   0x0802bfd0      0x288 c:/infineon/tools/dave ide/4.5.0.202105191637/eclipse/arm-gcc-49/bin/../lib/gcc/arm-none-eabi/4.9.3/../../../../arm-none-eabi/lib/armv7e-m/softfp\libm.a(lib_a-sf_expm1.o)
                0x0802bfd0                expm1f
 .text.fabsf    0x0802c258        0x8 c:/infineon/tools/dave ide/4.5.0.202105191637/eclipse/arm-gcc-49/bin/../lib/gcc/arm-none-eabi/4.9.3/../../../../arm-none-eabi/lib/armv7e-m/softfp\libm.a(lib_a-sf_fabs.o)
                0x0802c258                fabsf
 .text.finitef  0x0802c260       0x10 c:/infineon/tools/dave ide/4.5.0.202105191637/eclipse/arm-gcc-49/bin/../lib/gcc/arm-none-eabi/4.9.3/../../../../arm-none-eabi/lib/armv7e-m/softfp\libm.a(lib_a-sf_finite.o)
                0x0802c260                finitef
 .text.__fpclassifyf
                0x0802c270       0x34 c:/infineon/tools/dave ide/4.5.0.202105191637/eclipse/arm-gcc-49/bin/../lib/gcc/arm-none-eabi/4.9.3/../../../../arm-none-eabi/lib/armv7e-m/softfp\libm.a(lib_a-sf_fpclassify.o)
                0x0802c270                __fpclassifyf
 .text.log1pf   0x0802c2a4      0x240 c:/infineon/tools/dave ide/4.5.0.202105191637/eclipse/arm-gcc-49/bin/../lib/gcc/arm-none-eabi/4.9.3/../../../../arm-none-eabi/lib/armv7e-m/softfp\libm.a(lib_a-sf_log1p.o)
                0x0802c2a4                log1pf
 .text.nanf     0x0802c4e4        0x8 c:/infineon/tools/dave ide/4.5.0.202105191637/eclipse/arm-gcc-49/bin/../lib/gcc/arm-none-eabi/4.9.3/../../../../arm-none-eabi/lib/armv7e-m/softfp\libm.a(lib_a-sf_nan.o)
                0x0802c4e4                nanf
 .text.scalbnf  0x0802c4ec      0x100 c:/infineon/tools/dave ide/4.5.0.202105191637/eclipse/arm-gcc-49/bin/../lib/gcc/arm-none-eabi/4.9.3/../../../../arm-none-eabi/lib/armv7e-m/softfp\libm.a(lib_a-sf_scalbn.o)
                0x0802c4ec                scalbnf
 .text.copysignf
                0x0802c5ec        0xc c:/infineon/tools/dave ide/4.5.0.202105191637/eclipse/arm-gcc-49/bin/../lib/gcc/arm-none-eabi/4.9.3/../../../../arm-none-eabi/lib/armv7e-m/softfp\libm.a(lib_a-sf_copysign.o)
                0x0802c5ec                copysignf
 .text          0x0802c5f8      0x370 c:/infineon/tools/dave ide/4.5.0.202105191637/eclipse/arm-gcc-49/bin/../lib/gcc/arm-none-eabi/4.9.3/armv7e-m/softfp\libgcc.a(_arm_addsubdf3.o)
                0x0802c5f8                __aeabi_drsub
                0x0802c600                __aeabi_dsub
                0x0802c600                __subdf3
                0x0802c604                __aeabi_dadd
                0x0802c604                __adddf3
                0x0802c87c                __floatunsidf
                0x0802c87c                __aeabi_ui2d
                0x0802c89c                __floatsidf
                0x0802c89c                __aeabi_i2d
                0x0802c8c0                __aeabi_f2d
                0x0802c8c0                __extendsfdf2
                0x0802c8fc                __floatundidf
                0x0802c8fc                __aeabi_ul2d
                0x0802c90c                __floatdidf
                0x0802c90c                __aeabi_l2d
 .text          0x0802c968      0x424 c:/infineon/tools/dave ide/4.5.0.202105191637/eclipse/arm-gcc-49/bin/../lib/gcc/arm-none-eabi/4.9.3/armv7e-m/softfp\libgcc.a(_arm_muldivdf3.o)
                0x0802c968                __aeabi_dmul
                0x0802c968                __muldf3
                0x0802cbbc                __divdf3
                0x0802cbbc                __aeabi_ddiv
 .text          0x0802cd8c      0x110 c:/infineon/tools/dave ide/4.5.0.202105191637/eclipse/arm-gcc-49/bin/../lib/gcc/arm-none-eabi/4.9.3/armv7e-m/softfp\libgcc.a(_arm_cmpdf2.o)
                0x0802cd8c                __gtdf2
                0x0802cd8c                __gedf2
                0x0802cd94                __ltdf2
                0x0802cd94                __ledf2
                0x0802cd9c                __nedf2
                0x0802cd9c                __eqdf2
                0x0802cd9c                __cmpdf2
                0x0802ce18                __aeabi_cdrcmple